******************************************************************************
                  TI ARM Linker PC v18.1.2                     
******************************************************************************
>> Linked Fri Nov  9 09:24:51 2018

OUTPUT FILE NAME:   <lab_9.out>
ENTRY POINT SYMBOL: "_c_int00_noargs"  address: 000060f9


MEMORY CONFIGURATION

         name            origin    length      used     unused   attr    fill
----------------------  --------  ---------  --------  --------  ----  --------
  FLASH                 00000000   00040000  000066f3  0003990d  R  X
  SRAM                  20000000   00008000  00000f76  0000708a  RW X


SEGMENT ALLOCATION MAP

run origin  load origin   length   init length attrs members
----------  ----------- ---------- ----------- ----- -------
00000000    00000000    000066f8   000066f8    r-x
  00000000    00000000    0000026c   0000026c    r-- .intvecs
  0000026c    0000026c    0000618c   0000618c    r-x .text
  000063f8    000063f8    000002a3   000002a3    r-- .const
  000066a0    000066a0    00000058   00000058    r-- .cinit
20000000    20000000    00000f7d   00000000    rw-
  20000000    20000000    0000026c   00000000    rw- .vtable
  20000270    20000270    00000800   00000000    rw- .stack
  20000a70    20000a70    00000400   00000000    rw- .sysmem
  20000e70    20000e70    000000b5   00000000    rw- .bss
  20000f28    20000f28    00000055   00000000    rw- .data


SECTION ALLOCATION MAP

 output                                  attributes/
section   page    origin      length       input sections
--------  ----  ----------  ----------   ----------------
.intvecs   0    00000000    0000026c     
                  00000000    0000026c     tm4c1236h6pm_startup_ccs.obj (.intvecs)

.text      0    0000026c    0000618c     
                  0000026c    00000a88     open_interface.obj (.text)
                  00000cf4    00000a5e     rtsv7M4_T_le_v4SPD16_eabi.lib : _printfi.c.obj (.text:__TI_printfi)
                  00001752    00000002                                   : _lock.c.obj (.text:_nop)
                  00001754    000009c0                                   : e_pow.c.obj (.text:pow)
                  00002114    00000738                                   : k_rem_pio2.c.obj (.text:__kernel_rem_pio2)
                  0000284c    00000660     main.obj (.text)
                  00002eac    000005dc     rtsv7M4_T_le_v4SPD16_eabi.lib : s_cos.c.obj (.text:cos)
                  00003488    000004c8     uart.obj (.text)
                  00003950    000004a0     servo.obj (.text)
                  00003df0    000002ec     lcd.obj (.text)
                  000040dc    00000270     rtsv7M4_T_le_v4SPD16_eabi.lib : _printfi.c.obj (.text:_pconv_a)
                  0000434c    00000224     ultrasonic.obj (.text)
                  00004570    000001d0     rtsv7M4_T_le_v4SPD16_eabi.lib : _printfi.c.obj (.text:_pconv_g)
                  00004740    000001b6                                   : fd_add_t2.asm.obj (.text)
                  000048f6    00000002                                   : div0.asm.obj (.text)
                  000048f8    00000174                                   : k_sin.c.obj (.text:__kernel_sin)
                  00004a6c    0000016c                                   : k_cos.c.obj (.text:__kernel_cos)
                  00004bd8    0000015c     libcybotUART.lib : uart.obj (.text)
                  00004d34    00000158     Timer.obj (.text)
                  00004e8c    00000158     rtsv7M4_T_le_v4SPD16_eabi.lib : e_sqrt.c.obj (.text:sqrt)
                  00004fe4    0000013c                                   : _printfi.c.obj (.text:_pconv_e)
                  00005120    00000136                                   : fd_div_t2.asm.obj (.text)
                  00005256    00000002     --HOLE-- [fill = 0]
                  00005258    00000120                                   : _printfi.c.obj (.text:fcvt)
                  00005378    00000110                                   : s_scalbn.c.obj (.text:scalbn)
                  00005488    00000104     button.obj (.text)
                  0000558c    000000fc     rtsv7M4_T_le_v4SPD16_eabi.lib : fd_mul_t2.asm.obj (.text)
                  00005688    000000f8                                   : s_floor.c.obj (.text:floor)
                  00005780    000000d8                                   : memory.c.obj (.text:free)
                  00005858    000000b1                                   : _printfi.c.obj (.text:_ltostr)
                  00005909    00000001     --HOLE-- [fill = 0]
                  0000590a    0000009c                                   : memcpy_t2.asm.obj (.text)
                  000059a6    00000096                                   : ull_div_t2.asm.obj (.text)
                  00005a3c    00000086                                   : fd_cmp_t2.asm.obj (.text:__aeabi_cdcmple)
                  00005ac2    00000086                                   : fd_cmp_t2.asm.obj (.text:__aeabi_cdrcmple)
                  00005b48    0000007a                                   : memset_t2.asm.obj (.text)
                  00005bc2    00000002     --HOLE-- [fill = 0]
                  00005bc4    00000078                                   : memory.c.obj (.text:malloc)
                  00005c3c    0000006e                                   : _printfi.c.obj (.text:_mcpy)
                  00005caa    0000006e                                   : fd_tos_t2.asm.obj (.text)
                  00005d18    00000068                                   : copy_decompress_lzss.c.obj (.text:decompress:lzss:__TI_decompress_lzss)
                  00005d80    00000064                                   : s_frexp.c.obj (.text:frexp)
                  00005de4    00000056                                   : _printfi.c.obj (.text:_pconv_f)
                  00005e3a    00000054                                   : ltoa.c.obj (.text:ltoa)
                  00005e8e    00000052                                   : _printfi.c.obj (.text:_ecpy)
                  00005ee0    0000004c                                   : atoi.c.obj (.text:atoi)
                  00005f2c    00000048                                   : fd_toi_t2.asm.obj (.text)
                  00005f74    00000044                                   : autoinit.c.obj (.text:__TI_auto_init_nobinit_nopinit:__TI_auto_init_nobinit_nopinit)
                  00005fb8    00000044                                   : fd_tou_t2.asm.obj (.text)
                  00005ffc    00000040                                   : sprintf.c.obj (.text:sprintf)
                  0000603c    00000040                                   : vsnprintf.c.obj (.text:vsnprintf)
                  0000607c    0000003e                                   : _printfi.c.obj (.text:_fcpy)
                  000060ba    00000002     --HOLE-- [fill = 0]
                  000060bc    0000003c                                   : memory.c.obj (.text:minsert)
                  000060f8    00000038                                   : boot_cortex_m.c.obj (.text:_c_int00_noargs:_c_int00_noargs)
                  00006130    00000038                                   : memory.c.obj (.text:minit)
                  00006168    00000038                                   : fs_tod_t2.asm.obj (.text)
                  000061a0    00000034     driverlib.lib : interrupt.obj (.text:IntRegister)
                  000061d4    00000030     rtsv7M4_T_le_v4SPD16_eabi.lib : vsnprintf.c.obj (.text:_outs)
                  00006204    0000002e                                   : i_tofd_t2.asm.obj (.text)
                  00006232    0000002a                                   : memory.c.obj (.text:calloc)
                  0000625c    00000028                                   : memory.c.obj (.text:mremove)
                  00006284    00000020                                   : u_tofd_t2.asm.obj (.text)
                  000062a4    0000001c                                   : memccpy.c.obj (.text:memccpy)
                  000062c0    00000018                                   : vsnprintf.c.obj (.text:_outc)
                  000062d8    00000018                                   : sprintf.c.obj (.text:_outs)
                  000062f0    00000018     open_interface.obj (.text:oi_parseInt)
                  00006308    00000018     rtsv7M4_T_le_v4SPD16_eabi.lib : strcmp.c.obj (.text:strcmp)
                  00006320    00000016                                   : strchr.c.obj (.text:strchr)
                  00006336    00000014                                   : s_copysign.c.obj (.text:copysign)
                  0000634a    00000014                                   : strcpy.c.obj (.text:strcpy)
                  0000635e    00000014                                   : strlen.c.obj (.text:strlen)
                  00006372    00000012                                   : copy_zero_init.c.obj (.text:decompress:ZI:__TI_zero_init_nomemset:__TI_zero_init_nomemset)
                  00006384    00000012                                   : wcslen.c.obj (.text:wcslen)
                  00006396    00000010     driverlib.lib : interrupt.obj (.text:IntMasterEnable)
                  000063a6    00000010     lcd.obj (.text:lcd_clear)
                  000063b6    0000000e     rtsv7M4_T_le_v4SPD16_eabi.lib : copy_decompress_none.c.obj (.text:decompress:none:__TI_decompress_none)
                  000063c4    0000000c     driverlib.lib : cpu.obj (.text:CPUcpsie)
                  000063d0    0000000c     tm4c1236h6pm_startup_ccs.obj (.text)
                  000063dc    0000000a     rtsv7M4_T_le_v4SPD16_eabi.lib : sprintf.c.obj (.text:_outc)
                  000063e6    00000002     --HOLE-- [fill = 0]
                  000063e8    00000008                                   : errno.c.obj (.text:__aeabi_errno_addr)
                  000063f0    00000004                                   : pre_init.c.obj (.text:_system_pre_init)
                  000063f4    00000004                                   : exit.c.obj (.text:abort:abort)

.const     0    000063f8    000002a3     
                  000063f8    00000158     rtsv7M4_T_le_v4SPD16_eabi.lib : k_rem_pio2.c.obj (.const:$O1$$)
                  00006550    00000101                                   : ctype.c.obj (.const:.string:_ctypes_)
                  00006651    00000004     lcd.obj (.const:.string:lineAddress$1)
                  00006655    00000003     --HOLE-- [fill = 0]
                  00006658    00000030     rtsv7M4_T_le_v4SPD16_eabi.lib : e_pow.c.obj (.const:$O1$$)
                  00006688    0000000f     open_interface.obj (.const:.string:$P$T0$3)
                  00006697    00000004     lcd.obj (.const:.string:lineAddresses$2)

.cinit     0    000066a0    00000058     
                  000066a0    00000021     (.cinit..data.load) [load image, compression = lzss]
                  000066c1    00000003     --HOLE-- [fill = 0]
                  000066c4    0000000c     (__TI_handler_table)
                  000066d0    00000008     (.cinit..bss.load) [load image, compression = zero_init]
                  000066d8    00000008     (.cinit..vtable.load) [load image, compression = zero_init]
                  000066e0    00000018     (__TI_cinit_table)

.init_array 
*          0    00000000    00000000     UNINITIALIZED

.vtable    0    20000000    0000026c     UNINITIALIZED
                  20000000    0000026c     driverlib.lib : interrupt.obj (.vtable)

.stack     0    20000270    00000800     UNINITIALIZED
                  20000270    00000004     rtsv7M4_T_le_v4SPD16_eabi.lib : boot_cortex_m.c.obj (.stack)
                  20000274    000007fc     --HOLE--

.sysmem    0    20000a70    00000400     UNINITIALIZED
                  20000a70    00000008     rtsv7M4_T_le_v4SPD16_eabi.lib : memory.c.obj (.sysmem)
                  20000a78    000003f8     --HOLE--

.bss       0    20000e70    000000b5     UNINITIALIZED
                  20000e70    00000054     lcd.obj (.bss:lastbuffer$3)
                  20000ec4    00000034     (.common:isr_char_buffer)
                  20000ef8    00000018     open_interface.obj (.bss:firmware$2)
                  20000f10    00000014     (.common:in)
                  20000f24    00000001     (.common:_prevButton)

.data      0    20000f28    00000055     UNINITIALIZED
                  20000f28    00000014     ultrasonic.obj (.data)
                  20000f3c    00000010     open_interface.obj (.data)
                  20000f4c    0000000c     rtsv7M4_T_le_v4SPD16_eabi.lib : memory.c.obj (.data:$O1$$)
                  20000f58    00000008                                   : _lock.c.obj (.data:$O1$$)
                  20000f60    00000008     servo.obj (.data)
                  20000f68    00000008     uart.obj (.data)
                  20000f70    00000004     libcybotUART.lib : uart.obj (.data)
                  20000f74    00000004     main.obj (.data)
                  20000f78    00000004     rtsv7M4_T_le_v4SPD16_eabi.lib : errno.c.obj (.data)
                  20000f7c    00000001     button.obj (.data)

MODULE SUMMARY

       Module                         code    ro data   rw data
       ------                         ----    -------   -------
    .\
       open_interface.obj             2720    15        40     
       main.obj                       1632    0         4      
       uart.obj                       1224    0         28     
       servo.obj                      1184    0         8      
       lcd.obj                        764     8         84     
       tm4c1236h6pm_startup_ccs.obj   12      620       0      
       ultrasonic.obj                 548     0         20     
       Timer.obj                      344     0         0      
       button.obj                     260     0         2      
    +--+------------------------------+-------+---------+---------+
       Total:                         8688    643       186    
                                                               
    ../libcybotUART.lib
       uart.obj                       348     0         56     
    +--+------------------------------+-------+---------+---------+
       Total:                         348     0         56     
                                                               
    C:/ti/TivaWare_C_Series-2.1.4.178/driverlib/ccs/Debug/driverlib.lib
       interrupt.obj                  68      0         620    
       cpu.obj                        12      0         0      
    +--+------------------------------+-------+---------+---------+
       Total:                         80      0         620    
                                                               
    C:\ti\ccsv8\tools\compiler\ti-cgt-arm_18.1.2.LTS\lib\rtsv7M4_T_le_v4SPD16_eabi.lib
       _printfi.c.obj                 4863    0         0      
       e_pow.c.obj                    2496    48        0      
       k_rem_pio2.c.obj               1848    344       0      
       s_cos.c.obj                    1500    0         0      
       memory.c.obj                   534     0         12     
       fd_add_t2.asm.obj              438     0         0      
       k_sin.c.obj                    372     0         0      
       k_cos.c.obj                    364     0         0      
       e_sqrt.c.obj                   344     0         0      
       fd_div_t2.asm.obj              310     0         0      
       s_scalbn.c.obj                 272     0         0      
       fd_cmp_t2.asm.obj              268     0         0      
       ctype.c.obj                    0       257       0      
       fd_mul_t2.asm.obj              252     0         0      
       s_floor.c.obj                  248     0         0      
       memcpy_t2.asm.obj              156     0         0      
       ull_div_t2.asm.obj             150     0         0      
       vsnprintf.c.obj                136     0         0      
       memset_t2.asm.obj              122     0         0      
       fd_tos_t2.asm.obj              110     0         0      
       copy_decompress_lzss.c.obj     104     0         0      
       s_frexp.c.obj                  100     0         0      
       sprintf.c.obj                  98      0         0      
       ltoa.c.obj                     84      0         0      
       atoi.c.obj                     76      0         0      
       fd_toi_t2.asm.obj              72      0         0      
       autoinit.c.obj                 68      0         0      
       fd_tou_t2.asm.obj              68      0         0      
       boot_cortex_m.c.obj            56      0         0      
       fs_tod_t2.asm.obj              56      0         0      
       i_tofd_t2.asm.obj              46      0         0      
       u_tofd_t2.asm.obj              32      0         0      
       memccpy.c.obj                  28      0         0      
       strcmp.c.obj                   24      0         0      
       strchr.c.obj                   22      0         0      
       s_copysign.c.obj               20      0         0      
       strcpy.c.obj                   20      0         0      
       strlen.c.obj                   20      0         0      
       copy_zero_init.c.obj           18      0         0      
       wcslen.c.obj                   18      0         0      
       copy_decompress_none.c.obj     14      0         0      
       errno.c.obj                    8       0         4      
       _lock.c.obj                    2       0         8      
       exit.c.obj                     4       0         0      
       pre_init.c.obj                 4       0         0      
       div0.asm.obj                   2       0         0      
    +--+------------------------------+-------+---------+---------+
       Total:                         15847   649       24     
                                                               
       Heap:                          0       0         1024   
       Stack:                         0       0         2048   
       Linker Generated:              0       85        0      
    +--+------------------------------+-------+---------+---------+
       Grand Total:                   24963   1377      3958   


LINKER GENERATED COPY TABLES

__TI_cinit_table @ 000066e0 records: 3, size/record: 8, table size: 24
	.data: load addr=000066a0, load size=00000021 bytes, run addr=20000f28, run size=00000055 bytes, compression=lzss
	.bss: load addr=000066d0, load size=00000008 bytes, run addr=20000e70, run size=000000b5 bytes, compression=zero_init
	.vtable: load addr=000066d8, load size=00000008 bytes, run addr=20000000, run size=0000026c bytes, compression=zero_init


LINKER GENERATED HANDLER TABLE

__TI_handler_table @ 000066c4 records: 3, size/record: 4, table size: 12
	index: 0, handler: __TI_zero_init
	index: 1, handler: __TI_decompress_lzss
	index: 2, handler: __TI_decompress_none


GLOBAL SYMBOLS: SORTED ALPHABETICALLY BY Name 

address   name                          
-------   ----                          
0000389d  ADC0SS0_Handler               
000063f5  C$$EXIT                       
000063c5  CPUcpsie                      
00000b65  GPIOF_Handler                 
00006397  IntMasterEnable               
000061a1  IntRegister                   
000063d1  ResetISR                      
000044c5  TIMER3B_Handler               
000038dd  UART1_Handler                 
20000a70  __STACK_END                   
00000800  __STACK_SIZE                  
20000470  __STACK_TOP                   
00000400  __SYSMEM_SIZE                 
000066e0  __TI_CINIT_Base               
000066f8  __TI_CINIT_Limit              
000066c4  __TI_Handler_Table_Base       
000066d0  __TI_Handler_Table_Limit      
00005f75  __TI_auto_init_nobinit_nopinit
00005d19  __TI_decompress_lzss          
000063b7  __TI_decompress_none          
ffffffff  __TI_pprof_out_hndl           
00000cf5  __TI_printfi                  
ffffffff  __TI_prof_data_size           
ffffffff  __TI_prof_data_start          
00000000  __TI_static_base__            
00006373  __TI_zero_init_nomemset       
00005a3d  __aeabi_cdcmpeq               
00005a3d  __aeabi_cdcmple               
00005ac3  __aeabi_cdrcmple              
00005cab  __aeabi_d2f                   
00005f2d  __aeabi_d2iz                  
00005fb9  __aeabi_d2uiz                 
0000474b  __aeabi_dadd                  
00005121  __aeabi_ddiv                  
0000558d  __aeabi_dmul                  
00004741  __aeabi_dsub                  
000063e9  __aeabi_errno_addr            
00006169  __aeabi_f2d                   
00006205  __aeabi_i2d                   
000048f7  __aeabi_idiv0                 
000048f7  __aeabi_ldiv0                 
00005b49  __aeabi_memclr                
00005b49  __aeabi_memclr4               
00005b49  __aeabi_memclr8               
0000590b  __aeabi_memcpy                
0000590b  __aeabi_memcpy4               
0000590b  __aeabi_memcpy8               
00005b4b  __aeabi_memset                
00005b4b  __aeabi_memset4               
00005b4b  __aeabi_memset8               
00006285  __aeabi_ui2d                  
000059a7  __aeabi_uldivmod              
ffffffff  __binit__                     
ffffffff  __c_args__                    
00004a6d  __kernel_cos                  
00002115  __kernel_rem_pio2             
000048f9  __kernel_sin                  
UNDEFED   __mpu_init                    
20000270  __stack                       
000060f9  _c_int00_noargs               
00006550  _ctypes_                      
20000f58  _lock                         
00001753  _nop                          
20000f24  _prevButton                   
20000a70  _sys_memory                   
UNDEFED   _system_post_cinit            
000063f1  _system_pre_init              
20000f5c  _unlock                       
000063f5  abort                         
00005ee1  atoi                          
ffffffff  binit                         
000054b5  button_checkButtons           
000054bf  button_getButton              
00005521  button_getButtonBlocking      
00005535  button_getButtonChange        
0000555f  button_getButtonChangeBlocking
00005489  button_init                   
000039df  calibrate                     
00006233  calloc                        
00006337  copysign                      
00006337  copysignl                     
00002ead  cos                           
00002ead  cosl                          
00004ce1  cyBot_UART1_Handler           
00004cc7  cyBot_getByte                 
00004bd9  cyBot_sendByte                
00004ca9  cyBot_uart_flush              
00004c17  cyBot_uart_init               
00004bff  cyBot_uart_sendBuffer         
00004be5  cyBot_uart_sendStr            
20000f6c  data                          
20000f78  errno                         
20000f2c  falling_time                  
20000f34  flag2                         
00005689  floor                         
00005689  floorl                        
00005781  free                          
00005d81  frexp                         
00005d81  frexpl                        
20000000  g_pfnRAMVectors               
00000000  g_pfnVectors                  
00000b7f  getDegrees                    
00003721  get_dist                      
00000921  go_charge                     
20000f10  in                            
20000f68  index                         
20000ec4  isr_char_buffer               
20000f70  isr_counter                   
20000f74  last_dist                     
000063a7  lcd_clear                     
00003f89  lcd_gotoLine                  
00003df1  lcd_init                      
00003fef  lcd_printf                    
00003eb1  lcd_putc                      
00003ee9  lcd_puts                      
00003f07  lcd_sendCommand               
00003f45  lcd_sendNibble                
00003fb1  lcd_setCursorPos              
00005379  ldexp                         
00005379  ldexpl                        
00005e3b  ltoa                          
0000284d  main                          
00005bc5  malloc                        
20000f60  max                           
000062a5  memccpy                       
0000590b  memcpy                        
00005b51  memset                        
20000f64  min                           
00006131  minit                         
00003c69  move_dumb_servo               
00003b11  move_manual                   
00003c91  move_servo                    
0000026d  oi_alloc                      
00000a4b  oi_checkFirmware              
000002c3  oi_close                      
00000279  oi_free                       
000002ad  oi_init                       
00000289  oi_init_noupdate              
000008b7  oi_loadSong                   
000062f1  oi_parseInt                   
00000327  oi_parsePacket                
0000090d  oi_play_song                  
00000831  oi_setLeds                    
00000875  oi_setWheels                  
00000af3  oi_shutoff_init               
0000092f  oi_uartInit                   
000009d3  oi_uartReceive                
00000a19  oi_uartSendBuff               
000009b7  oi_uartSendChar               
000009fb  oi_uartSendStr                
000002d5  oi_update                     
20000f38  overflow                      
00004423  ping_read                     
00001755  pow                           
00001755  powl                          
20000f28  rising_time                   
00005379  scalbn                        
00005379  scalbnl                       
000028f5  scan                          
000043dd  send_pulse                    
00003951  servo_init                    
00005ffd  sprintf                       
00004e8d  sqrt                          
00004e8d  sqrtl                         
00006321  strchr                        
00006309  strcmp                        
0000634b  strcpy                        
0000635f  strlen                        
000044a1  time2dist                     
00004e45  timer_getClock                
00004df9  timer_startClock              
00004d93  timer_startTimer              
00004e4b  timer_stopClock               
00004de3  timer_stopTimer               
00004d69  timer_waitMicros              
00004d35  timer_waitMillis              
00003489  uart_init                     
0000368f  uart_receive                  
000035e5  uart_sendChar                 
000036b9  uart_sendStr                  
0000434d  ultrasonic_init               
20000f30  update_flag                   
0000603d  vsnprintf                     
00006385  wcslen                        


GLOBAL SYMBOLS: SORTED BY Symbol Address 

address   name                          
-------   ----                          
00000000  __TI_static_base__            
00000000  g_pfnVectors                  
0000026d  oi_alloc                      
00000279  oi_free                       
00000289  oi_init_noupdate              
000002ad  oi_init                       
000002c3  oi_close                      
000002d5  oi_update                     
00000327  oi_parsePacket                
00000400  __SYSMEM_SIZE                 
00000800  __STACK_SIZE                  
00000831  oi_setLeds                    
00000875  oi_setWheels                  
000008b7  oi_loadSong                   
0000090d  oi_play_song                  
00000921  go_charge                     
0000092f  oi_uartInit                   
000009b7  oi_uartSendChar               
000009d3  oi_uartReceive                
000009fb  oi_uartSendStr                
00000a19  oi_uartSendBuff               
00000a4b  oi_checkFirmware              
00000af3  oi_shutoff_init               
00000b65  GPIOF_Handler                 
00000b7f  getDegrees                    
00000cf5  __TI_printfi                  
00001753  _nop                          
00001755  pow                           
00001755  powl                          
00002115  __kernel_rem_pio2             
0000284d  main                          
000028f5  scan                          
00002ead  cos                           
00002ead  cosl                          
00003489  uart_init                     
000035e5  uart_sendChar                 
0000368f  uart_receive                  
000036b9  uart_sendStr                  
00003721  get_dist                      
0000389d  ADC0SS0_Handler               
000038dd  UART1_Handler                 
00003951  servo_init                    
000039df  calibrate                     
00003b11  move_manual                   
00003c69  move_dumb_servo               
00003c91  move_servo                    
00003df1  lcd_init                      
00003eb1  lcd_putc                      
00003ee9  lcd_puts                      
00003f07  lcd_sendCommand               
00003f45  lcd_sendNibble                
00003f89  lcd_gotoLine                  
00003fb1  lcd_setCursorPos              
00003fef  lcd_printf                    
0000434d  ultrasonic_init               
000043dd  send_pulse                    
00004423  ping_read                     
000044a1  time2dist                     
000044c5  TIMER3B_Handler               
00004741  __aeabi_dsub                  
0000474b  __aeabi_dadd                  
000048f7  __aeabi_idiv0                 
000048f7  __aeabi_ldiv0                 
000048f9  __kernel_sin                  
00004a6d  __kernel_cos                  
00004bd9  cyBot_sendByte                
00004be5  cyBot_uart_sendStr            
00004bff  cyBot_uart_sendBuffer         
00004c17  cyBot_uart_init               
00004ca9  cyBot_uart_flush              
00004cc7  cyBot_getByte                 
00004ce1  cyBot_UART1_Handler           
00004d35  timer_waitMillis              
00004d69  timer_waitMicros              
00004d93  timer_startTimer              
00004de3  timer_stopTimer               
00004df9  timer_startClock              
00004e45  timer_getClock                
00004e4b  timer_stopClock               
00004e8d  sqrt                          
00004e8d  sqrtl                         
00005121  __aeabi_ddiv                  
00005379  ldexp                         
00005379  ldexpl                        
00005379  scalbn                        
00005379  scalbnl                       
00005489  button_init                   
000054b5  button_checkButtons           
000054bf  button_getButton              
00005521  button_getButtonBlocking      
00005535  button_getButtonChange        
0000555f  button_getButtonChangeBlocking
0000558d  __aeabi_dmul                  
00005689  floor                         
00005689  floorl                        
00005781  free                          
0000590b  __aeabi_memcpy                
0000590b  __aeabi_memcpy4               
0000590b  __aeabi_memcpy8               
0000590b  memcpy                        
000059a7  __aeabi_uldivmod              
00005a3d  __aeabi_cdcmpeq               
00005a3d  __aeabi_cdcmple               
00005ac3  __aeabi_cdrcmple              
00005b49  __aeabi_memclr                
00005b49  __aeabi_memclr4               
00005b49  __aeabi_memclr8               
00005b4b  __aeabi_memset                
00005b4b  __aeabi_memset4               
00005b4b  __aeabi_memset8               
00005b51  memset                        
00005bc5  malloc                        
00005cab  __aeabi_d2f                   
00005d19  __TI_decompress_lzss          
00005d81  frexp                         
00005d81  frexpl                        
00005e3b  ltoa                          
00005ee1  atoi                          
00005f2d  __aeabi_d2iz                  
00005f75  __TI_auto_init_nobinit_nopinit
00005fb9  __aeabi_d2uiz                 
00005ffd  sprintf                       
0000603d  vsnprintf                     
000060f9  _c_int00_noargs               
00006131  minit                         
00006169  __aeabi_f2d                   
000061a1  IntRegister                   
00006205  __aeabi_i2d                   
00006233  calloc                        
00006285  __aeabi_ui2d                  
000062a5  memccpy                       
000062f1  oi_parseInt                   
00006309  strcmp                        
00006321  strchr                        
00006337  copysign                      
00006337  copysignl                     
0000634b  strcpy                        
0000635f  strlen                        
00006373  __TI_zero_init_nomemset       
00006385  wcslen                        
00006397  IntMasterEnable               
000063a7  lcd_clear                     
000063b7  __TI_decompress_none          
000063c5  CPUcpsie                      
000063d1  ResetISR                      
000063e9  __aeabi_errno_addr            
000063f1  _system_pre_init              
000063f5  C$$EXIT                       
000063f5  abort                         
00006550  _ctypes_                      
000066c4  __TI_Handler_Table_Base       
000066d0  __TI_Handler_Table_Limit      
000066e0  __TI_CINIT_Base               
000066f8  __TI_CINIT_Limit              
20000000  g_pfnRAMVectors               
20000270  __stack                       
20000470  __STACK_TOP                   
20000a70  __STACK_END                   
20000a70  _sys_memory                   
20000ec4  isr_char_buffer               
20000f10  in                            
20000f24  _prevButton                   
20000f28  rising_time                   
20000f2c  falling_time                  
20000f30  update_flag                   
20000f34  flag2                         
20000f38  overflow                      
20000f58  _lock                         
20000f5c  _unlock                       
20000f60  max                           
20000f64  min                           
20000f68  index                         
20000f6c  data                          
20000f70  isr_counter                   
20000f74  last_dist                     
20000f78  errno                         
ffffffff  __TI_pprof_out_hndl           
ffffffff  __TI_prof_data_size           
ffffffff  __TI_prof_data_start          
ffffffff  __binit__                     
ffffffff  __c_args__                    
ffffffff  binit                         
UNDEFED   __mpu_init                    
UNDEFED   _system_post_cinit            

[184 symbols]
