******************************************************************************
                  TI ARM Linker PC v18.1.2                     
******************************************************************************
>> Linked Tue Oct  9 11:47:44 2018

OUTPUT FILE NAME:   <lab_6.out>
ENTRY POINT SYMBOL: "_c_int00_noargs"  address: 00002905


MEMORY CONFIGURATION

         name            origin    length      used     unused   attr    fill
----------------------  --------  ---------  --------  --------  ----  --------
  FLASH                 00000000   00040000  00002c69  0003d397  R  X
  SRAM                  20000000   00008000  00000ee2  0000711e  RW X


SEGMENT ALLOCATION MAP

run origin  load origin   length   init length attrs members
----------  ----------- ---------- ----------- ----- -------
00000000    00000000    00002c70   00002c70    r-x
  00000000    00000000    0000026c   0000026c    r-- .intvecs
  0000026c    0000026c    000028b4   000028b4    r-x .text
  00002b20    00002b20    00000109   00000109    r-- .const
  00002c30    00002c30    00000040   00000040    r-- .cinit
20000000    20000000    00000ee9   00000000    rw-
  20000000    20000000    0000026c   00000000    rw- .vtable
  20000270    20000270    00000800   00000000    rw- .stack
  20000a70    20000a70    00000400   00000000    rw- .sysmem
  20000e70    20000e70    00000069   00000000    rw- .bss
  20000edc    20000edc    0000000d   00000000    rw- .data


SECTION ALLOCATION MAP

 output                                  attributes/
section   page    origin      length       input sections
--------  ----  ----------  ----------   ----------------
.intvecs   0    00000000    0000026c     
                  00000000    0000026c     tm4c1236h6pm_startup_ccs.obj (.intvecs)

.text      0    0000026c    000028b4     
                  0000026c    00000a5e     rtsv7M4_T_le_v4SPD16_eabi.lib : _printfi.c.obj (.text:__TI_printfi)
                  00000cca    00000002                                   : div0.asm.obj (.text)
                  00000ccc    00000330     uart.obj (.text)
                  00000ffc    000002ec     lcd.obj (.text)
                  000012e8    00000270     rtsv7M4_T_le_v4SPD16_eabi.lib : _printfi.c.obj (.text:_pconv_a)
                  00001558    000001d0                                   : _printfi.c.obj (.text:_pconv_g)
                  00001728    000001b6                                   : fd_add_t2.asm.obj (.text)
                  000018de    00000002     --HOLE-- [fill = 0]
                  000018e0    00000158     Timer.obj (.text)
                  00001a38    0000013c     rtsv7M4_T_le_v4SPD16_eabi.lib : _printfi.c.obj (.text:_pconv_e)
                  00001b74    00000136                                   : fd_div_t2.asm.obj (.text)
                  00001caa    00000002     --HOLE-- [fill = 0]
                  00001cac    00000120                                   : _printfi.c.obj (.text:fcvt)
                  00001dcc    00000110                                   : s_scalbn.c.obj (.text:scalbn)
                  00001edc    00000104     button.obj (.text)
                  00001fe0    000000fc     rtsv7M4_T_le_v4SPD16_eabi.lib : fd_mul_t2.asm.obj (.text)
                  000020dc    000000c0     main.obj (.text)
                  0000219c    000000b1     rtsv7M4_T_le_v4SPD16_eabi.lib : _printfi.c.obj (.text:_ltostr)
                  0000224d    00000001     --HOLE-- [fill = 0]
                  0000224e    0000009c                                   : memcpy_t2.asm.obj (.text)
                  000022ea    00000096                                   : ull_div_t2.asm.obj (.text)
                  00002380    00000086                                   : fd_cmp_t2.asm.obj (.text:__aeabi_cdcmple)
                  00002406    00000086                                   : fd_cmp_t2.asm.obj (.text:__aeabi_cdrcmple)
                  0000248c    0000007a                                   : memset_t2.asm.obj (.text)
                  00002506    0000006e                                   : _printfi.c.obj (.text:_mcpy)
                  00002574    0000006e                                   : fd_tos_t2.asm.obj (.text)
                  000025e2    00000068                                   : copy_decompress_lzss.c.obj (.text:decompress:lzss:__TI_decompress_lzss)
                  0000264a    00000002     --HOLE-- [fill = 0]
                  0000264c    00000064                                   : s_frexp.c.obj (.text:frexp)
                  000026b0    00000056                                   : _printfi.c.obj (.text:_pconv_f)
                  00002706    00000054                                   : ltoa.c.obj (.text:ltoa)
                  0000275a    00000052                                   : _printfi.c.obj (.text:_ecpy)
                  000027ac    0000004c                                   : atoi.c.obj (.text:atoi)
                  000027f8    00000048                                   : fd_toi_t2.asm.obj (.text)
                  00002840    00000044                                   : autoinit.c.obj (.text:__TI_auto_init_nobinit_nopinit:__TI_auto_init_nobinit_nopinit)
                  00002884    00000040                                   : vsnprintf.c.obj (.text:vsnprintf)
                  000028c4    0000003e                                   : _printfi.c.obj (.text:_fcpy)
                  00002902    00000002     --HOLE-- [fill = 0]
                  00002904    00000038                                   : boot_cortex_m.c.obj (.text:_c_int00_noargs:_c_int00_noargs)
                  0000293c    00000038                                   : fs_tod_t2.asm.obj (.text)
                  00002974    00000034     driverlib.lib : interrupt.obj (.text:IntRegister)
                  000029a8    00000030     rtsv7M4_T_le_v4SPD16_eabi.lib : vsnprintf.c.obj (.text:_outs)
                  000029d8    0000002e                                   : i_tofd_t2.asm.obj (.text)
                  00002a06    0000001c                                   : memccpy.c.obj (.text:memccpy)
                  00002a22    00000018                                   : vsnprintf.c.obj (.text:_outc)
                  00002a3a    00000018                                   : strcmp.c.obj (.text:strcmp)
                  00002a52    00000016                                   : strchr.c.obj (.text:strchr)
                  00002a68    00000014                                   : s_copysign.c.obj (.text:copysign)
                  00002a7c    00000014                                   : strcpy.c.obj (.text:strcpy)
                  00002a90    00000014                                   : strlen.c.obj (.text:strlen)
                  00002aa4    00000012                                   : copy_zero_init.c.obj (.text:decompress:ZI:__TI_zero_init_nomemset:__TI_zero_init_nomemset)
                  00002ab6    00000012                                   : wcslen.c.obj (.text:wcslen)
                  00002ac8    00000010     driverlib.lib : interrupt.obj (.text:IntMasterEnable)
                  00002ad8    00000010     lcd.obj (.text:lcd_clear)
                  00002ae8    0000000e     rtsv7M4_T_le_v4SPD16_eabi.lib : copy_decompress_none.c.obj (.text:decompress:none:__TI_decompress_none)
                  00002af6    0000000c     driverlib.lib : cpu.obj (.text:CPUcpsie)
                  00002b02    0000000c     tm4c1236h6pm_startup_ccs.obj (.text)
                  00002b0e    00000002     --HOLE-- [fill = 0]
                  00002b10    00000008     rtsv7M4_T_le_v4SPD16_eabi.lib : errno.c.obj (.text:__aeabi_errno_addr)
                  00002b18    00000004                                   : pre_init.c.obj (.text:_system_pre_init)
                  00002b1c    00000004                                   : exit.c.obj (.text:abort:abort)

.const     0    00002b20    00000109     
                  00002b20    00000101     rtsv7M4_T_le_v4SPD16_eabi.lib : ctype.c.obj (.const:.string:_ctypes_)
                  00002c21    00000004     lcd.obj (.const:.string:lineAddress$1)
                  00002c25    00000004     lcd.obj (.const:.string:lineAddresses$2)

.cinit     0    00002c30    00000040     
                  00002c30    0000000c     (__TI_handler_table)
                  00002c3c    00000004     --HOLE-- [fill = 0]
                  00002c40    00000008     (.cinit..bss.load) [load image, compression = zero_init]
                  00002c48    00000008     (.cinit..vtable.load) [load image, compression = zero_init]
                  00002c50    00000007     (.cinit..data.load) [load image, compression = lzss]
                  00002c57    00000001     --HOLE-- [fill = 0]
                  00002c58    00000018     (__TI_cinit_table)

.init_array 
*          0    00000000    00000000     UNINITIALIZED

.vtable    0    20000000    0000026c     UNINITIALIZED
                  20000000    0000026c     driverlib.lib : interrupt.obj (.vtable)

.stack     0    20000270    00000800     UNINITIALIZED
                  20000270    00000004     rtsv7M4_T_le_v4SPD16_eabi.lib : boot_cortex_m.c.obj (.stack)
                  20000274    000007fc     --HOLE--

.sysmem    0    20000a70    00000400     UNINITIALIZED
                  20000a70    00000008     rtsv7M4_T_le_v4SPD16_eabi.lib : memory.c.obj (.sysmem)
                  20000a78    000003f8     --HOLE--

.bss       0    20000e70    00000069     UNINITIALIZED
                  20000e70    00000054     lcd.obj (.bss:lastbuffer$3)
                  20000ec4    00000014     (.common:in)
                  20000ed8    00000001     (.common:_prevButton)

.data      0    20000edc    0000000d     UNINITIALIZED
                  20000edc    00000008     uart.obj (.data)
                  20000ee4    00000004     rtsv7M4_T_le_v4SPD16_eabi.lib : errno.c.obj (.data)
                  20000ee8    00000001     button.obj (.data)

MODULE SUMMARY

       Module                         code    ro data   rw data
       ------                         ----    -------   -------
    .\
       lcd.obj                        764     8         84     
       uart.obj                       816     0         28     
       tm4c1236h6pm_startup_ccs.obj   12      620       0      
       Timer.obj                      344     0         0      
       button.obj                     260     0         2      
       main.obj                       192     0         0      
    +--+------------------------------+-------+---------+---------+
       Total:                         2388    628       114    
                                                               
    C:/ti/TivaWare_C_Series-2.1.4.178/driverlib/ccs/Debug/driverlib.lib
       interrupt.obj                  68      0         620    
       cpu.obj                        12      0         0      
    +--+------------------------------+-------+---------+---------+
       Total:                         80      0         620    
                                                               
    C:\ti\ccsv8\tools\compiler\ti-cgt-arm_18.1.2.LTS\lib\rtsv7M4_T_le_v4SPD16_eabi.lib
       _printfi.c.obj                 4863    0         0      
       fd_add_t2.asm.obj              438     0         0      
       fd_div_t2.asm.obj              310     0         0      
       s_scalbn.c.obj                 272     0         0      
       fd_cmp_t2.asm.obj              268     0         0      
       ctype.c.obj                    0       257       0      
       fd_mul_t2.asm.obj              252     0         0      
       memcpy_t2.asm.obj              156     0         0      
       ull_div_t2.asm.obj             150     0         0      
       vsnprintf.c.obj                136     0         0      
       memset_t2.asm.obj              122     0         0      
       fd_tos_t2.asm.obj              110     0         0      
       copy_decompress_lzss.c.obj     104     0         0      
       s_frexp.c.obj                  100     0         0      
       ltoa.c.obj                     84      0         0      
       atoi.c.obj                     76      0         0      
       fd_toi_t2.asm.obj              72      0         0      
       autoinit.c.obj                 68      0         0      
       boot_cortex_m.c.obj            56      0         0      
       fs_tod_t2.asm.obj              56      0         0      
       i_tofd_t2.asm.obj              46      0         0      
       memccpy.c.obj                  28      0         0      
       strcmp.c.obj                   24      0         0      
       strchr.c.obj                   22      0         0      
       s_copysign.c.obj               20      0         0      
       strcpy.c.obj                   20      0         0      
       strlen.c.obj                   20      0         0      
       copy_zero_init.c.obj           18      0         0      
       wcslen.c.obj                   18      0         0      
       copy_decompress_none.c.obj     14      0         0      
       errno.c.obj                    8       0         4      
       exit.c.obj                     4       0         0      
       pre_init.c.obj                 4       0         0      
       div0.asm.obj                   2       0         0      
    +--+------------------------------+-------+---------+---------+
       Total:                         7941    257       4      
                                                               
       Heap:                          0       0         1024   
       Stack:                         0       0         2048   
       Linker Generated:              0       59        0      
    +--+------------------------------+-------+---------+---------+
       Grand Total:                   10409   944       3810   


LINKER GENERATED COPY TABLES

__TI_cinit_table @ 00002c58 records: 3, size/record: 8, table size: 24
	.bss: load addr=00002c40, load size=00000008 bytes, run addr=20000e70, run size=00000069 bytes, compression=zero_init
	.vtable: load addr=00002c48, load size=00000008 bytes, run addr=20000000, run size=0000026c bytes, compression=zero_init
	.data: load addr=00002c50, load size=00000007 bytes, run addr=20000edc, run size=0000000d bytes, compression=lzss


LINKER GENERATED HANDLER TABLE

__TI_handler_table @ 00002c30 records: 3, size/record: 4, table size: 12
	index: 0, handler: __TI_zero_init
	index: 1, handler: __TI_decompress_lzss
	index: 2, handler: __TI_decompress_none


GLOBAL SYMBOLS: SORTED ALPHABETICALLY BY Name 

address   name                          
-------   ----                          
00000f13  ADC0SS0_Handler               
00002b1d  C$$EXIT                       
00002af7  CPUcpsie                      
00002ac9  IntMasterEnable               
00002975  IntRegister                   
00002b03  ResetISR                      
00000f3b  UART1_Handler                 
20000a70  __STACK_END                   
00000800  __STACK_SIZE                  
20000470  __STACK_TOP                   
00000400  __SYSMEM_SIZE                 
00002c58  __TI_CINIT_Base               
00002c70  __TI_CINIT_Limit              
00002c30  __TI_Handler_Table_Base       
00002c3c  __TI_Handler_Table_Limit      
00002841  __TI_auto_init_nobinit_nopinit
000025e3  __TI_decompress_lzss          
00002ae9  __TI_decompress_none          
ffffffff  __TI_pprof_out_hndl           
0000026d  __TI_printfi                  
ffffffff  __TI_prof_data_size           
ffffffff  __TI_prof_data_start          
00000000  __TI_static_base__            
00002aa5  __TI_zero_init_nomemset       
00002381  __aeabi_cdcmpeq               
00002381  __aeabi_cdcmple               
00002407  __aeabi_cdrcmple              
00002575  __aeabi_d2f                   
000027f9  __aeabi_d2iz                  
00001733  __aeabi_dadd                  
00001b75  __aeabi_ddiv                  
00001fe1  __aeabi_dmul                  
00001729  __aeabi_dsub                  
00002b11  __aeabi_errno_addr            
0000293d  __aeabi_f2d                   
000029d9  __aeabi_i2d                   
00000ccb  __aeabi_idiv0                 
00000ccb  __aeabi_ldiv0                 
0000248d  __aeabi_memclr                
0000248d  __aeabi_memclr4               
0000248d  __aeabi_memclr8               
0000224f  __aeabi_memcpy                
0000224f  __aeabi_memcpy4               
0000224f  __aeabi_memcpy8               
0000248f  __aeabi_memset                
0000248f  __aeabi_memset4               
0000248f  __aeabi_memset8               
000022eb  __aeabi_uldivmod              
ffffffff  __binit__                     
ffffffff  __c_args__                    
UNDEFED   __mpu_init                    
20000270  __stack                       
00002905  _c_int00_noargs               
00002b20  _ctypes_                      
20000ed8  _prevButton                   
20000a70  _sys_memory                   
UNDEFED   _system_post_cinit            
00002b19  _system_pre_init              
00002b1d  abort                         
000027ad  atoi                          
ffffffff  binit                         
00001f09  button_checkButtons           
00001f13  button_getButton              
00001f75  button_getButtonBlocking      
00001f89  button_getButtonChange        
00001fb3  button_getButtonChangeBlocking
00001edd  button_init                   
00002a69  copysign                      
00002a69  copysignl                     
20000ee0  data                          
20000ee4  errno                         
0000264d  frexp                         
0000264d  frexpl                        
20000000  g_pfnRAMVectors               
00000000  g_pfnVectors                  
00000eef  get_dist                      
20000ec4  in                            
20000edc  index                         
00002ad9  lcd_clear                     
00001195  lcd_gotoLine                  
00000ffd  lcd_init                      
000011fb  lcd_printf                    
000010bd  lcd_putc                      
000010f5  lcd_puts                      
00001113  lcd_sendCommand               
00001151  lcd_sendNibble                
000011bd  lcd_setCursorPos              
00001dcd  ldexp                         
00001dcd  ldexpl                        
00002707  ltoa                          
000020dd  main                          
00002a07  memccpy                       
0000224f  memcpy                        
00002495  memset                        
00001dcd  scalbn                        
00001dcd  scalbnl                       
00002a53  strchr                        
00002a3b  strcmp                        
00002a7d  strcpy                        
00002a91  strlen                        
000019f1  timer_getClock                
000019a5  timer_startClock              
0000193f  timer_startTimer              
000019f7  timer_stopClock               
0000198f  timer_stopTimer               
00001915  timer_waitMicros              
000018e1  timer_waitMillis              
00000ccd  uart_init                     
00000e9f  uart_receive                  
00000deb  uart_sendChar                 
00000ec9  uart_sendStr                  
00002885  vsnprintf                     
00002ab7  wcslen                        


GLOBAL SYMBOLS: SORTED BY Symbol Address 

address   name                          
-------   ----                          
00000000  __TI_static_base__            
00000000  g_pfnVectors                  
0000026d  __TI_printfi                  
00000400  __SYSMEM_SIZE                 
00000800  __STACK_SIZE                  
00000ccb  __aeabi_idiv0                 
00000ccb  __aeabi_ldiv0                 
00000ccd  uart_init                     
00000deb  uart_sendChar                 
00000e9f  uart_receive                  
00000ec9  uart_sendStr                  
00000eef  get_dist                      
00000f13  ADC0SS0_Handler               
00000f3b  UART1_Handler                 
00000ffd  lcd_init                      
000010bd  lcd_putc                      
000010f5  lcd_puts                      
00001113  lcd_sendCommand               
00001151  lcd_sendNibble                
00001195  lcd_gotoLine                  
000011bd  lcd_setCursorPos              
000011fb  lcd_printf                    
00001729  __aeabi_dsub                  
00001733  __aeabi_dadd                  
000018e1  timer_waitMillis              
00001915  timer_waitMicros              
0000193f  timer_startTimer              
0000198f  timer_stopTimer               
000019a5  timer_startClock              
000019f1  timer_getClock                
000019f7  timer_stopClock               
00001b75  __aeabi_ddiv                  
00001dcd  ldexp                         
00001dcd  ldexpl                        
00001dcd  scalbn                        
00001dcd  scalbnl                       
00001edd  button_init                   
00001f09  button_checkButtons           
00001f13  button_getButton              
00001f75  button_getButtonBlocking      
00001f89  button_getButtonChange        
00001fb3  button_getButtonChangeBlocking
00001fe1  __aeabi_dmul                  
000020dd  main                          
0000224f  __aeabi_memcpy                
0000224f  __aeabi_memcpy4               
0000224f  __aeabi_memcpy8               
0000224f  memcpy                        
000022eb  __aeabi_uldivmod              
00002381  __aeabi_cdcmpeq               
00002381  __aeabi_cdcmple               
00002407  __aeabi_cdrcmple              
0000248d  __aeabi_memclr                
0000248d  __aeabi_memclr4               
0000248d  __aeabi_memclr8               
0000248f  __aeabi_memset                
0000248f  __aeabi_memset4               
0000248f  __aeabi_memset8               
00002495  memset                        
00002575  __aeabi_d2f                   
000025e3  __TI_decompress_lzss          
0000264d  frexp                         
0000264d  frexpl                        
00002707  ltoa                          
000027ad  atoi                          
000027f9  __aeabi_d2iz                  
00002841  __TI_auto_init_nobinit_nopinit
00002885  vsnprintf                     
00002905  _c_int00_noargs               
0000293d  __aeabi_f2d                   
00002975  IntRegister                   
000029d9  __aeabi_i2d                   
00002a07  memccpy                       
00002a3b  strcmp                        
00002a53  strchr                        
00002a69  copysign                      
00002a69  copysignl                     
00002a7d  strcpy                        
00002a91  strlen                        
00002aa5  __TI_zero_init_nomemset       
00002ab7  wcslen                        
00002ac9  IntMasterEnable               
00002ad9  lcd_clear                     
00002ae9  __TI_decompress_none          
00002af7  CPUcpsie                      
00002b03  ResetISR                      
00002b11  __aeabi_errno_addr            
00002b19  _system_pre_init              
00002b1d  C$$EXIT                       
00002b1d  abort                         
00002b20  _ctypes_                      
00002c30  __TI_Handler_Table_Base       
00002c3c  __TI_Handler_Table_Limit      
00002c58  __TI_CINIT_Base               
00002c70  __TI_CINIT_Limit              
20000000  g_pfnRAMVectors               
20000270  __stack                       
20000470  __STACK_TOP                   
20000a70  __STACK_END                   
20000a70  _sys_memory                   
20000ec4  in                            
20000ed8  _prevButton                   
20000edc  index                         
20000ee0  data                          
20000ee4  errno                         
ffffffff  __TI_pprof_out_hndl           
ffffffff  __TI_prof_data_size           
ffffffff  __TI_prof_data_start          
ffffffff  __binit__                     
ffffffff  __c_args__                    
ffffffff  binit                         
UNDEFED   __mpu_init                    
UNDEFED   _system_post_cinit            

[113 symbols]
