<?xml version="1.0" encoding="ISO-8859-1" ?>
<link_info>
   <banner>TI ARM Linker PC v18.1.2.LTS</banner>
   <copyright>Copyright (c) 1996-2017 Texas Instruments Incorporated</copyright>
   <link_time>0x5be5a6c3</link_time>
   <link_errors>0x0</link_errors>
   <output_file>lab_9.out</output_file>
   <entry_point>
      <name>_c_int00_noargs</name>
      <address>0x60f9</address>
   </entry_point>
   <input_file_list>
      <input_file id="fl-2">
         <path>.\</path>
         <kind>object</kind>
         <file>Timer.obj</file>
         <name>Timer.obj</name>
      </input_file>
      <input_file id="fl-3">
         <path>.\</path>
         <kind>object</kind>
         <file>button.obj</file>
         <name>button.obj</name>
      </input_file>
      <input_file id="fl-4">
         <path>.\</path>
         <kind>object</kind>
         <file>lab3_template.obj</file>
         <name>lab3_template.obj</name>
      </input_file>
      <input_file id="fl-5">
         <path>.\</path>
         <kind>object</kind>
         <file>lcd.obj</file>
         <name>lcd.obj</name>
      </input_file>
      <input_file id="fl-6">
         <path>.\</path>
         <kind>object</kind>
         <file>main.obj</file>
         <name>main.obj</name>
      </input_file>
      <input_file id="fl-7">
         <path>.\</path>
         <kind>object</kind>
         <file>open_interface.obj</file>
         <name>open_interface.obj</name>
      </input_file>
      <input_file id="fl-8">
         <path>.\</path>
         <kind>object</kind>
         <file>servo.obj</file>
         <name>servo.obj</name>
      </input_file>
      <input_file id="fl-9">
         <path>.\</path>
         <kind>object</kind>
         <file>tm4c1236h6pm_startup_ccs.obj</file>
         <name>tm4c1236h6pm_startup_ccs.obj</name>
      </input_file>
      <input_file id="fl-a">
         <path>.\</path>
         <kind>object</kind>
         <file>uart.obj</file>
         <name>uart.obj</name>
      </input_file>
      <input_file id="fl-b">
         <path>.\</path>
         <kind>object</kind>
         <file>ultrasonic.obj</file>
         <name>ultrasonic.obj</name>
      </input_file>
      <input_file id="fl-11">
         <kind>object</kind>
         <file>&lt;internal&gt;</file>
         <name>&lt;internal&gt;</name>
      </input_file>
      <input_file id="fl-12">
         <path>..\</path>
         <kind>archive</kind>
         <file>libcybotUART.lib</file>
         <name>uart.obj</name>
      </input_file>
      <input_file id="fl-c8">
         <path>C:\ti\ccsv8\tools\compiler\ti-cgt-arm_18.1.2.LTS\lib\</path>
         <kind>archive</kind>
         <file>rtsv7M4_T_le_v4SPD16_eabi.lib</file>
         <name>e_pow.c.obj</name>
      </input_file>
      <input_file id="fl-c9">
         <path>C:\ti\ccsv8\tools\compiler\ti-cgt-arm_18.1.2.LTS\lib\</path>
         <kind>archive</kind>
         <file>rtsv7M4_T_le_v4SPD16_eabi.lib</file>
         <name>e_sqrt.c.obj</name>
      </input_file>
      <input_file id="fl-ca">
         <path>C:\ti\ccsv8\tools\compiler\ti-cgt-arm_18.1.2.LTS\lib\</path>
         <kind>archive</kind>
         <file>rtsv7M4_T_le_v4SPD16_eabi.lib</file>
         <name>s_cos.c.obj</name>
      </input_file>
      <input_file id="fl-cb">
         <path>C:\ti\ccsv8\tools\compiler\ti-cgt-arm_18.1.2.LTS\lib\</path>
         <kind>archive</kind>
         <file>rtsv7M4_T_le_v4SPD16_eabi.lib</file>
         <name>s_scalbn.c.obj</name>
      </input_file>
      <input_file id="fl-cc">
         <path>C:\ti\ccsv8\tools\compiler\ti-cgt-arm_18.1.2.LTS\lib\</path>
         <kind>archive</kind>
         <file>rtsv7M4_T_le_v4SPD16_eabi.lib</file>
         <name>s_copysign.c.obj</name>
      </input_file>
      <input_file id="fl-cd">
         <path>C:\ti\ccsv8\tools\compiler\ti-cgt-arm_18.1.2.LTS\lib\</path>
         <kind>archive</kind>
         <file>rtsv7M4_T_le_v4SPD16_eabi.lib</file>
         <name>fd_add_t2.asm.obj</name>
      </input_file>
      <input_file id="fl-ce">
         <path>C:\ti\ccsv8\tools\compiler\ti-cgt-arm_18.1.2.LTS\lib\</path>
         <kind>archive</kind>
         <file>rtsv7M4_T_le_v4SPD16_eabi.lib</file>
         <name>fd_cmp_t2.asm.obj</name>
      </input_file>
      <input_file id="fl-cf">
         <path>C:\ti\ccsv8\tools\compiler\ti-cgt-arm_18.1.2.LTS\lib\</path>
         <kind>archive</kind>
         <file>rtsv7M4_T_le_v4SPD16_eabi.lib</file>
         <name>fd_div_t2.asm.obj</name>
      </input_file>
      <input_file id="fl-d0">
         <path>C:\ti\ccsv8\tools\compiler\ti-cgt-arm_18.1.2.LTS\lib\</path>
         <kind>archive</kind>
         <file>rtsv7M4_T_le_v4SPD16_eabi.lib</file>
         <name>fd_mul_t2.asm.obj</name>
      </input_file>
      <input_file id="fl-d1">
         <path>C:\ti\ccsv8\tools\compiler\ti-cgt-arm_18.1.2.LTS\lib\</path>
         <kind>archive</kind>
         <file>rtsv7M4_T_le_v4SPD16_eabi.lib</file>
         <name>fd_toi_t2.asm.obj</name>
      </input_file>
      <input_file id="fl-d2">
         <path>C:\ti\ccsv8\tools\compiler\ti-cgt-arm_18.1.2.LTS\lib\</path>
         <kind>archive</kind>
         <file>rtsv7M4_T_le_v4SPD16_eabi.lib</file>
         <name>fd_tos_t2.asm.obj</name>
      </input_file>
      <input_file id="fl-d3">
         <path>C:\ti\ccsv8\tools\compiler\ti-cgt-arm_18.1.2.LTS\lib\</path>
         <kind>archive</kind>
         <file>rtsv7M4_T_le_v4SPD16_eabi.lib</file>
         <name>fd_tou_t2.asm.obj</name>
      </input_file>
      <input_file id="fl-d4">
         <path>C:\ti\ccsv8\tools\compiler\ti-cgt-arm_18.1.2.LTS\lib\</path>
         <kind>archive</kind>
         <file>rtsv7M4_T_le_v4SPD16_eabi.lib</file>
         <name>fs_tod_t2.asm.obj</name>
      </input_file>
      <input_file id="fl-d5">
         <path>C:\ti\ccsv8\tools\compiler\ti-cgt-arm_18.1.2.LTS\lib\</path>
         <kind>archive</kind>
         <file>rtsv7M4_T_le_v4SPD16_eabi.lib</file>
         <name>i_tofd_t2.asm.obj</name>
      </input_file>
      <input_file id="fl-d6">
         <path>C:\ti\ccsv8\tools\compiler\ti-cgt-arm_18.1.2.LTS\lib\</path>
         <kind>archive</kind>
         <file>rtsv7M4_T_le_v4SPD16_eabi.lib</file>
         <name>memcpy_t2.asm.obj</name>
      </input_file>
      <input_file id="fl-d7">
         <path>C:\ti\ccsv8\tools\compiler\ti-cgt-arm_18.1.2.LTS\lib\</path>
         <kind>archive</kind>
         <file>rtsv7M4_T_le_v4SPD16_eabi.lib</file>
         <name>u_tofd_t2.asm.obj</name>
      </input_file>
      <input_file id="fl-d8">
         <path>C:\ti\ccsv8\tools\compiler\ti-cgt-arm_18.1.2.LTS\lib\</path>
         <kind>archive</kind>
         <file>rtsv7M4_T_le_v4SPD16_eabi.lib</file>
         <name>copy_zero_init.c.obj</name>
      </input_file>
      <input_file id="fl-d9">
         <path>C:\ti\ccsv8\tools\compiler\ti-cgt-arm_18.1.2.LTS\lib\</path>
         <kind>archive</kind>
         <file>rtsv7M4_T_le_v4SPD16_eabi.lib</file>
         <name>copy_decompress_none.c.obj</name>
      </input_file>
      <input_file id="fl-da">
         <path>C:\ti\ccsv8\tools\compiler\ti-cgt-arm_18.1.2.LTS\lib\</path>
         <kind>archive</kind>
         <file>rtsv7M4_T_le_v4SPD16_eabi.lib</file>
         <name>copy_decompress_lzss.c.obj</name>
      </input_file>
      <input_file id="fl-db">
         <path>C:\ti\ccsv8\tools\compiler\ti-cgt-arm_18.1.2.LTS\lib\</path>
         <kind>archive</kind>
         <file>rtsv7M4_T_le_v4SPD16_eabi.lib</file>
         <name>boot_cortex_m.c.obj</name>
      </input_file>
      <input_file id="fl-dc">
         <path>C:\ti\ccsv8\tools\compiler\ti-cgt-arm_18.1.2.LTS\lib\</path>
         <kind>archive</kind>
         <file>rtsv7M4_T_le_v4SPD16_eabi.lib</file>
         <name>errno.c.obj</name>
      </input_file>
      <input_file id="fl-dd">
         <path>C:\ti\ccsv8\tools\compiler\ti-cgt-arm_18.1.2.LTS\lib\</path>
         <kind>archive</kind>
         <file>rtsv7M4_T_le_v4SPD16_eabi.lib</file>
         <name>exit.c.obj</name>
      </input_file>
      <input_file id="fl-de">
         <path>C:\ti\ccsv8\tools\compiler\ti-cgt-arm_18.1.2.LTS\lib\</path>
         <kind>archive</kind>
         <file>rtsv7M4_T_le_v4SPD16_eabi.lib</file>
         <name>memory.c.obj</name>
      </input_file>
      <input_file id="fl-df">
         <path>C:\ti\ccsv8\tools\compiler\ti-cgt-arm_18.1.2.LTS\lib\</path>
         <kind>archive</kind>
         <file>rtsv7M4_T_le_v4SPD16_eabi.lib</file>
         <name>_lock.c.obj</name>
      </input_file>
      <input_file id="fl-e0">
         <path>C:\ti\ccsv8\tools\compiler\ti-cgt-arm_18.1.2.LTS\lib\</path>
         <kind>archive</kind>
         <file>rtsv7M4_T_le_v4SPD16_eabi.lib</file>
         <name>args_main.c.obj</name>
      </input_file>
      <input_file id="fl-e1">
         <path>C:\ti\ccsv8\tools\compiler\ti-cgt-arm_18.1.2.LTS\lib\</path>
         <kind>archive</kind>
         <file>rtsv7M4_T_le_v4SPD16_eabi.lib</file>
         <name>sprintf.c.obj</name>
      </input_file>
      <input_file id="fl-e2">
         <path>C:\ti\ccsv8\tools\compiler\ti-cgt-arm_18.1.2.LTS\lib\</path>
         <kind>archive</kind>
         <file>rtsv7M4_T_le_v4SPD16_eabi.lib</file>
         <name>strcmp.c.obj</name>
      </input_file>
      <input_file id="fl-e3">
         <path>C:\ti\ccsv8\tools\compiler\ti-cgt-arm_18.1.2.LTS\lib\</path>
         <kind>archive</kind>
         <file>rtsv7M4_T_le_v4SPD16_eabi.lib</file>
         <name>strcpy.c.obj</name>
      </input_file>
      <input_file id="fl-e4">
         <path>C:\ti\ccsv8\tools\compiler\ti-cgt-arm_18.1.2.LTS\lib\</path>
         <kind>archive</kind>
         <file>rtsv7M4_T_le_v4SPD16_eabi.lib</file>
         <name>vsnprintf.c.obj</name>
      </input_file>
      <input_file id="fl-e5">
         <path>C:\ti\ccsv8\tools\compiler\ti-cgt-arm_18.1.2.LTS\lib\</path>
         <kind>archive</kind>
         <file>rtsv7M4_T_le_v4SPD16_eabi.lib</file>
         <name>k_rem_pio2.c.obj</name>
      </input_file>
      <input_file id="fl-e6">
         <path>C:\ti\ccsv8\tools\compiler\ti-cgt-arm_18.1.2.LTS\lib\</path>
         <kind>archive</kind>
         <file>rtsv7M4_T_le_v4SPD16_eabi.lib</file>
         <name>k_cos.c.obj</name>
      </input_file>
      <input_file id="fl-e7">
         <path>C:\ti\ccsv8\tools\compiler\ti-cgt-arm_18.1.2.LTS\lib\</path>
         <kind>archive</kind>
         <file>rtsv7M4_T_le_v4SPD16_eabi.lib</file>
         <name>k_sin.c.obj</name>
      </input_file>
      <input_file id="fl-e8">
         <path>C:\ti\ccsv8\tools\compiler\ti-cgt-arm_18.1.2.LTS\lib\</path>
         <kind>archive</kind>
         <file>rtsv7M4_T_le_v4SPD16_eabi.lib</file>
         <name>s_floor.c.obj</name>
      </input_file>
      <input_file id="fl-e9">
         <path>C:\ti\ccsv8\tools\compiler\ti-cgt-arm_18.1.2.LTS\lib\</path>
         <kind>archive</kind>
         <file>rtsv7M4_T_le_v4SPD16_eabi.lib</file>
         <name>memset_t2.asm.obj</name>
      </input_file>
      <input_file id="fl-ea">
         <path>C:\ti\ccsv8\tools\compiler\ti-cgt-arm_18.1.2.LTS\lib\</path>
         <kind>archive</kind>
         <file>rtsv7M4_T_le_v4SPD16_eabi.lib</file>
         <name>autoinit.c.obj</name>
      </input_file>
      <input_file id="fl-eb">
         <path>C:\ti\ccsv8\tools\compiler\ti-cgt-arm_18.1.2.LTS\lib\</path>
         <kind>archive</kind>
         <file>rtsv7M4_T_le_v4SPD16_eabi.lib</file>
         <name>pre_init.c.obj</name>
      </input_file>
      <input_file id="fl-ec">
         <path>C:\ti\ccsv8\tools\compiler\ti-cgt-arm_18.1.2.LTS\lib\</path>
         <kind>archive</kind>
         <file>rtsv7M4_T_le_v4SPD16_eabi.lib</file>
         <name>cpy_tbl.c.obj</name>
      </input_file>
      <input_file id="fl-ed">
         <path>C:\ti\ccsv8\tools\compiler\ti-cgt-arm_18.1.2.LTS\lib\</path>
         <kind>archive</kind>
         <file>rtsv7M4_T_le_v4SPD16_eabi.lib</file>
         <name>_printfi.c.obj</name>
      </input_file>
      <input_file id="fl-ee">
         <path>C:\ti\ccsv8\tools\compiler\ti-cgt-arm_18.1.2.LTS\lib\</path>
         <kind>archive</kind>
         <file>rtsv7M4_T_le_v4SPD16_eabi.lib</file>
         <name>atoi.c.obj</name>
      </input_file>
      <input_file id="fl-ef">
         <path>C:\ti\ccsv8\tools\compiler\ti-cgt-arm_18.1.2.LTS\lib\</path>
         <kind>archive</kind>
         <file>rtsv7M4_T_le_v4SPD16_eabi.lib</file>
         <name>ctype.c.obj</name>
      </input_file>
      <input_file id="fl-f0">
         <path>C:\ti\ccsv8\tools\compiler\ti-cgt-arm_18.1.2.LTS\lib\</path>
         <kind>archive</kind>
         <file>rtsv7M4_T_le_v4SPD16_eabi.lib</file>
         <name>ltoa.c.obj</name>
      </input_file>
      <input_file id="fl-f1">
         <path>C:\ti\ccsv8\tools\compiler\ti-cgt-arm_18.1.2.LTS\lib\</path>
         <kind>archive</kind>
         <file>rtsv7M4_T_le_v4SPD16_eabi.lib</file>
         <name>memccpy.c.obj</name>
      </input_file>
      <input_file id="fl-f2">
         <path>C:\ti\ccsv8\tools\compiler\ti-cgt-arm_18.1.2.LTS\lib\</path>
         <kind>archive</kind>
         <file>rtsv7M4_T_le_v4SPD16_eabi.lib</file>
         <name>strchr.c.obj</name>
      </input_file>
      <input_file id="fl-f3">
         <path>C:\ti\ccsv8\tools\compiler\ti-cgt-arm_18.1.2.LTS\lib\</path>
         <kind>archive</kind>
         <file>rtsv7M4_T_le_v4SPD16_eabi.lib</file>
         <name>strlen.c.obj</name>
      </input_file>
      <input_file id="fl-f4">
         <path>C:\ti\ccsv8\tools\compiler\ti-cgt-arm_18.1.2.LTS\lib\</path>
         <kind>archive</kind>
         <file>rtsv7M4_T_le_v4SPD16_eabi.lib</file>
         <name>s_frexp.c.obj</name>
      </input_file>
      <input_file id="fl-f5">
         <path>C:\ti\ccsv8\tools\compiler\ti-cgt-arm_18.1.2.LTS\lib\</path>
         <kind>archive</kind>
         <file>rtsv7M4_T_le_v4SPD16_eabi.lib</file>
         <name>wcslen.c.obj</name>
      </input_file>
      <input_file id="fl-f6">
         <path>C:\ti\ccsv8\tools\compiler\ti-cgt-arm_18.1.2.LTS\lib\</path>
         <kind>archive</kind>
         <file>rtsv7M4_T_le_v4SPD16_eabi.lib</file>
         <name>ull_div_t2.asm.obj</name>
      </input_file>
      <input_file id="fl-f7">
         <path>C:\ti\ccsv8\tools\compiler\ti-cgt-arm_18.1.2.LTS\lib\</path>
         <kind>archive</kind>
         <file>rtsv7M4_T_le_v4SPD16_eabi.lib</file>
         <name>div0.asm.obj</name>
      </input_file>
      <input_file id="fl-f8">
         <path>C:\ti\TivaWare_C_Series-2.1.4.178\driverlib\ccs\Debug\</path>
         <kind>archive</kind>
         <file>driverlib.lib</file>
         <name>interrupt.obj</name>
      </input_file>
      <input_file id="fl-f9">
         <path>C:\ti\TivaWare_C_Series-2.1.4.178\driverlib\ccs\Debug\</path>
         <kind>archive</kind>
         <file>driverlib.lib</file>
         <name>cpu.obj</name>
      </input_file>
   </input_file_list>
   <object_component_list>
      <object_component id="oc-f">
         <name>.intvecs</name>
         <load_address>0x0</load_address>
         <run_address>0x0</run_address>
         <size>0x26c</size>
         <input_file_ref idref="fl-9"/>
      </object_component>
      <object_component id="oc-f2">
         <name>.text</name>
         <load_address>0x26c</load_address>
         <run_address>0x26c</run_address>
         <size>0xa88</size>
         <input_file_ref idref="fl-7"/>
      </object_component>
      <object_component id="oc-202">
         <name>.text:__TI_printfi</name>
         <load_address>0xcf4</load_address>
         <run_address>0xcf4</run_address>
         <size>0xa5e</size>
         <input_file_ref idref="fl-ed"/>
      </object_component>
      <object_component id="oc-35c">
         <name>.text:_nop</name>
         <load_address>0x1752</load_address>
         <run_address>0x1752</run_address>
         <size>0x2</size>
         <input_file_ref idref="fl-df"/>
      </object_component>
      <object_component id="oc-10f">
         <name>.text:pow</name>
         <load_address>0x1754</load_address>
         <run_address>0x1754</run_address>
         <size>0x9c0</size>
         <input_file_ref idref="fl-c8"/>
      </object_component>
      <object_component id="oc-23a">
         <name>.text:__kernel_rem_pio2</name>
         <load_address>0x2114</load_address>
         <run_address>0x2114</run_address>
         <size>0x738</size>
         <input_file_ref idref="fl-e5"/>
      </object_component>
      <object_component id="oc-9f">
         <name>.text</name>
         <load_address>0x284c</load_address>
         <run_address>0x284c</run_address>
         <size>0x660</size>
         <input_file_ref idref="fl-6"/>
      </object_component>
      <object_component id="oc-133">
         <name>.text:cos</name>
         <load_address>0x2eac</load_address>
         <run_address>0x2eac</run_address>
         <size>0x5dc</size>
         <input_file_ref idref="fl-ca"/>
      </object_component>
      <object_component id="oc-e6">
         <name>.text</name>
         <load_address>0x3488</load_address>
         <run_address>0x3488</run_address>
         <size>0x4c8</size>
         <input_file_ref idref="fl-a"/>
      </object_component>
      <object_component id="oc-da">
         <name>.text</name>
         <load_address>0x3950</load_address>
         <run_address>0x3950</run_address>
         <size>0x4a0</size>
         <input_file_ref idref="fl-8"/>
      </object_component>
      <object_component id="oc-ec">
         <name>.text</name>
         <load_address>0x3df0</load_address>
         <run_address>0x3df0</run_address>
         <size>0x2ec</size>
         <input_file_ref idref="fl-5"/>
      </object_component>
      <object_component id="oc-309">
         <name>.text:_pconv_a</name>
         <load_address>0x40dc</load_address>
         <run_address>0x40dc</run_address>
         <size>0x270</size>
         <input_file_ref idref="fl-ed"/>
      </object_component>
      <object_component id="oc-e0">
         <name>.text</name>
         <load_address>0x434c</load_address>
         <run_address>0x434c</run_address>
         <size>0x224</size>
         <input_file_ref idref="fl-b"/>
      </object_component>
      <object_component id="oc-2f7">
         <name>.text:_pconv_g</name>
         <load_address>0x4570</load_address>
         <run_address>0x4570</run_address>
         <size>0x1d0</size>
         <input_file_ref idref="fl-ed"/>
      </object_component>
      <object_component id="oc-115">
         <name>.text</name>
         <load_address>0x4740</load_address>
         <run_address>0x4740</run_address>
         <size>0x1b6</size>
         <input_file_ref idref="fl-cd"/>
      </object_component>
      <object_component id="oc-40c">
         <name>.text</name>
         <load_address>0x48f6</load_address>
         <run_address>0x48f6</run_address>
         <size>0x2</size>
         <input_file_ref idref="fl-f7"/>
      </object_component>
      <object_component id="oc-240">
         <name>.text:__kernel_sin</name>
         <load_address>0x48f8</load_address>
         <run_address>0x48f8</run_address>
         <size>0x174</size>
         <input_file_ref idref="fl-e7"/>
      </object_component>
      <object_component id="oc-234">
         <name>.text:__kernel_cos</name>
         <load_address>0x4a6c</load_address>
         <run_address>0x4a6c</run_address>
         <size>0x16c</size>
         <input_file_ref idref="fl-e6"/>
      </object_component>
      <object_component id="oc-f8">
         <name>.text</name>
         <load_address>0x4bd8</load_address>
         <run_address>0x4bd8</run_address>
         <size>0x15c</size>
         <input_file_ref idref="fl-12"/>
      </object_component>
      <object_component id="oc-fe">
         <name>.text</name>
         <load_address>0x4d34</load_address>
         <run_address>0x4d34</run_address>
         <size>0x158</size>
         <input_file_ref idref="fl-2"/>
      </object_component>
      <object_component id="oc-139">
         <name>.text:sqrt</name>
         <load_address>0x4e8c</load_address>
         <run_address>0x4e8c</run_address>
         <size>0x158</size>
         <input_file_ref idref="fl-c9"/>
      </object_component>
      <object_component id="oc-303">
         <name>.text:_pconv_e</name>
         <load_address>0x4fe4</load_address>
         <run_address>0x4fe4</run_address>
         <size>0x13c</size>
         <input_file_ref idref="fl-ed"/>
      </object_component>
      <object_component id="oc-129">
         <name>.text</name>
         <load_address>0x5120</load_address>
         <run_address>0x5120</run_address>
         <size>0x136</size>
         <input_file_ref idref="fl-cf"/>
      </object_component>
      <object_component id="oc-3b0">
         <name>.text:fcvt</name>
         <load_address>0x5258</load_address>
         <run_address>0x5258</run_address>
         <size>0x120</size>
         <input_file_ref idref="fl-ed"/>
      </object_component>
      <object_component id="oc-220">
         <name>.text:scalbn</name>
         <load_address>0x5378</load_address>
         <run_address>0x5378</run_address>
         <size>0x110</size>
         <input_file_ref idref="fl-cb"/>
      </object_component>
      <object_component id="oc-d4">
         <name>.text</name>
         <load_address>0x5488</load_address>
         <run_address>0x5488</run_address>
         <size>0x104</size>
         <input_file_ref idref="fl-3"/>
      </object_component>
      <object_component id="oc-124">
         <name>.text</name>
         <load_address>0x558c</load_address>
         <run_address>0x558c</run_address>
         <size>0xfc</size>
         <input_file_ref idref="fl-d0"/>
      </object_component>
      <object_component id="oc-348">
         <name>.text:floor</name>
         <load_address>0x5688</load_address>
         <run_address>0x5688</run_address>
         <size>0xf8</size>
         <input_file_ref idref="fl-e8"/>
      </object_component>
      <object_component id="oc-1dc">
         <name>.text:free</name>
         <load_address>0x5780</load_address>
         <run_address>0x5780</run_address>
         <size>0xd8</size>
         <input_file_ref idref="fl-de"/>
      </object_component>
      <object_component id="oc-2f1">
         <name>.text:_ltostr</name>
         <load_address>0x5858</load_address>
         <run_address>0x5858</run_address>
         <size>0xb1</size>
         <input_file_ref idref="fl-ed"/>
      </object_component>
      <object_component id="oc-3b">
         <name>.text</name>
         <load_address>0x590a</load_address>
         <run_address>0x590a</run_address>
         <size>0x9c</size>
         <input_file_ref idref="fl-d6"/>
      </object_component>
      <object_component id="oc-397">
         <name>.text</name>
         <load_address>0x59a6</load_address>
         <run_address>0x59a6</run_address>
         <size>0x96</size>
         <input_file_ref idref="fl-f6"/>
      </object_component>
      <object_component id="oc-199">
         <name>.text:__aeabi_cdcmple</name>
         <load_address>0x5a3c</load_address>
         <run_address>0x5a3c</run_address>
         <size>0x86</size>
         <input_file_ref idref="fl-ce"/>
      </object_component>
      <object_component id="oc-19e">
         <name>.text:__aeabi_cdrcmple</name>
         <load_address>0x5ac2</load_address>
         <run_address>0x5ac2</run_address>
         <size>0x86</size>
         <input_file_ref idref="fl-ce"/>
      </object_component>
      <object_component id="oc-93">
         <name>.text</name>
         <load_address>0x5b48</load_address>
         <run_address>0x5b48</run_address>
         <size>0x7a</size>
         <input_file_ref idref="fl-e9"/>
      </object_component>
      <object_component id="oc-2bf">
         <name>.text:malloc</name>
         <load_address>0x5bc4</load_address>
         <run_address>0x5bc4</run_address>
         <size>0x78</size>
         <input_file_ref idref="fl-de"/>
      </object_component>
      <object_component id="oc-3a9">
         <name>.text:_mcpy</name>
         <load_address>0x5c3c</load_address>
         <run_address>0x5c3c</run_address>
         <size>0x6e</size>
         <input_file_ref idref="fl-ed"/>
      </object_component>
      <object_component id="oc-11a">
         <name>.text</name>
         <load_address>0x5caa</load_address>
         <run_address>0x5caa</run_address>
         <size>0x6e</size>
         <input_file_ref idref="fl-d2"/>
      </object_component>
      <object_component id="oc-12">
         <name>.text:decompress:lzss:__TI_decompress_lzss</name>
         <load_address>0x5d18</load_address>
         <run_address>0x5d18</run_address>
         <size>0x68</size>
         <input_file_ref idref="fl-da"/>
      </object_component>
      <object_component id="oc-3be">
         <name>.text:frexp</name>
         <load_address>0x5d80</load_address>
         <run_address>0x5d80</run_address>
         <size>0x64</size>
         <input_file_ref idref="fl-f4"/>
      </object_component>
      <object_component id="oc-2fd">
         <name>.text:_pconv_f</name>
         <load_address>0x5de4</load_address>
         <run_address>0x5de4</run_address>
         <size>0x56</size>
         <input_file_ref idref="fl-ed"/>
      </object_component>
      <object_component id="oc-39d">
         <name>.text:ltoa</name>
         <load_address>0x5e3a</load_address>
         <run_address>0x5e3a</run_address>
         <size>0x54</size>
         <input_file_ref idref="fl-f0"/>
      </object_component>
      <object_component id="oc-3a3">
         <name>.text:_ecpy</name>
         <load_address>0x5e8e</load_address>
         <run_address>0x5e8e</run_address>
         <size>0x52</size>
         <input_file_ref idref="fl-ed"/>
      </object_component>
      <object_component id="oc-2eb">
         <name>.text:atoi</name>
         <load_address>0x5ee0</load_address>
         <run_address>0x5ee0</run_address>
         <size>0x4c</size>
         <input_file_ref idref="fl-ee"/>
      </object_component>
      <object_component id="oc-1e9">
         <name>.text</name>
         <load_address>0x5f2c</load_address>
         <run_address>0x5f2c</run_address>
         <size>0x48</size>
         <input_file_ref idref="fl-d1"/>
      </object_component>
      <object_component id="oc-150">
         <name>.text:__TI_auto_init_nobinit_nopinit:__TI_auto_init_nobinit_nopinit</name>
         <load_address>0x5f74</load_address>
         <run_address>0x5f74</run_address>
         <size>0x44</size>
         <input_file_ref idref="fl-ea"/>
      </object_component>
      <object_component id="oc-1a3">
         <name>.text</name>
         <load_address>0x5fb8</load_address>
         <run_address>0x5fb8</run_address>
         <size>0x44</size>
         <input_file_ref idref="fl-d3"/>
      </object_component>
      <object_component id="oc-104">
         <name>.text:sprintf</name>
         <load_address>0x5ffc</load_address>
         <run_address>0x5ffc</run_address>
         <size>0x40</size>
         <input_file_ref idref="fl-e1"/>
      </object_component>
      <object_component id="oc-1ba">
         <name>.text:vsnprintf</name>
         <load_address>0x603c</load_address>
         <run_address>0x603c</run_address>
         <size>0x40</size>
         <input_file_ref idref="fl-e4"/>
      </object_component>
      <object_component id="oc-3b6">
         <name>.text:_fcpy</name>
         <load_address>0x607c</load_address>
         <run_address>0x607c</run_address>
         <size>0x3e</size>
         <input_file_ref idref="fl-ed"/>
      </object_component>
      <object_component id="oc-2d2">
         <name>.text:minsert</name>
         <load_address>0x60bc</load_address>
         <run_address>0x60bc</run_address>
         <size>0x3c</size>
         <input_file_ref idref="fl-de"/>
      </object_component>
      <object_component id="oc-59">
         <name>.text:_c_int00_noargs:_c_int00_noargs</name>
         <load_address>0x60f8</load_address>
         <run_address>0x60f8</run_address>
         <size>0x38</size>
         <input_file_ref idref="fl-db"/>
      </object_component>
      <object_component id="oc-2c6">
         <name>.text:minit</name>
         <load_address>0x6130</load_address>
         <run_address>0x6130</run_address>
         <size>0x38</size>
         <input_file_ref idref="fl-de"/>
      </object_component>
      <object_component id="oc-12e">
         <name>.text</name>
         <load_address>0x6168</load_address>
         <run_address>0x6168</run_address>
         <size>0x38</size>
         <input_file_ref idref="fl-d4"/>
      </object_component>
      <object_component id="oc-18d">
         <name>.text:IntRegister</name>
         <load_address>0x61a0</load_address>
         <run_address>0x61a0</run_address>
         <size>0x34</size>
         <input_file_ref idref="fl-f8"/>
      </object_component>
      <object_component id="oc-29c">
         <name>.text:_outs</name>
         <load_address>0x61d4</load_address>
         <run_address>0x61d4</run_address>
         <size>0x30</size>
         <input_file_ref idref="fl-e4"/>
      </object_component>
      <object_component id="oc-11f">
         <name>.text</name>
         <load_address>0x6204</load_address>
         <run_address>0x6204</run_address>
         <size>0x2e</size>
         <input_file_ref idref="fl-d5"/>
      </object_component>
      <object_component id="oc-1d6">
         <name>.text:calloc</name>
         <load_address>0x6232</load_address>
         <run_address>0x6232</run_address>
         <size>0x2a</size>
         <input_file_ref idref="fl-de"/>
      </object_component>
      <object_component id="oc-2cc">
         <name>.text:mremove</name>
         <load_address>0x625c</load_address>
         <run_address>0x625c</run_address>
         <size>0x28</size>
         <input_file_ref idref="fl-de"/>
      </object_component>
      <object_component id="oc-10a">
         <name>.text</name>
         <load_address>0x6284</load_address>
         <run_address>0x6284</run_address>
         <size>0x20</size>
         <input_file_ref idref="fl-d7"/>
      </object_component>
      <object_component id="oc-30f">
         <name>.text:memccpy</name>
         <load_address>0x62a4</load_address>
         <run_address>0x62a4</run_address>
         <size>0x1c</size>
         <input_file_ref idref="fl-f1"/>
      </object_component>
      <object_component id="oc-2a2">
         <name>.text:_outc</name>
         <load_address>0x62c0</load_address>
         <run_address>0x62c0</run_address>
         <size>0x18</size>
         <input_file_ref idref="fl-e4"/>
      </object_component>
      <object_component id="oc-208">
         <name>.text:_outs</name>
         <load_address>0x62d8</load_address>
         <run_address>0x62d8</run_address>
         <size>0x18</size>
         <input_file_ref idref="fl-e1"/>
      </object_component>
      <object_component id="oc-1e2">
         <name>.text:oi_parseInt</name>
         <load_address>0x62f0</load_address>
         <run_address>0x62f0</run_address>
         <size>0x18</size>
         <input_file_ref idref="fl-7"/>
      </object_component>
      <object_component id="oc-1c0">
         <name>.text:strcmp</name>
         <load_address>0x6308</load_address>
         <run_address>0x6308</run_address>
         <size>0x18</size>
         <input_file_ref idref="fl-e2"/>
      </object_component>
      <object_component id="oc-3c4">
         <name>.text:strchr</name>
         <load_address>0x6320</load_address>
         <run_address>0x6320</run_address>
         <size>0x16</size>
         <input_file_ref idref="fl-f2"/>
      </object_component>
      <object_component id="oc-332">
         <name>.text:copysign</name>
         <load_address>0x6336</load_address>
         <run_address>0x6336</run_address>
         <size>0x14</size>
         <input_file_ref idref="fl-cc"/>
      </object_component>
      <object_component id="oc-1c6">
         <name>.text:strcpy</name>
         <load_address>0x634a</load_address>
         <run_address>0x634a</run_address>
         <size>0x14</size>
         <input_file_ref idref="fl-e3"/>
      </object_component>
      <object_component id="oc-2e5">
         <name>.text:strlen</name>
         <load_address>0x635e</load_address>
         <run_address>0x635e</run_address>
         <size>0x14</size>
         <input_file_ref idref="fl-f3"/>
      </object_component>
      <object_component id="oc-47">
         <name>.text:decompress:ZI:__TI_zero_init_nomemset:__TI_zero_init_nomemset</name>
         <load_address>0x6372</load_address>
         <run_address>0x6372</run_address>
         <size>0x12</size>
         <input_file_ref idref="fl-d8"/>
      </object_component>
      <object_component id="oc-315">
         <name>.text:wcslen</name>
         <load_address>0x6384</load_address>
         <run_address>0x6384</run_address>
         <size>0x12</size>
         <input_file_ref idref="fl-f5"/>
      </object_component>
      <object_component id="oc-193">
         <name>.text:IntMasterEnable</name>
         <load_address>0x6396</load_address>
         <run_address>0x6396</run_address>
         <size>0x10</size>
         <input_file_ref idref="fl-f8"/>
      </object_component>
      <object_component id="oc-1b3">
         <name>.text:lcd_clear</name>
         <load_address>0x63a6</load_address>
         <run_address>0x63a6</run_address>
         <size>0x10</size>
         <input_file_ref idref="fl-5"/>
      </object_component>
      <object_component id="oc-18">
         <name>.text:decompress:none:__TI_decompress_none</name>
         <load_address>0x63b6</load_address>
         <run_address>0x63b6</run_address>
         <size>0xe</size>
         <input_file_ref idref="fl-d9"/>
      </object_component>
      <object_component id="oc-286">
         <name>.text:CPUcpsie</name>
         <load_address>0x63c4</load_address>
         <run_address>0x63c4</run_address>
         <size>0xc</size>
         <input_file_ref idref="fl-f9"/>
      </object_component>
      <object_component id="oc-27">
         <name>.text</name>
         <load_address>0x63d0</load_address>
         <run_address>0x63d0</run_address>
         <size>0xc</size>
         <input_file_ref idref="fl-9"/>
      </object_component>
      <object_component id="oc-20e">
         <name>.text:_outc</name>
         <load_address>0x63dc</load_address>
         <run_address>0x63dc</run_address>
         <size>0xa</size>
         <input_file_ref idref="fl-e1"/>
      </object_component>
      <object_component id="oc-217">
         <name>.text:__aeabi_errno_addr</name>
         <load_address>0x63e8</load_address>
         <run_address>0x63e8</run_address>
         <size>0x8</size>
         <input_file_ref idref="fl-dc"/>
      </object_component>
      <object_component id="oc-99">
         <name>.text:_system_pre_init</name>
         <load_address>0x63f0</load_address>
         <run_address>0x63f0</run_address>
         <size>0x4</size>
         <input_file_ref idref="fl-eb"/>
      </object_component>
      <object_component id="oc-144">
         <name>.text:abort:abort</name>
         <load_address>0x63f4</load_address>
         <run_address>0x63f4</run_address>
         <size>0x4</size>
         <input_file_ref idref="fl-dd"/>
      </object_component>
      <object_component id="oc-34e">
         <name>.const:$O1$$</name>
         <load_address>0x63f8</load_address>
         <run_address>0x63f8</run_address>
         <size>0x158</size>
         <input_file_ref idref="fl-e5"/>
      </object_component>
      <object_component id="oc-392">
         <name>.const:.string:_ctypes_</name>
         <load_address>0x6550</load_address>
         <run_address>0x6550</run_address>
         <size>0x101</size>
         <input_file_ref idref="fl-ef"/>
      </object_component>
      <object_component id="oc-1cc">
         <name>.const:.string:lineAddress$1</name>
         <load_address>0x6651</load_address>
         <run_address>0x6651</run_address>
         <size>0x4</size>
         <input_file_ref idref="fl-5"/>
      </object_component>
      <object_component id="oc-21d">
         <name>.const:$O1$$</name>
         <load_address>0x6658</load_address>
         <run_address>0x6658</run_address>
         <size>0x30</size>
         <input_file_ref idref="fl-c8"/>
      </object_component>
      <object_component id="oc-1ef">
         <name>.const:.string:$P$T0$3</name>
         <load_address>0x6688</load_address>
         <run_address>0x6688</run_address>
         <size>0xf</size>
         <input_file_ref idref="fl-7"/>
      </object_component>
      <object_component id="oc-1cd">
         <name>.const:.string:lineAddresses$2</name>
         <load_address>0x6697</load_address>
         <run_address>0x6697</run_address>
         <size>0x4</size>
         <input_file_ref idref="fl-5"/>
      </object_component>
      <object_component id="oc-45f">
         <name>.cinit..data.load</name>
         <load_address>0x66a0</load_address>
         <run_address>0x66a0</run_address>
         <size>0x21</size>
      </object_component>
      <object_component id="oc-45c">
         <name>__TI_handler_table</name>
         <load_address>0x66c4</load_address>
         <run_address>0x66c4</run_address>
         <size>0xc</size>
      </object_component>
      <object_component id="oc-460">
         <name>.cinit..bss.load</name>
         <load_address>0x66d0</load_address>
         <run_address>0x66d0</run_address>
         <size>0x8</size>
      </object_component>
      <object_component id="oc-45e">
         <name>.cinit..vtable.load</name>
         <load_address>0x66d8</load_address>
         <run_address>0x66d8</run_address>
         <size>0x8</size>
      </object_component>
      <object_component id="oc-45d">
         <name>__TI_cinit_table</name>
         <load_address>0x66e0</load_address>
         <run_address>0x66e0</run_address>
         <size>0x18</size>
      </object_component>
      <object_component id="oc-27c">
         <name>.vtable</name>
         <uninitialized>true</uninitialized>
         <run_address>0x20000000</run_address>
         <size>0x26c</size>
         <input_file_ref idref="fl-f8"/>
      </object_component>
      <object_component id="oc-184">
         <name>.data</name>
         <load_address>0x20000f7c</load_address>
         <run_address>0x20000f7c</run_address>
         <size>0x1</size>
         <input_file_ref idref="fl-3"/>
      </object_component>
      <object_component id="oc-13f">
         <name>.data</name>
         <load_address>0x20000f74</load_address>
         <run_address>0x20000f74</run_address>
         <size>0x4</size>
         <input_file_ref idref="fl-6"/>
      </object_component>
      <object_component id="oc-1ee">
         <name>.data</name>
         <load_address>0x20000f3c</load_address>
         <run_address>0x20000f3c</run_address>
         <size>0x10</size>
         <input_file_ref idref="fl-7"/>
      </object_component>
      <object_component id="oc-189">
         <name>.data</name>
         <load_address>0x20000f60</load_address>
         <run_address>0x20000f60</run_address>
         <size>0x8</size>
         <input_file_ref idref="fl-8"/>
      </object_component>
      <object_component id="oc-1ac">
         <name>.data</name>
         <load_address>0x20000f68</load_address>
         <run_address>0x20000f68</run_address>
         <size>0x8</size>
         <input_file_ref idref="fl-a"/>
      </object_component>
      <object_component id="oc-1a8">
         <name>.data</name>
         <load_address>0x20000f28</load_address>
         <run_address>0x20000f28</run_address>
         <size>0x14</size>
         <input_file_ref idref="fl-b"/>
      </object_component>
      <object_component id="oc-1f8">
         <name>.data</name>
         <load_address>0x20000f70</load_address>
         <run_address>0x20000f70</run_address>
         <size>0x4</size>
         <input_file_ref idref="fl-12"/>
      </object_component>
      <object_component id="oc-32b">
         <name>.data</name>
         <load_address>0x20000f78</load_address>
         <run_address>0x20000f78</run_address>
         <size>0x4</size>
         <input_file_ref idref="fl-dc"/>
      </object_component>
      <object_component id="oc-2d8">
         <name>.data:$O1$$</name>
         <load_address>0x20000f4c</load_address>
         <run_address>0x20000f4c</run_address>
         <size>0xc</size>
         <input_file_ref idref="fl-de"/>
      </object_component>
      <object_component id="oc-25c">
         <name>.data:$O1$$</name>
         <load_address>0x20000f58</load_address>
         <run_address>0x20000f58</run_address>
         <size>0x8</size>
         <input_file_ref idref="fl-df"/>
      </object_component>
      <object_component id="oc-1ce">
         <name>.bss:lastbuffer$3</name>
         <uninitialized>true</uninitialized>
         <run_address>0x20000e70</run_address>
         <size>0x54</size>
         <input_file_ref idref="fl-5"/>
      </object_component>
      <object_component id="oc-1f2">
         <name>.bss:firmware$2</name>
         <uninitialized>true</uninitialized>
         <run_address>0x20000ef8</run_address>
         <size>0x18</size>
         <input_file_ref idref="fl-7"/>
      </object_component>
      <object_component id="oc-185">
         <name>.common:_prevButton</name>
         <uninitialized>true</uninitialized>
         <run_address>0x20000f24</run_address>
         <size>0x1</size>
      </object_component>
      <object_component id="oc-1af">
         <name>.common:in</name>
         <uninitialized>true</uninitialized>
         <run_address>0x20000f10</run_address>
         <size>0x14</size>
      </object_component>
      <object_component id="oc-1f5">
         <name>.common:isr_char_buffer</name>
         <uninitialized>true</uninitialized>
         <run_address>0x20000ec4</run_address>
         <size>0x34</size>
      </object_component>
      <object_component id="oc-24">
         <name>.sysmem</name>
         <uninitialized>true</uninitialized>
         <run_address>0x20000a70</run_address>
         <size>0x8</size>
         <input_file_ref idref="fl-de"/>
      </object_component>
      <object_component id="oc-462">
         <name>.sysmem</name>
         <uninitialized>true</uninitialized>
         <run_address>0x20000a70</run_address>
         <size>0x0</size>
      </object_component>
      <object_component id="oc-21">
         <name>.stack</name>
         <uninitialized>true</uninitialized>
         <run_address>0x20000270</run_address>
         <size>0x4</size>
         <input_file_ref idref="fl-db"/>
      </object_component>
      <object_component id="oc-461">
         <name>.stack</name>
         <uninitialized>true</uninitialized>
         <run_address>0x20000270</run_address>
         <size>0x0</size>
      </object_component>
      <object_component id="oc-c2">
         <name>.debug_info</name>
         <load_address>0x0</load_address>
         <run_address>0x0</run_address>
         <size>0x277</size>
         <input_file_ref idref="fl-2"/>
      </object_component>
      <object_component id="oc-ff">
         <name>.debug_info</name>
         <load_address>0x277</load_address>
         <run_address>0x277</run_address>
         <size>0x3e3</size>
         <input_file_ref idref="fl-2"/>
      </object_component>
      <object_component id="oc-74">
         <name>.debug_info</name>
         <load_address>0x65a</load_address>
         <run_address>0x65a</run_address>
         <size>0x26b</size>
         <input_file_ref idref="fl-2"/>
      </object_component>
      <object_component id="oc-36">
         <name>.debug_info</name>
         <load_address>0x8c5</load_address>
         <run_address>0x8c5</run_address>
         <size>0x84</size>
         <input_file_ref idref="fl-2"/>
      </object_component>
      <object_component id="oc-bd">
         <name>.debug_info</name>
         <load_address>0x949</load_address>
         <run_address>0x949</run_address>
         <size>0x297</size>
         <input_file_ref idref="fl-2"/>
      </object_component>
      <object_component id="oc-79">
         <name>.debug_info</name>
         <load_address>0xbe0</load_address>
         <run_address>0xbe0</run_address>
         <size>0xbb</size>
         <input_file_ref idref="fl-2"/>
      </object_component>
      <object_component id="oc-1fd">
         <name>.debug_info</name>
         <load_address>0xc9b</load_address>
         <run_address>0xc9b</run_address>
         <size>0x2c</size>
         <input_file_ref idref="fl-2"/>
      </object_component>
      <object_component id="oc-186">
         <name>.debug_info</name>
         <load_address>0xcc7</load_address>
         <run_address>0xcc7</run_address>
         <size>0x277</size>
         <input_file_ref idref="fl-3"/>
      </object_component>
      <object_component id="oc-d5">
         <name>.debug_info</name>
         <load_address>0xf3e</load_address>
         <run_address>0xf3e</run_address>
         <size>0x3de</size>
         <input_file_ref idref="fl-3"/>
      </object_component>
      <object_component id="oc-2ba">
         <name>.debug_info</name>
         <load_address>0x131c</load_address>
         <run_address>0x131c</run_address>
         <size>0xcc</size>
         <input_file_ref idref="fl-3"/>
      </object_component>
      <object_component id="oc-1d1">
         <name>.debug_info</name>
         <load_address>0x13e8</load_address>
         <run_address>0x13e8</run_address>
         <size>0x2c</size>
         <input_file_ref idref="fl-3"/>
      </object_component>
      <object_component id="oc-1d0">
         <name>.debug_info</name>
         <load_address>0x1414</load_address>
         <run_address>0x1414</run_address>
         <size>0x378</size>
         <input_file_ref idref="fl-5"/>
      </object_component>
      <object_component id="oc-1b4">
         <name>.debug_info</name>
         <load_address>0x178c</load_address>
         <run_address>0x178c</run_address>
         <size>0x113</size>
         <input_file_ref idref="fl-5"/>
      </object_component>
      <object_component id="oc-ed">
         <name>.debug_info</name>
         <load_address>0x189f</load_address>
         <run_address>0x189f</run_address>
         <size>0x831</size>
         <input_file_ref idref="fl-5"/>
      </object_component>
      <object_component id="oc-143">
         <name>.debug_info</name>
         <load_address>0x20d0</load_address>
         <run_address>0x20d0</run_address>
         <size>0x5c2</size>
         <input_file_ref idref="fl-6"/>
      </object_component>
      <object_component id="oc-140">
         <name>.debug_info</name>
         <load_address>0x2692</load_address>
         <run_address>0x2692</run_address>
         <size>0xbf</size>
         <input_file_ref idref="fl-6"/>
      </object_component>
      <object_component id="oc-a0">
         <name>.debug_info</name>
         <load_address>0x2751</load_address>
         <run_address>0x2751</run_address>
         <size>0x659</size>
         <input_file_ref idref="fl-6"/>
      </object_component>
      <object_component id="oc-24e">
         <name>.debug_info</name>
         <load_address>0x2daa</load_address>
         <run_address>0x2daa</run_address>
         <size>0x5aa</size>
         <input_file_ref idref="fl-6"/>
      </object_component>
      <object_component id="oc-253">
         <name>.debug_info</name>
         <load_address>0x3354</load_address>
         <run_address>0x3354</run_address>
         <size>0xb2</size>
         <input_file_ref idref="fl-6"/>
      </object_component>
      <object_component id="oc-1f4">
         <name>.debug_info</name>
         <load_address>0x3406</load_address>
         <run_address>0x3406</run_address>
         <size>0x3d0</size>
         <input_file_ref idref="fl-7"/>
      </object_component>
      <object_component id="oc-1f0">
         <name>.debug_info</name>
         <load_address>0x37d6</load_address>
         <run_address>0x37d6</run_address>
         <size>0xc5</size>
         <input_file_ref idref="fl-7"/>
      </object_component>
      <object_component id="oc-1e3">
         <name>.debug_info</name>
         <load_address>0x389b</load_address>
         <run_address>0x389b</run_address>
         <size>0x13d</size>
         <input_file_ref idref="fl-7"/>
      </object_component>
      <object_component id="oc-f3">
         <name>.debug_info</name>
         <load_address>0x39d8</load_address>
         <run_address>0x39d8</run_address>
         <size>0x14d7</size>
         <input_file_ref idref="fl-7"/>
      </object_component>
      <object_component id="oc-18a">
         <name>.debug_info</name>
         <load_address>0x4eaf</load_address>
         <run_address>0x4eaf</run_address>
         <size>0xcb</size>
         <input_file_ref idref="fl-8"/>
      </object_component>
      <object_component id="oc-dc">
         <name>.debug_info</name>
         <load_address>0x4f7a</load_address>
         <run_address>0x4f7a</run_address>
         <size>0x651</size>
         <input_file_ref idref="fl-8"/>
      </object_component>
      <object_component id="oc-2f">
         <name>.debug_info</name>
         <load_address>0x55cb</load_address>
         <run_address>0x55cb</run_address>
         <size>0x29a</size>
         <input_file_ref idref="fl-9"/>
      </object_component>
      <object_component id="oc-10">
         <name>.debug_info</name>
         <load_address>0x5865</load_address>
         <run_address>0x5865</run_address>
         <size>0xd9</size>
         <input_file_ref idref="fl-9"/>
      </object_component>
      <object_component id="oc-29">
         <name>.debug_info</name>
         <load_address>0x593e</load_address>
         <run_address>0x593e</run_address>
         <size>0x255</size>
         <input_file_ref idref="fl-9"/>
      </object_component>
      <object_component id="oc-1b0">
         <name>.debug_info</name>
         <load_address>0x5b93</load_address>
         <run_address>0x5b93</run_address>
         <size>0x2fb</size>
         <input_file_ref idref="fl-a"/>
      </object_component>
      <object_component id="oc-1ad">
         <name>.debug_info</name>
         <load_address>0x5e8e</load_address>
         <run_address>0x5e8e</run_address>
         <size>0xd0</size>
         <input_file_ref idref="fl-a"/>
      </object_component>
      <object_component id="oc-e8">
         <name>.debug_info</name>
         <load_address>0x5f5e</load_address>
         <run_address>0x5f5e</run_address>
         <size>0x479</size>
         <input_file_ref idref="fl-a"/>
      </object_component>
      <object_component id="oc-297">
         <name>.debug_info</name>
         <load_address>0x63d7</load_address>
         <run_address>0x63d7</run_address>
         <size>0x2d6</size>
         <input_file_ref idref="fl-b"/>
      </object_component>
      <object_component id="oc-1a9">
         <name>.debug_info</name>
         <load_address>0x66ad</load_address>
         <run_address>0x66ad</run_address>
         <size>0x155</size>
         <input_file_ref idref="fl-b"/>
      </object_component>
      <object_component id="oc-e2">
         <name>.debug_info</name>
         <load_address>0x6802</load_address>
         <run_address>0x6802</run_address>
         <size>0x39a</size>
         <input_file_ref idref="fl-b"/>
      </object_component>
      <object_component id="oc-1f6">
         <name>.debug_info</name>
         <load_address>0x6b9c</load_address>
         <run_address>0x6b9c</run_address>
         <size>0x326</size>
         <input_file_ref idref="fl-12"/>
      </object_component>
      <object_component id="oc-1f9">
         <name>.debug_info</name>
         <load_address>0x6ec2</load_address>
         <run_address>0x6ec2</run_address>
         <size>0xee</size>
         <input_file_ref idref="fl-12"/>
      </object_component>
      <object_component id="oc-f9">
         <name>.debug_info</name>
         <load_address>0x6fb0</load_address>
         <run_address>0x6fb0</run_address>
         <size>0x43b</size>
         <input_file_ref idref="fl-12"/>
      </object_component>
      <object_component id="oc-22c">
         <name>.debug_info</name>
         <load_address>0x73eb</load_address>
         <run_address>0x73eb</run_address>
         <size>0x358</size>
         <input_file_ref idref="fl-c8"/>
      </object_component>
      <object_component id="oc-21e">
         <name>.debug_info</name>
         <load_address>0x7743</load_address>
         <run_address>0x7743</run_address>
         <size>0x11d</size>
         <input_file_ref idref="fl-c8"/>
      </object_component>
      <object_component id="oc-110">
         <name>.debug_info</name>
         <load_address>0x7860</load_address>
         <run_address>0x7860</run_address>
         <size>0xbd9</size>
         <input_file_ref idref="fl-c8"/>
      </object_component>
      <object_component id="oc-33f">
         <name>.debug_info</name>
         <load_address>0x8439</load_address>
         <run_address>0x8439</run_address>
         <size>0x46</size>
         <input_file_ref idref="fl-c8"/>
      </object_component>
      <object_component id="oc-227">
         <name>.debug_info</name>
         <load_address>0x847f</load_address>
         <run_address>0x847f</run_address>
         <size>0x39</size>
         <input_file_ref idref="fl-c8"/>
      </object_component>
      <object_component id="oc-249">
         <name>.debug_info</name>
         <load_address>0x84b8</load_address>
         <run_address>0x84b8</run_address>
         <size>0x2bf</size>
         <input_file_ref idref="fl-c9"/>
      </object_component>
      <object_component id="oc-13a">
         <name>.debug_info</name>
         <load_address>0x8777</load_address>
         <run_address>0x8777</run_address>
         <size>0x242</size>
         <input_file_ref idref="fl-c9"/>
      </object_component>
      <object_component id="oc-247">
         <name>.debug_info</name>
         <load_address>0x89b9</load_address>
         <run_address>0x89b9</run_address>
         <size>0x390</size>
         <input_file_ref idref="fl-ca"/>
      </object_component>
      <object_component id="oc-135">
         <name>.debug_info</name>
         <load_address>0x8d49</load_address>
         <run_address>0x8d49</run_address>
         <size>0x790</size>
         <input_file_ref idref="fl-ca"/>
      </object_component>
      <object_component id="oc-339">
         <name>.debug_info</name>
         <load_address>0x94d9</load_address>
         <run_address>0x94d9</run_address>
         <size>0x2f2</size>
         <input_file_ref idref="fl-cb"/>
      </object_component>
      <object_component id="oc-223">
         <name>.debug_info</name>
         <load_address>0x97cb</load_address>
         <run_address>0x97cb</run_address>
         <size>0x21a</size>
         <input_file_ref idref="fl-cb"/>
      </object_component>
      <object_component id="oc-3e7">
         <name>.debug_info</name>
         <load_address>0x99e5</load_address>
         <run_address>0x99e5</run_address>
         <size>0x39</size>
         <input_file_ref idref="fl-cb"/>
      </object_component>
      <object_component id="oc-33a">
         <name>.debug_info</name>
         <load_address>0x9a1e</load_address>
         <run_address>0x9a1e</run_address>
         <size>0x2c</size>
         <input_file_ref idref="fl-cb"/>
      </object_component>
      <object_component id="oc-333">
         <name>.debug_info</name>
         <load_address>0x9a4a</load_address>
         <run_address>0x9a4a</run_address>
         <size>0x156</size>
         <input_file_ref idref="fl-cc"/>
      </object_component>
      <object_component id="oc-116">
         <name>.debug_info</name>
         <load_address>0x9ba0</load_address>
         <run_address>0x9ba0</run_address>
         <size>0x144</size>
         <input_file_ref idref="fl-cd"/>
      </object_component>
      <object_component id="oc-19a">
         <name>.debug_info</name>
         <load_address>0x9ce4</load_address>
         <run_address>0x9ce4</run_address>
         <size>0x120</size>
         <input_file_ref idref="fl-ce"/>
      </object_component>
      <object_component id="oc-1a1">
         <name>.debug_info</name>
         <load_address>0x9e04</load_address>
         <run_address>0x9e04</run_address>
         <size>0x122</size>
         <input_file_ref idref="fl-ce"/>
      </object_component>
      <object_component id="oc-12a">
         <name>.debug_info</name>
         <load_address>0x9f26</load_address>
         <run_address>0x9f26</run_address>
         <size>0x132</size>
         <input_file_ref idref="fl-cf"/>
      </object_component>
      <object_component id="oc-125">
         <name>.debug_info</name>
         <load_address>0xa058</load_address>
         <run_address>0xa058</run_address>
         <size>0x132</size>
         <input_file_ref idref="fl-d0"/>
      </object_component>
      <object_component id="oc-1ea">
         <name>.debug_info</name>
         <load_address>0xa18a</load_address>
         <run_address>0xa18a</run_address>
         <size>0x126</size>
         <input_file_ref idref="fl-d1"/>
      </object_component>
      <object_component id="oc-11c">
         <name>.debug_info</name>
         <load_address>0xa2b0</load_address>
         <run_address>0xa2b0</run_address>
         <size>0x136</size>
         <input_file_ref idref="fl-d2"/>
      </object_component>
      <object_component id="oc-1a4">
         <name>.debug_info</name>
         <load_address>0xa3e6</load_address>
         <run_address>0xa3e6</run_address>
         <size>0x131</size>
         <input_file_ref idref="fl-d3"/>
      </object_component>
      <object_component id="oc-12f">
         <name>.debug_info</name>
         <load_address>0xa517</load_address>
         <run_address>0xa517</run_address>
         <size>0x124</size>
         <input_file_ref idref="fl-d4"/>
      </object_component>
      <object_component id="oc-120">
         <name>.debug_info</name>
         <load_address>0xa63b</load_address>
         <run_address>0xa63b</run_address>
         <size>0x124</size>
         <input_file_ref idref="fl-d5"/>
      </object_component>
      <object_component id="oc-3c">
         <name>.debug_info</name>
         <load_address>0xa75f</load_address>
         <run_address>0xa75f</run_address>
         <size>0x111</size>
         <input_file_ref idref="fl-d6"/>
      </object_component>
      <object_component id="oc-10b">
         <name>.debug_info</name>
         <load_address>0xa870</load_address>
         <run_address>0xa870</run_address>
         <size>0x126</size>
         <input_file_ref idref="fl-d7"/>
      </object_component>
      <object_component id="oc-92">
         <name>.debug_info</name>
         <load_address>0xa996</load_address>
         <run_address>0xa996</run_address>
         <size>0x313</size>
         <input_file_ref idref="fl-d8"/>
      </object_component>
      <object_component id="oc-49">
         <name>.debug_info</name>
         <load_address>0xaca9</load_address>
         <run_address>0xaca9</run_address>
         <size>0x1b4</size>
         <input_file_ref idref="fl-d8"/>
      </object_component>
      <object_component id="oc-8d">
         <name>.debug_info</name>
         <load_address>0xae5d</load_address>
         <run_address>0xae5d</run_address>
         <size>0x46</size>
         <input_file_ref idref="fl-d8"/>
      </object_component>
      <object_component id="oc-cb">
         <name>.debug_info</name>
         <load_address>0xaea3</load_address>
         <run_address>0xaea3</run_address>
         <size>0x2c</size>
         <input_file_ref idref="fl-d8"/>
      </object_component>
      <object_component id="oc-46">
         <name>.debug_info</name>
         <load_address>0xaecf</load_address>
         <run_address>0xaecf</run_address>
         <size>0x29d</size>
         <input_file_ref idref="fl-d9"/>
      </object_component>
      <object_component id="oc-1a">
         <name>.debug_info</name>
         <load_address>0xb16c</load_address>
         <run_address>0xb16c</run_address>
         <size>0x1df</size>
         <input_file_ref idref="fl-d9"/>
      </object_component>
      <object_component id="oc-41">
         <name>.debug_info</name>
         <load_address>0xb34b</load_address>
         <run_address>0xb34b</run_address>
         <size>0x46</size>
         <input_file_ref idref="fl-d9"/>
      </object_component>
      <object_component id="oc-85">
         <name>.debug_info</name>
         <load_address>0xb391</load_address>
         <run_address>0xb391</run_address>
         <size>0x2c</size>
         <input_file_ref idref="fl-d9"/>
      </object_component>
      <object_component id="oc-83">
         <name>.debug_info</name>
         <load_address>0xb3bd</load_address>
         <run_address>0xb3bd</run_address>
         <size>0x293</size>
         <input_file_ref idref="fl-da"/>
      </object_component>
      <object_component id="oc-13">
         <name>.debug_info</name>
         <load_address>0xb650</load_address>
         <run_address>0xb650</run_address>
         <size>0x245</size>
         <input_file_ref idref="fl-da"/>
      </object_component>
      <object_component id="oc-31">
         <name>.debug_info</name>
         <load_address>0xb895</load_address>
         <run_address>0xb895</run_address>
         <size>0x60</size>
         <input_file_ref idref="fl-da"/>
      </object_component>
      <object_component id="oc-c4">
         <name>.debug_info</name>
         <load_address>0xb8f5</load_address>
         <run_address>0xb8f5</run_address>
         <size>0x46</size>
         <input_file_ref idref="fl-da"/>
      </object_component>
      <object_component id="oc-7e">
         <name>.debug_info</name>
         <load_address>0xb93b</load_address>
         <run_address>0xb93b</run_address>
         <size>0x39</size>
         <input_file_ref idref="fl-da"/>
      </object_component>
      <object_component id="oc-22">
         <name>.debug_info</name>
         <load_address>0xb974</load_address>
         <run_address>0xb974</run_address>
         <size>0x100</size>
         <input_file_ref idref="fl-db"/>
      </object_component>
      <object_component id="oc-5a">
         <name>.debug_info</name>
         <load_address>0xba74</load_address>
         <run_address>0xba74</run_address>
         <size>0x1a4</size>
         <input_file_ref idref="fl-db"/>
      </object_component>
      <object_component id="oc-32f">
         <name>.debug_info</name>
         <load_address>0xbc18</load_address>
         <run_address>0xbc18</run_address>
         <size>0x27e</size>
         <input_file_ref idref="fl-dc"/>
      </object_component>
      <object_component id="oc-32c">
         <name>.debug_info</name>
         <load_address>0xbe96</load_address>
         <run_address>0xbe96</run_address>
         <size>0x103</size>
         <input_file_ref idref="fl-dc"/>
      </object_component>
      <object_component id="oc-21b">
         <name>.debug_info</name>
         <load_address>0xbf99</load_address>
         <run_address>0xbf99</run_address>
         <size>0x143</size>
         <input_file_ref idref="fl-dc"/>
      </object_component>
      <object_component id="oc-145">
         <name>.debug_info</name>
         <load_address>0xc0dc</load_address>
         <run_address>0xc0dc</run_address>
         <size>0x117</size>
         <input_file_ref idref="fl-dd"/>
      </object_component>
      <object_component id="oc-6f">
         <name>.debug_info</name>
         <load_address>0xc1f3</load_address>
         <run_address>0xc1f3</run_address>
         <size>0x3bb</size>
         <input_file_ref idref="fl-de"/>
      </object_component>
      <object_component id="oc-25">
         <name>.debug_info</name>
         <load_address>0xc5ae</load_address>
         <run_address>0xc5ae</run_address>
         <size>0x101</size>
         <input_file_ref idref="fl-de"/>
      </object_component>
      <object_component id="oc-2d9">
         <name>.debug_info</name>
         <load_address>0xc6af</load_address>
         <run_address>0xc6af</run_address>
         <size>0x14c</size>
         <input_file_ref idref="fl-de"/>
      </object_component>
      <object_component id="oc-2c7">
         <name>.debug_info</name>
         <load_address>0xc7fb</load_address>
         <run_address>0xc7fb</run_address>
         <size>0x139</size>
         <input_file_ref idref="fl-de"/>
      </object_component>
      <object_component id="oc-2cd">
         <name>.debug_info</name>
         <load_address>0xc934</load_address>
         <run_address>0xc934</run_address>
         <size>0x174</size>
         <input_file_ref idref="fl-de"/>
      </object_component>
      <object_component id="oc-2d3">
         <name>.debug_info</name>
         <load_address>0xcaa8</load_address>
         <run_address>0xcaa8</run_address>
         <size>0x172</size>
         <input_file_ref idref="fl-de"/>
      </object_component>
      <object_component id="oc-2c0">
         <name>.debug_info</name>
         <load_address>0xcc1a</load_address>
         <run_address>0xcc1a</run_address>
         <size>0x1db</size>
         <input_file_ref idref="fl-de"/>
      </object_component>
      <object_component id="oc-1dd">
         <name>.debug_info</name>
         <load_address>0xcdf5</load_address>
         <run_address>0xcdf5</run_address>
         <size>0x1e6</size>
         <input_file_ref idref="fl-de"/>
      </object_component>
      <object_component id="oc-1d7">
         <name>.debug_info</name>
         <load_address>0xcfdb</load_address>
         <run_address>0xcfdb</run_address>
         <size>0x1b1</size>
         <input_file_ref idref="fl-de"/>
      </object_component>
      <object_component id="oc-b3">
         <name>.debug_info</name>
         <load_address>0xd18c</load_address>
         <run_address>0xd18c</run_address>
         <size>0x2c</size>
         <input_file_ref idref="fl-de"/>
      </object_component>
      <object_component id="oc-b8">
         <name>.debug_info</name>
         <load_address>0xd1b8</load_address>
         <run_address>0xd1b8</run_address>
         <size>0x62</size>
         <input_file_ref idref="fl-de"/>
      </object_component>
      <object_component id="oc-364">
         <name>.debug_info</name>
         <load_address>0xd21a</load_address>
         <run_address>0xd21a</run_address>
         <size>0x2be</size>
         <input_file_ref idref="fl-df"/>
      </object_component>
      <object_component id="oc-25d">
         <name>.debug_info</name>
         <load_address>0xd4d8</load_address>
         <run_address>0xd4d8</run_address>
         <size>0x113</size>
         <input_file_ref idref="fl-df"/>
      </object_component>
      <object_component id="oc-35d">
         <name>.debug_info</name>
         <load_address>0xd5eb</load_address>
         <run_address>0xd5eb</run_address>
         <size>0x123</size>
         <input_file_ref idref="fl-df"/>
      </object_component>
      <object_component id="oc-215">
         <name>.debug_info</name>
         <load_address>0xd70e</load_address>
         <run_address>0xd70e</run_address>
         <size>0x328</size>
         <input_file_ref idref="fl-e1"/>
      </object_component>
      <object_component id="oc-105">
         <name>.debug_info</name>
         <load_address>0xda36</load_address>
         <run_address>0xda36</run_address>
         <size>0x1c6</size>
         <input_file_ref idref="fl-e1"/>
      </object_component>
      <object_component id="oc-209">
         <name>.debug_info</name>
         <load_address>0xdbfc</load_address>
         <run_address>0xdbfc</run_address>
         <size>0x182</size>
         <input_file_ref idref="fl-e1"/>
      </object_component>
      <object_component id="oc-20f">
         <name>.debug_info</name>
         <load_address>0xdd7e</load_address>
         <run_address>0xdd7e</run_address>
         <size>0x162</size>
         <input_file_ref idref="fl-e1"/>
      </object_component>
      <object_component id="oc-2aa">
         <name>.debug_info</name>
         <load_address>0xdee0</load_address>
         <run_address>0xdee0</run_address>
         <size>0x2c</size>
         <input_file_ref idref="fl-e1"/>
      </object_component>
      <object_component id="oc-2b5">
         <name>.debug_info</name>
         <load_address>0xdf0c</load_address>
         <run_address>0xdf0c</run_address>
         <size>0x27f</size>
         <input_file_ref idref="fl-e2"/>
      </object_component>
      <object_component id="oc-1c1">
         <name>.debug_info</name>
         <load_address>0xe18b</load_address>
         <run_address>0xe18b</run_address>
         <size>0x258</size>
         <input_file_ref idref="fl-e2"/>
      </object_component>
      <object_component id="oc-2b7">
         <name>.debug_info</name>
         <load_address>0xe3e3</load_address>
         <run_address>0xe3e3</run_address>
         <size>0x299</size>
         <input_file_ref idref="fl-e3"/>
      </object_component>
      <object_component id="oc-1c9">
         <name>.debug_info</name>
         <load_address>0xe67c</load_address>
         <run_address>0xe67c</run_address>
         <size>0x231</size>
         <input_file_ref idref="fl-e3"/>
      </object_component>
      <object_component id="oc-2a9">
         <name>.debug_info</name>
         <load_address>0xe8ad</load_address>
         <run_address>0xe8ad</run_address>
         <size>0x335</size>
         <input_file_ref idref="fl-e4"/>
      </object_component>
      <object_component id="oc-1bb">
         <name>.debug_info</name>
         <load_address>0xebe2</load_address>
         <run_address>0xebe2</run_address>
         <size>0x1fd</size>
         <input_file_ref idref="fl-e4"/>
      </object_component>
      <object_component id="oc-29d">
         <name>.debug_info</name>
         <load_address>0xeddf</load_address>
         <run_address>0xeddf</run_address>
         <size>0x1bb</size>
         <input_file_ref idref="fl-e4"/>
      </object_component>
      <object_component id="oc-2a3">
         <name>.debug_info</name>
         <load_address>0xef9a</load_address>
         <run_address>0xef9a</run_address>
         <size>0x16e</size>
         <input_file_ref idref="fl-e4"/>
      </object_component>
      <object_component id="oc-2af">
         <name>.debug_info</name>
         <load_address>0xf108</load_address>
         <run_address>0xf108</run_address>
         <size>0x69</size>
         <input_file_ref idref="fl-e4"/>
      </object_component>
      <object_component id="oc-352">
         <name>.debug_info</name>
         <load_address>0xf171</load_address>
         <run_address>0xf171</run_address>
         <size>0x39f</size>
         <input_file_ref idref="fl-e5"/>
      </object_component>
      <object_component id="oc-34f">
         <name>.debug_info</name>
         <load_address>0xf510</load_address>
         <run_address>0xf510</run_address>
         <size>0x12f</size>
         <input_file_ref idref="fl-e5"/>
      </object_component>
      <object_component id="oc-23b">
         <name>.debug_info</name>
         <load_address>0xf63f</load_address>
         <run_address>0xf63f</run_address>
         <size>0x724</size>
         <input_file_ref idref="fl-e5"/>
      </object_component>
      <object_component id="oc-347">
         <name>.debug_info</name>
         <load_address>0xfd63</load_address>
         <run_address>0xfd63</run_address>
         <size>0x282</size>
         <input_file_ref idref="fl-e6"/>
      </object_component>
      <object_component id="oc-235">
         <name>.debug_info</name>
         <load_address>0xffe5</load_address>
         <run_address>0xffe5</run_address>
         <size>0x31c</size>
         <input_file_ref idref="fl-e6"/>
      </object_component>
      <object_component id="oc-355">
         <name>.debug_info</name>
         <load_address>0x10301</load_address>
         <run_address>0x10301</run_address>
         <size>0x287</size>
         <input_file_ref idref="fl-e7"/>
      </object_component>
      <object_component id="oc-241">
         <name>.debug_info</name>
         <load_address>0x10588</load_address>
         <run_address>0x10588</run_address>
         <size>0x375</size>
         <input_file_ref idref="fl-e7"/>
      </object_component>
      <object_component id="oc-3ef">
         <name>.debug_info</name>
         <load_address>0x108fd</load_address>
         <run_address>0x108fd</run_address>
         <size>0x284</size>
         <input_file_ref idref="fl-e8"/>
      </object_component>
      <object_component id="oc-349">
         <name>.debug_info</name>
         <load_address>0x10b81</load_address>
         <run_address>0x10b81</run_address>
         <size>0x21f</size>
         <input_file_ref idref="fl-e8"/>
      </object_component>
      <object_component id="oc-96">
         <name>.debug_info</name>
         <load_address>0x10da0</load_address>
         <run_address>0x10da0</run_address>
         <size>0x13f</size>
         <input_file_ref idref="fl-e9"/>
      </object_component>
      <object_component id="oc-263">
         <name>.debug_info</name>
         <load_address>0x10edf</load_address>
         <run_address>0x10edf</run_address>
         <size>0x547</size>
         <input_file_ref idref="fl-ea"/>
      </object_component>
      <object_component id="oc-152">
         <name>.debug_info</name>
         <load_address>0x11426</load_address>
         <run_address>0x11426</run_address>
         <size>0x19b</size>
         <input_file_ref idref="fl-ea"/>
      </object_component>
      <object_component id="oc-36a">
         <name>.debug_info</name>
         <load_address>0x115c1</load_address>
         <run_address>0x115c1</run_address>
         <size>0x39</size>
         <input_file_ref idref="fl-ea"/>
      </object_component>
      <object_component id="oc-3f9">
         <name>.debug_info</name>
         <load_address>0x115fa</load_address>
         <run_address>0x115fa</run_address>
         <size>0x39</size>
         <input_file_ref idref="fl-ea"/>
      </object_component>
      <object_component id="oc-36f">
         <name>.debug_info</name>
         <load_address>0x11633</load_address>
         <run_address>0x11633</run_address>
         <size>0x39</size>
         <input_file_ref idref="fl-ea"/>
      </object_component>
      <object_component id="oc-374">
         <name>.debug_info</name>
         <load_address>0x1166c</load_address>
         <run_address>0x1166c</run_address>
         <size>0xcd</size>
         <input_file_ref idref="fl-ea"/>
      </object_component>
      <object_component id="oc-9a">
         <name>.debug_info</name>
         <load_address>0x11739</load_address>
         <run_address>0x11739</run_address>
         <size>0x148</size>
         <input_file_ref idref="fl-eb"/>
      </object_component>
      <object_component id="oc-31c">
         <name>.debug_info</name>
         <load_address>0x11881</load_address>
         <run_address>0x11881</run_address>
         <size>0x8a6</size>
         <input_file_ref idref="fl-ed"/>
      </object_component>
      <object_component id="oc-2f4">
         <name>.debug_info</name>
         <load_address>0x12127</load_address>
         <run_address>0x12127</run_address>
         <size>0x213</size>
         <input_file_ref idref="fl-ed"/>
      </object_component>
      <object_component id="oc-3a6">
         <name>.debug_info</name>
         <load_address>0x1233a</load_address>
         <run_address>0x1233a</run_address>
         <size>0x1a8</size>
         <input_file_ref idref="fl-ed"/>
      </object_component>
      <object_component id="oc-3ab">
         <name>.debug_info</name>
         <load_address>0x124e2</load_address>
         <run_address>0x124e2</run_address>
         <size>0x210</size>
         <input_file_ref idref="fl-ed"/>
      </object_component>
      <object_component id="oc-2f9">
         <name>.debug_info</name>
         <load_address>0x126f2</load_address>
         <run_address>0x126f2</run_address>
         <size>0x3b0</size>
         <input_file_ref idref="fl-ed"/>
      </object_component>
      <object_component id="oc-3b2">
         <name>.debug_info</name>
         <load_address>0x12aa2</load_address>
         <run_address>0x12aa2</run_address>
         <size>0x2fa</size>
         <input_file_ref idref="fl-ed"/>
      </object_component>
      <object_component id="oc-3b8">
         <name>.debug_info</name>
         <load_address>0x12d9c</load_address>
         <run_address>0x12d9c</run_address>
         <size>0x20a</size>
         <input_file_ref idref="fl-ed"/>
      </object_component>
      <object_component id="oc-2fe">
         <name>.debug_info</name>
         <load_address>0x12fa6</load_address>
         <run_address>0x12fa6</run_address>
         <size>0x20a</size>
         <input_file_ref idref="fl-ed"/>
      </object_component>
      <object_component id="oc-304">
         <name>.debug_info</name>
         <load_address>0x131b0</load_address>
         <run_address>0x131b0</run_address>
         <size>0x2f9</size>
         <input_file_ref idref="fl-ed"/>
      </object_component>
      <object_component id="oc-30a">
         <name>.debug_info</name>
         <load_address>0x134a9</load_address>
         <run_address>0x134a9</run_address>
         <size>0x4a5</size>
         <input_file_ref idref="fl-ed"/>
      </object_component>
      <object_component id="oc-204">
         <name>.debug_info</name>
         <load_address>0x1394e</load_address>
         <run_address>0x1394e</run_address>
         <size>0x5cd</size>
         <input_file_ref idref="fl-ed"/>
      </object_component>
      <object_component id="oc-31d">
         <name>.debug_info</name>
         <load_address>0x13f1b</load_address>
         <run_address>0x13f1b</run_address>
         <size>0x86</size>
         <input_file_ref idref="fl-ed"/>
      </object_component>
      <object_component id="oc-3d6">
         <name>.debug_info</name>
         <load_address>0x13fa1</load_address>
         <run_address>0x13fa1</run_address>
         <size>0x39</size>
         <input_file_ref idref="fl-ed"/>
      </object_component>
      <object_component id="oc-425">
         <name>.debug_info</name>
         <load_address>0x13fda</load_address>
         <run_address>0x13fda</run_address>
         <size>0xb6</size>
         <input_file_ref idref="fl-ed"/>
      </object_component>
      <object_component id="oc-3db">
         <name>.debug_info</name>
         <load_address>0x14090</load_address>
         <run_address>0x14090</run_address>
         <size>0x46</size>
         <input_file_ref idref="fl-ed"/>
      </object_component>
      <object_component id="oc-322">
         <name>.debug_info</name>
         <load_address>0x140d6</load_address>
         <run_address>0x140d6</run_address>
         <size>0x46</size>
         <input_file_ref idref="fl-ed"/>
      </object_component>
      <object_component id="oc-396">
         <name>.debug_info</name>
         <load_address>0x1411c</load_address>
         <run_address>0x1411c</run_address>
         <size>0x2ae</size>
         <input_file_ref idref="fl-ee"/>
      </object_component>
      <object_component id="oc-2ee">
         <name>.debug_info</name>
         <load_address>0x143ca</load_address>
         <run_address>0x143ca</run_address>
         <size>0x171</size>
         <input_file_ref idref="fl-ee"/>
      </object_component>
      <object_component id="oc-409">
         <name>.debug_info</name>
         <load_address>0x1453b</load_address>
         <run_address>0x1453b</run_address>
         <size>0xee</size>
         <input_file_ref idref="fl-ef"/>
      </object_component>
      <object_component id="oc-393">
         <name>.debug_info</name>
         <load_address>0x14629</load_address>
         <run_address>0x14629</run_address>
         <size>0xfa</size>
[...]
         <value>0x26d</value>
         <object_component_ref idref="oc-f2"/>
      </symbol>
      <symbol id="sm-1e8">
         <name>oi_loadSong</name>
         <value>0x8b7</value>
         <object_component_ref idref="oc-f2"/>
      </symbol>
      <symbol id="sm-1e9">
         <name>oi_play_song</name>
         <value>0x90d</value>
         <object_component_ref idref="oc-f2"/>
      </symbol>
      <symbol id="sm-1ea">
         <name>oi_parsePacket</name>
         <value>0x327</value>
         <object_component_ref idref="oc-f2"/>
      </symbol>
      <symbol id="sm-1eb">
         <name>oi_setLeds</name>
         <value>0x831</value>
         <object_component_ref idref="oc-f2"/>
      </symbol>
      <symbol id="sm-1ec">
         <name>oi_init</name>
         <value>0x2ad</value>
         <object_component_ref idref="oc-f2"/>
      </symbol>
      <symbol id="sm-1ed">
         <name>oi_update</name>
         <value>0x2d5</value>
         <object_component_ref idref="oc-f2"/>
      </symbol>
      <symbol id="sm-1ee">
         <name>oi_uartInit</name>
         <value>0x92f</value>
         <object_component_ref idref="oc-f2"/>
      </symbol>
      <symbol id="sm-241">
         <name>move_servo</name>
         <value>0x3c91</value>
         <object_component_ref idref="oc-da"/>
      </symbol>
      <symbol id="sm-242">
         <name>move_dumb_servo</name>
         <value>0x3c69</value>
         <object_component_ref idref="oc-da"/>
      </symbol>
      <symbol id="sm-243">
         <name>servo_init</name>
         <value>0x3951</value>
         <object_component_ref idref="oc-da"/>
      </symbol>
      <symbol id="sm-244">
         <name>calibrate</name>
         <value>0x39df</value>
         <object_component_ref idref="oc-da"/>
      </symbol>
      <symbol id="sm-245">
         <name>min</name>
         <value>0x20000f64</value>
         <object_component_ref idref="oc-189"/>
      </symbol>
      <symbol id="sm-246">
         <name>move_manual</name>
         <value>0x3b11</value>
         <object_component_ref idref="oc-da"/>
      </symbol>
      <symbol id="sm-247">
         <name>max</name>
         <value>0x20000f60</value>
         <object_component_ref idref="oc-189"/>
      </symbol>
      <symbol id="sm-263">
         <name>ResetISR</name>
         <value>0x63d1</value>
         <object_component_ref idref="oc-27"/>
      </symbol>
      <symbol id="sm-264">
         <name>g_pfnVectors</name>
         <value>0x0</value>
         <object_component_ref idref="oc-f"/>
      </symbol>
      <symbol id="sm-2c4">
         <name>in</name>
         <value>0x20000f10</value>
      </symbol>
      <symbol id="sm-2c5">
         <name>UART1_Handler</name>
         <value>0x38dd</value>
         <object_component_ref idref="oc-e6"/>
      </symbol>
      <symbol id="sm-2c6">
         <name>get_dist</name>
         <value>0x3721</value>
         <object_component_ref idref="oc-e6"/>
      </symbol>
      <symbol id="sm-2c7">
         <name>uart_sendChar</name>
         <value>0x35e5</value>
         <object_component_ref idref="oc-e6"/>
      </symbol>
      <symbol id="sm-2c8">
         <name>index</name>
         <value>0x20000f68</value>
         <object_component_ref idref="oc-1ac"/>
      </symbol>
      <symbol id="sm-2c9">
         <name>uart_init</name>
         <value>0x3489</value>
         <object_component_ref idref="oc-e6"/>
      </symbol>
      <symbol id="sm-2ca">
         <name>ADC0SS0_Handler</name>
         <value>0x389d</value>
         <object_component_ref idref="oc-e6"/>
      </symbol>
      <symbol id="sm-2cb">
         <name>uart_receive</name>
         <value>0x368f</value>
         <object_component_ref idref="oc-e6"/>
      </symbol>
      <symbol id="sm-2cc">
         <name>data</name>
         <value>0x20000f6c</value>
         <object_component_ref idref="oc-1ac"/>
      </symbol>
      <symbol id="sm-2cd">
         <name>uart_sendStr</name>
         <value>0x36b9</value>
         <object_component_ref idref="oc-e6"/>
      </symbol>
      <symbol id="sm-308">
         <name>ping_read</name>
         <value>0x4423</value>
         <object_component_ref idref="oc-e0"/>
      </symbol>
      <symbol id="sm-309">
         <name>send_pulse</name>
         <value>0x43dd</value>
         <object_component_ref idref="oc-e0"/>
      </symbol>
      <symbol id="sm-30a">
         <name>flag2</name>
         <value>0x20000f34</value>
         <object_component_ref idref="oc-1a8"/>
      </symbol>
      <symbol id="sm-30b">
         <name>update_flag</name>
         <value>0x20000f30</value>
         <object_component_ref idref="oc-1a8"/>
      </symbol>
      <symbol id="sm-30c">
         <name>ultrasonic_init</name>
         <value>0x434d</value>
         <object_component_ref idref="oc-e0"/>
      </symbol>
      <symbol id="sm-30d">
         <name>falling_time</name>
         <value>0x20000f2c</value>
         <object_component_ref idref="oc-1a8"/>
      </symbol>
      <symbol id="sm-30e">
         <name>time2dist</name>
         <value>0x44a1</value>
         <object_component_ref idref="oc-e0"/>
      </symbol>
      <symbol id="sm-30f">
         <name>TIMER3B_Handler</name>
         <value>0x44c5</value>
         <object_component_ref idref="oc-e0"/>
      </symbol>
      <symbol id="sm-310">
         <name>rising_time</name>
         <value>0x20000f28</value>
         <object_component_ref idref="oc-1a8"/>
      </symbol>
      <symbol id="sm-311">
         <name>overflow</name>
         <value>0x20000f38</value>
         <object_component_ref idref="oc-1a8"/>
      </symbol>
      <symbol id="sm-33e">
         <name>isr_char_buffer</name>
         <value>0x20000ec4</value>
      </symbol>
      <symbol id="sm-33f">
         <name>cyBot_getByte</name>
         <value>0x4cc7</value>
         <object_component_ref idref="oc-f8"/>
      </symbol>
      <symbol id="sm-340">
         <name>cyBot_sendByte</name>
         <value>0x4bd9</value>
         <object_component_ref idref="oc-f8"/>
      </symbol>
      <symbol id="sm-341">
         <name>cyBot_uart_sendStr</name>
         <value>0x4be5</value>
         <object_component_ref idref="oc-f8"/>
      </symbol>
      <symbol id="sm-342">
         <name>isr_counter</name>
         <value>0x20000f70</value>
         <object_component_ref idref="oc-1f8"/>
      </symbol>
      <symbol id="sm-343">
         <name>cyBot_uart_sendBuffer</name>
         <value>0x4bff</value>
         <object_component_ref idref="oc-f8"/>
      </symbol>
      <symbol id="sm-344">
         <name>cyBot_uart_flush</name>
         <value>0x4ca9</value>
         <object_component_ref idref="oc-f8"/>
      </symbol>
      <symbol id="sm-345">
         <name>cyBot_UART1_Handler</name>
         <value>0x4ce1</value>
         <object_component_ref idref="oc-f8"/>
      </symbol>
      <symbol id="sm-346">
         <name>cyBot_uart_init</name>
         <value>0x4c17</value>
         <object_component_ref idref="oc-f8"/>
      </symbol>
      <symbol id="sm-3db">
         <name>pow</name>
         <value>0x1755</value>
         <object_component_ref idref="oc-10f"/>
      </symbol>
      <symbol id="sm-3dc">
         <name>powl</name>
         <value>0x1755</value>
         <object_component_ref idref="oc-10f"/>
      </symbol>
      <symbol id="sm-3fe">
         <name>sqrtl</name>
         <value>0x4e8d</value>
         <object_component_ref idref="oc-139"/>
      </symbol>
      <symbol id="sm-3ff">
         <name>sqrt</name>
         <value>0x4e8d</value>
         <object_component_ref idref="oc-139"/>
      </symbol>
      <symbol id="sm-450">
         <name>cosl</name>
         <value>0x2ead</value>
         <object_component_ref idref="oc-133"/>
      </symbol>
      <symbol id="sm-451">
         <name>cos</name>
         <value>0x2ead</value>
         <object_component_ref idref="oc-133"/>
      </symbol>
      <symbol id="sm-478">
         <name>scalbn</name>
         <value>0x5379</value>
         <object_component_ref idref="oc-220"/>
      </symbol>
      <symbol id="sm-479">
         <name>scalbnl</name>
         <value>0x5379</value>
         <object_component_ref idref="oc-220"/>
      </symbol>
      <symbol id="sm-47a">
         <name>ldexpl</name>
         <value>0x5379</value>
         <object_component_ref idref="oc-220"/>
      </symbol>
      <symbol id="sm-47b">
         <name>ldexp</name>
         <value>0x5379</value>
         <object_component_ref idref="oc-220"/>
      </symbol>
      <symbol id="sm-485">
         <name>copysign</name>
         <value>0x6337</value>
         <object_component_ref idref="oc-332"/>
      </symbol>
      <symbol id="sm-486">
         <name>copysignl</name>
         <value>0x6337</value>
         <object_component_ref idref="oc-332"/>
      </symbol>
      <symbol id="sm-49d">
         <name>__aeabi_dsub</name>
         <value>0x4741</value>
         <object_component_ref idref="oc-115"/>
      </symbol>
      <symbol id="sm-49e">
         <name>__aeabi_dadd</name>
         <value>0x474b</value>
         <object_component_ref idref="oc-115"/>
      </symbol>
      <symbol id="sm-4c0">
         <name>__aeabi_cdcmpeq</name>
         <value>0x5a3d</value>
         <object_component_ref idref="oc-199"/>
      </symbol>
      <symbol id="sm-4c1">
         <name>__aeabi_cdcmple</name>
         <value>0x5a3d</value>
         <object_component_ref idref="oc-199"/>
      </symbol>
      <symbol id="sm-4c2">
         <name>__aeabi_cdrcmple</name>
         <value>0x5ac3</value>
         <object_component_ref idref="oc-19e"/>
      </symbol>
      <symbol id="sm-4d6">
         <name>__aeabi_ddiv</name>
         <value>0x5121</value>
         <object_component_ref idref="oc-129"/>
      </symbol>
      <symbol id="sm-4e1">
         <name>__aeabi_dmul</name>
         <value>0x558d</value>
         <object_component_ref idref="oc-124"/>
      </symbol>
      <symbol id="sm-4eb">
         <name>__aeabi_d2iz</name>
         <value>0x5f2d</value>
         <object_component_ref idref="oc-1e9"/>
      </symbol>
      <symbol id="sm-4f7">
         <name>__aeabi_d2f</name>
         <value>0x5cab</value>
         <object_component_ref idref="oc-11a"/>
      </symbol>
      <symbol id="sm-501">
         <name>__aeabi_d2uiz</name>
         <value>0x5fb9</value>
         <object_component_ref idref="oc-1a3"/>
      </symbol>
      <symbol id="sm-50c">
         <name>__aeabi_f2d</name>
         <value>0x6169</value>
         <object_component_ref idref="oc-12e"/>
      </symbol>
      <symbol id="sm-516">
         <name>__aeabi_i2d</name>
         <value>0x6205</value>
         <object_component_ref idref="oc-11f"/>
      </symbol>
      <symbol id="sm-531">
         <name>memcpy</name>
         <value>0x590b</value>
         <object_component_ref idref="oc-3b"/>
      </symbol>
      <symbol id="sm-532">
         <name>__aeabi_memcpy</name>
         <value>0x590b</value>
         <object_component_ref idref="oc-3b"/>
      </symbol>
      <symbol id="sm-533">
         <name>__aeabi_memcpy8</name>
         <value>0x590b</value>
         <object_component_ref idref="oc-3b"/>
      </symbol>
      <symbol id="sm-534">
         <name>__aeabi_memcpy4</name>
         <value>0x590b</value>
         <object_component_ref idref="oc-3b"/>
      </symbol>
      <symbol id="sm-53e">
         <name>__aeabi_ui2d</name>
         <value>0x6285</value>
         <object_component_ref idref="oc-10a"/>
      </symbol>
      <symbol id="sm-557">
         <name>__TI_zero_init_nomemset</name>
         <value>0x6373</value>
         <object_component_ref idref="oc-47"/>
      </symbol>
      <symbol id="sm-56e">
         <name>__TI_decompress_none</name>
         <value>0x63b7</value>
         <object_component_ref idref="oc-18"/>
      </symbol>
      <symbol id="sm-591">
         <name>__TI_decompress_lzss</name>
         <value>0x5d19</value>
         <object_component_ref idref="oc-12"/>
      </symbol>
      <symbol id="sm-5a4">
         <name>__stack</name>
         <value>0x20000270</value>
         <object_component_ref idref="oc-21"/>
      </symbol>
      <symbol id="sm-5a5">
         <name>_c_int00_noargs</name>
         <value>0x60f9</value>
         <object_component_ref idref="oc-59"/>
      </symbol>
      <symbol id="sm-5bb">
         <name>__aeabi_errno_addr</name>
         <value>0x63e9</value>
         <object_component_ref idref="oc-217"/>
      </symbol>
      <symbol id="sm-5bc">
         <name>errno</name>
         <value>0x20000f78</value>
         <object_component_ref idref="oc-32b"/>
      </symbol>
      <symbol id="sm-5c7">
         <name>C$$EXIT</name>
         <value>0x63f5</value>
         <object_component_ref idref="oc-144"/>
      </symbol>
      <symbol id="sm-5c8">
         <name>abort</name>
         <value>0x63f5</value>
         <object_component_ref idref="oc-144"/>
      </symbol>
      <symbol id="sm-64e">
         <name>_sys_memory</name>
         <value>0x20000a70</value>
         <object_component_ref idref="oc-24"/>
      </symbol>
      <symbol id="sm-64f">
         <name>free</name>
         <value>0x5781</value>
         <object_component_ref idref="oc-1dc"/>
      </symbol>
      <symbol id="sm-650">
         <name>calloc</name>
         <value>0x6233</value>
         <object_component_ref idref="oc-1d6"/>
      </symbol>
      <symbol id="sm-651">
         <name>malloc</name>
         <value>0x5bc5</value>
         <object_component_ref idref="oc-2bf"/>
      </symbol>
      <symbol id="sm-652">
         <name>minit</name>
         <value>0x6131</value>
         <object_component_ref idref="oc-2c6"/>
      </symbol>
      <symbol id="sm-667">
         <name>_nop</name>
         <value>0x1753</value>
         <object_component_ref idref="oc-35c"/>
      </symbol>
      <symbol id="sm-668">
         <name>_lock</name>
         <value>0x20000f58</value>
         <object_component_ref idref="oc-25c"/>
      </symbol>
      <symbol id="sm-669">
         <name>_unlock</name>
         <value>0x20000f5c</value>
         <object_component_ref idref="oc-25c"/>
      </symbol>
      <symbol id="sm-691">
         <name>sprintf</name>
         <value>0x5ffd</value>
         <object_component_ref idref="oc-104"/>
      </symbol>
      <symbol id="sm-6a0">
         <name>strcmp</name>
         <value>0x6309</value>
         <object_component_ref idref="oc-1c0"/>
      </symbol>
      <symbol id="sm-6ae">
         <name>strcpy</name>
         <value>0x634b</value>
         <object_component_ref idref="oc-1c6"/>
      </symbol>
      <symbol id="sm-6d8">
         <name>vsnprintf</name>
         <value>0x603d</value>
         <object_component_ref idref="oc-1ba"/>
      </symbol>
      <symbol id="sm-73f">
         <name>__kernel_rem_pio2</name>
         <value>0x2115</value>
         <object_component_ref idref="oc-23a"/>
      </symbol>
      <symbol id="sm-755">
         <name>__kernel_cos</name>
         <value>0x4a6d</value>
         <object_component_ref idref="oc-234"/>
      </symbol>
      <symbol id="sm-76c">
         <name>__kernel_sin</name>
         <value>0x48f9</value>
         <object_component_ref idref="oc-240"/>
      </symbol>
      <symbol id="sm-789">
         <name>floorl</name>
         <value>0x5689</value>
         <object_component_ref idref="oc-348"/>
      </symbol>
      <symbol id="sm-78a">
         <name>floor</name>
         <value>0x5689</value>
         <object_component_ref idref="oc-348"/>
      </symbol>
      <symbol id="sm-799">
         <name>__aeabi_memset</name>
         <value>0x5b4b</value>
         <object_component_ref idref="oc-93"/>
      </symbol>
      <symbol id="sm-79a">
         <name>memset</name>
         <value>0x5b51</value>
         <object_component_ref idref="oc-93"/>
      </symbol>
      <symbol id="sm-79b">
         <name>__aeabi_memset8</name>
         <value>0x5b4b</value>
         <object_component_ref idref="oc-93"/>
      </symbol>
      <symbol id="sm-79c">
         <name>__aeabi_memset4</name>
         <value>0x5b4b</value>
         <object_component_ref idref="oc-93"/>
      </symbol>
      <symbol id="sm-79d">
         <name>__aeabi_memclr8</name>
         <value>0x5b49</value>
         <object_component_ref idref="oc-93"/>
      </symbol>
      <symbol id="sm-79e">
         <name>__aeabi_memclr4</name>
         <value>0x5b49</value>
         <object_component_ref idref="oc-93"/>
      </symbol>
      <symbol id="sm-79f">
         <name>__aeabi_memclr</name>
         <value>0x5b49</value>
         <object_component_ref idref="oc-93"/>
      </symbol>
      <symbol id="sm-7c7">
         <name>__TI_auto_init_nobinit_nopinit</name>
         <value>0x5f75</value>
         <object_component_ref idref="oc-150"/>
      </symbol>
      <symbol id="sm-7d1">
         <name>_system_pre_init</name>
         <value>0x63f1</value>
         <object_component_ref idref="oc-99"/>
      </symbol>
      <symbol id="sm-937">
         <name>__TI_printfi</name>
         <value>0xcf5</value>
         <object_component_ref idref="oc-202"/>
      </symbol>
      <symbol id="sm-94d">
         <name>atoi</name>
         <value>0x5ee1</value>
         <object_component_ref idref="oc-2eb"/>
      </symbol>
      <symbol id="sm-958">
         <name>_ctypes_</name>
         <value>0x6550</value>
         <object_component_ref idref="oc-392"/>
      </symbol>
      <symbol id="sm-967">
         <name>ltoa</name>
         <value>0x5e3b</value>
         <object_component_ref idref="oc-39d"/>
      </symbol>
      <symbol id="sm-977">
         <name>memccpy</name>
         <value>0x62a5</value>
         <object_component_ref idref="oc-30f"/>
      </symbol>
      <symbol id="sm-987">
         <name>strchr</name>
         <value>0x6321</value>
         <object_component_ref idref="oc-3c4"/>
      </symbol>
      <symbol id="sm-995">
         <name>strlen</name>
         <value>0x635f</value>
         <object_component_ref idref="oc-2e5"/>
      </symbol>
      <symbol id="sm-9ab">
         <name>frexpl</name>
         <value>0x5d81</value>
         <object_component_ref idref="oc-3be"/>
      </symbol>
      <symbol id="sm-9ac">
         <name>frexp</name>
         <value>0x5d81</value>
         <object_component_ref idref="oc-3be"/>
      </symbol>
      <symbol id="sm-9c5">
         <name>wcslen</name>
         <value>0x6385</value>
         <object_component_ref idref="oc-315"/>
      </symbol>
      <symbol id="sm-9d2">
         <name>__aeabi_uldivmod</name>
         <value>0x59a7</value>
         <object_component_ref idref="oc-397"/>
      </symbol>
      <symbol id="sm-9dc">
         <name>__aeabi_idiv0</name>
         <value>0x48f7</value>
         <object_component_ref idref="oc-40c"/>
      </symbol>
      <symbol id="sm-9dd">
         <name>__aeabi_ldiv0</name>
         <value>0x48f7</value>
         <object_component_ref idref="oc-40c"/>
      </symbol>
      <symbol id="sm-a07">
         <name>IntRegister</name>
         <value>0x61a1</value>
         <object_component_ref idref="oc-18d"/>
      </symbol>
      <symbol id="sm-a08">
         <name>g_pfnRAMVectors</name>
         <value>0x20000000</value>
         <object_component_ref idref="oc-27c"/>
      </symbol>
      <symbol id="sm-a09">
         <name>IntMasterEnable</name>
         <value>0x6397</value>
         <object_component_ref idref="oc-193"/>
      </symbol>
      <symbol id="sm-a13">
         <name>CPUcpsie</name>
         <value>0x63c5</value>
         <object_component_ref idref="oc-286"/>
      </symbol>
      <symbol id="sm-a14">
         <name>__TI_static_base__</name>
         <value>0x0</value>
      </symbol>
      <symbol id="sm-a17">
         <name>__mpu_init</name>
         <value>0x0</value>
      </symbol>
      <symbol id="sm-a18">
         <name>_system_post_cinit</name>
         <value>0x0</value>
      </symbol>
   </symbol_table>
   <title>Link successful</title>
</link_info>
