******************************************************************************
                  TI ARM Linker PC v18.1.2                     
******************************************************************************
>> Linked Tue Oct  2 13:13:22 2018

OUTPUT FILE NAME:   <lab_5.out>
ENTRY POINT SYMBOL: "_c_int00_noargs"  address: 00002869


MEMORY CONFIGURATION

         name            origin    length      used     unused   attr    fill
----------------------  --------  ---------  --------  --------  ----  --------
  FLASH                 00000000   00040000  00002b95  0003d46b  R  X
  SRAM                  20000000   00008000  00000ede  00007122  RW X


SEGMENT ALLOCATION MAP

run origin  load origin   length   init length attrs members
----------  ----------- ---------- ----------- ----- -------
00000000    00000000    00002b98   00002b98    r-x
  00000000    00000000    0000026c   0000026c    r-- .intvecs
  0000026c    0000026c    000027e0   000027e0    r-x .text
  00002a4c    00002a4c    00000109   00000109    r-- .const
  00002b58    00002b58    00000040   00000040    r-- .cinit
20000000    20000000    00000ee5   00000000    rw-
  20000000    20000000    0000026c   00000000    rw- .vtable
  20000270    20000270    00000800   00000000    rw- .stack
  20000a70    20000a70    00000400   00000000    rw- .sysmem
  20000e70    20000e70    00000069   00000000    rw- .bss
  20000edc    20000edc    00000009   00000000    rw- .data


SECTION ALLOCATION MAP

 output                                  attributes/
section   page    origin      length       input sections
--------  ----  ----------  ----------   ----------------
.intvecs   0    00000000    0000026c     
                  00000000    0000026c     tm4c1236h6pm_startup_ccs.obj (.intvecs)

.text      0    0000026c    000027e0     
                  0000026c    00000a5e     rtsv7M4_T_le_v4SPD16_eabi.lib : _printfi.c.obj (.text:__TI_printfi)
                  00000cca    00000002                                   : div0.asm.obj (.text)
                  00000ccc    000002ec     lcd.obj (.text)
                  00000fb8    00000270     rtsv7M4_T_le_v4SPD16_eabi.lib : _printfi.c.obj (.text:_pconv_a)
                  00001228    00000254     uart.obj (.text)
                  0000147c    000001d0     rtsv7M4_T_le_v4SPD16_eabi.lib : _printfi.c.obj (.text:_pconv_g)
                  0000164c    000001b6                                   : fd_add_t2.asm.obj (.text)
                  00001802    00000002     --HOLE-- [fill = 0]
                  00001804    00000170     main.obj (.text)
                  00001974    00000158     Timer.obj (.text)
                  00001acc    0000013c     rtsv7M4_T_le_v4SPD16_eabi.lib : _printfi.c.obj (.text:_pconv_e)
                  00001c08    00000136                                   : fd_div_t2.asm.obj (.text)
                  00001d3e    00000002     --HOLE-- [fill = 0]
                  00001d40    00000120                                   : _printfi.c.obj (.text:fcvt)
                  00001e60    00000110                                   : s_scalbn.c.obj (.text:scalbn)
                  00001f70    00000104     button.obj (.text)
                  00002074    000000fc     rtsv7M4_T_le_v4SPD16_eabi.lib : fd_mul_t2.asm.obj (.text)
                  00002170    000000b1                                   : _printfi.c.obj (.text:_ltostr)
                  00002221    00000001     --HOLE-- [fill = 0]
                  00002222    0000009c                                   : memcpy_t2.asm.obj (.text)
                  000022be    00000096                                   : ull_div_t2.asm.obj (.text)
                  00002354    00000086                                   : fd_cmp_t2.asm.obj (.text:__aeabi_cdcmple)
                  000023da    00000086                                   : fd_cmp_t2.asm.obj (.text:__aeabi_cdrcmple)
                  00002460    0000007a                                   : memset_t2.asm.obj (.text)
                  000024da    0000006e                                   : _printfi.c.obj (.text:_mcpy)
                  00002548    00000068                                   : copy_decompress_lzss.c.obj (.text:decompress:lzss:__TI_decompress_lzss)
                  000025b0    00000064                                   : s_frexp.c.obj (.text:frexp)
                  00002614    00000056                                   : _printfi.c.obj (.text:_pconv_f)
                  0000266a    00000054                                   : ltoa.c.obj (.text:ltoa)
                  000026be    00000052                                   : _printfi.c.obj (.text:_ecpy)
                  00002710    0000004c                                   : atoi.c.obj (.text:atoi)
                  0000275c    00000048                                   : fd_toi_t2.asm.obj (.text)
                  000027a4    00000044                                   : autoinit.c.obj (.text:__TI_auto_init_nobinit_nopinit:__TI_auto_init_nobinit_nopinit)
                  000027e8    00000040                                   : vsnprintf.c.obj (.text:vsnprintf)
                  00002828    0000003e                                   : _printfi.c.obj (.text:_fcpy)
                  00002866    00000002     --HOLE-- [fill = 0]
                  00002868    00000038                                   : boot_cortex_m.c.obj (.text:_c_int00_noargs:_c_int00_noargs)
                  000028a0    00000034     driverlib.lib : interrupt.obj (.text:IntRegister)
                  000028d4    00000030     rtsv7M4_T_le_v4SPD16_eabi.lib : vsnprintf.c.obj (.text:_outs)
                  00002904    0000002e                                   : i_tofd_t2.asm.obj (.text)
                  00002932    0000001c                                   : memccpy.c.obj (.text:memccpy)
                  0000294e    00000018                                   : vsnprintf.c.obj (.text:_outc)
                  00002966    00000018                                   : strcmp.c.obj (.text:strcmp)
                  0000297e    00000016                                   : strchr.c.obj (.text:strchr)
                  00002994    00000014                                   : s_copysign.c.obj (.text:copysign)
                  000029a8    00000014                                   : strcpy.c.obj (.text:strcpy)
                  000029bc    00000014                                   : strlen.c.obj (.text:strlen)
                  000029d0    00000012                                   : copy_zero_init.c.obj (.text:decompress:ZI:__TI_zero_init_nomemset:__TI_zero_init_nomemset)
                  000029e2    00000012                                   : wcslen.c.obj (.text:wcslen)
                  000029f4    00000010     driverlib.lib : interrupt.obj (.text:IntMasterEnable)
                  00002a04    00000010     lcd.obj (.text:lcd_clear)
                  00002a14    0000000e     rtsv7M4_T_le_v4SPD16_eabi.lib : copy_decompress_none.c.obj (.text:decompress:none:__TI_decompress_none)
                  00002a22    0000000c     driverlib.lib : cpu.obj (.text:CPUcpsie)
                  00002a2e    0000000c     tm4c1236h6pm_startup_ccs.obj (.text)
                  00002a3a    00000002     --HOLE-- [fill = 0]
                  00002a3c    00000008     rtsv7M4_T_le_v4SPD16_eabi.lib : errno.c.obj (.text:__aeabi_errno_addr)
                  00002a44    00000004                                   : pre_init.c.obj (.text:_system_pre_init)
                  00002a48    00000004                                   : exit.c.obj (.text:abort:abort)

.const     0    00002a4c    00000109     
                  00002a4c    00000101     rtsv7M4_T_le_v4SPD16_eabi.lib : ctype.c.obj (.const:.string:_ctypes_)
                  00002b4d    00000004     lcd.obj (.const:.string:lineAddress$1)
                  00002b51    00000004     lcd.obj (.const:.string:lineAddresses$2)

.cinit     0    00002b58    00000040     
                  00002b58    0000000c     (__TI_handler_table)
                  00002b64    00000004     --HOLE-- [fill = 0]
                  00002b68    00000008     (.cinit..bss.load) [load image, compression = zero_init]
                  00002b70    00000008     (.cinit..vtable.load) [load image, compression = zero_init]
                  00002b78    00000007     (.cinit..data.load) [load image, compression = lzss]
                  00002b7f    00000001     --HOLE-- [fill = 0]
                  00002b80    00000018     (__TI_cinit_table)

.init_array 
*          0    00000000    00000000     UNINITIALIZED

.vtable    0    20000000    0000026c     UNINITIALIZED
                  20000000    0000026c     driverlib.lib : interrupt.obj (.vtable)

.stack     0    20000270    00000800     UNINITIALIZED
                  20000270    00000004     rtsv7M4_T_le_v4SPD16_eabi.lib : boot_cortex_m.c.obj (.stack)
                  20000274    000007fc     --HOLE--

.sysmem    0    20000a70    00000400     UNINITIALIZED
                  20000a70    00000008     rtsv7M4_T_le_v4SPD16_eabi.lib : memory.c.obj (.sysmem)
                  20000a78    000003f8     --HOLE--

.bss       0    20000e70    00000069     UNINITIALIZED
                  20000e70    00000054     lcd.obj (.bss:lastbuffer$3)
                  20000ec4    00000014     (.common:in)
                  20000ed8    00000001     (.common:_prevButton)

.data      0    20000edc    00000009     UNINITIALIZED
                  20000edc    00000004     rtsv7M4_T_le_v4SPD16_eabi.lib : errno.c.obj (.data)
                  20000ee0    00000004     uart.obj (.data)
                  20000ee4    00000001     button.obj (.data)

MODULE SUMMARY

       Module                         code    ro data   rw data
       ------                         ----    -------   -------
    .\
       lcd.obj                        764     8         84     
       tm4c1236h6pm_startup_ccs.obj   12      620       0      
       uart.obj                       596     0         24     
       main.obj                       368     0         0      
       Timer.obj                      344     0         0      
       button.obj                     260     0         2      
    +--+------------------------------+-------+---------+---------+
       Total:                         2344    628       110    
                                                               
    C:/ti/TivaWare_C_Series-2.1.4.178/driverlib/ccs/Debug/driverlib.lib
       interrupt.obj                  68      0         620    
       cpu.obj                        12      0         0      
    +--+------------------------------+-------+---------+---------+
       Total:                         80      0         620    
                                                               
    C:\ti\ccsv8\tools\compiler\ti-cgt-arm_18.1.2.LTS\lib\rtsv7M4_T_le_v4SPD16_eabi.lib
       _printfi.c.obj                 4863    0         0      
       fd_add_t2.asm.obj              438     0         0      
       fd_div_t2.asm.obj              310     0         0      
       s_scalbn.c.obj                 272     0         0      
       fd_cmp_t2.asm.obj              268     0         0      
       ctype.c.obj                    0       257       0      
       fd_mul_t2.asm.obj              252     0         0      
       memcpy_t2.asm.obj              156     0         0      
       ull_div_t2.asm.obj             150     0         0      
       vsnprintf.c.obj                136     0         0      
       memset_t2.asm.obj              122     0         0      
       copy_decompress_lzss.c.obj     104     0         0      
       s_frexp.c.obj                  100     0         0      
       ltoa.c.obj                     84      0         0      
       atoi.c.obj                     76      0         0      
       fd_toi_t2.asm.obj              72      0         0      
       autoinit.c.obj                 68      0         0      
       boot_cortex_m.c.obj            56      0         0      
       i_tofd_t2.asm.obj              46      0         0      
       memccpy.c.obj                  28      0         0      
       strcmp.c.obj                   24      0         0      
       strchr.c.obj                   22      0         0      
       s_copysign.c.obj               20      0         0      
       strcpy.c.obj                   20      0         0      
       strlen.c.obj                   20      0         0      
       copy_zero_init.c.obj           18      0         0      
       wcslen.c.obj                   18      0         0      
       copy_decompress_none.c.obj     14      0         0      
       errno.c.obj                    8       0         4      
       exit.c.obj                     4       0         0      
       pre_init.c.obj                 4       0         0      
       div0.asm.obj                   2       0         0      
    +--+------------------------------+-------+---------+---------+
       Total:                         7775    257       4      
                                                               
       Heap:                          0       0         1024   
       Stack:                         0       0         2048   
       Linker Generated:              0       59        0      
    +--+------------------------------+-------+---------+---------+
       Grand Total:                   10199   944       3806   


LINKER GENERATED COPY TABLES

__TI_cinit_table @ 00002b80 records: 3, size/record: 8, table size: 24
	.bss: load addr=00002b68, load size=00000008 bytes, run addr=20000e70, run size=00000069 bytes, compression=zero_init
	.vtable: load addr=00002b70, load size=00000008 bytes, run addr=20000000, run size=0000026c bytes, compression=zero_init
	.data: load addr=00002b78, load size=00000007 bytes, run addr=20000edc, run size=00000009 bytes, compression=lzss


LINKER GENERATED HANDLER TABLE

__TI_handler_table @ 00002b58 records: 3, size/record: 4, table size: 12
	index: 0, handler: __TI_zero_init
	index: 1, handler: __TI_decompress_lzss
	index: 2, handler: __TI_decompress_none


GLOBAL SYMBOLS: SORTED ALPHABETICALLY BY Name 

address   name                          
-------   ----                          
00002a49  C$$EXIT                       
00002a23  CPUcpsie                      
000029f5  IntMasterEnable               
000028a1  IntRegister                   
00002a2f  ResetISR                      
000013f3  UART1_Handler                 
20000a70  __STACK_END                   
00000800  __STACK_SIZE                  
20000470  __STACK_TOP                   
00000400  __SYSMEM_SIZE                 
00002b80  __TI_CINIT_Base               
00002b98  __TI_CINIT_Limit              
00002b58  __TI_Handler_Table_Base       
00002b64  __TI_Handler_Table_Limit      
000027a5  __TI_auto_init_nobinit_nopinit
00002549  __TI_decompress_lzss          
00002a15  __TI_decompress_none          
ffffffff  __TI_pprof_out_hndl           
0000026d  __TI_printfi                  
ffffffff  __TI_prof_data_size           
ffffffff  __TI_prof_data_start          
00000000  __TI_static_base__            
000029d1  __TI_zero_init_nomemset       
00002355  __aeabi_cdcmpeq               
00002355  __aeabi_cdcmple               
000023db  __aeabi_cdrcmple              
0000275d  __aeabi_d2iz                  
00001657  __aeabi_dadd                  
00001c09  __aeabi_ddiv                  
00002075  __aeabi_dmul                  
0000164d  __aeabi_dsub                  
00002a3d  __aeabi_errno_addr            
00002905  __aeabi_i2d                   
00000ccb  __aeabi_idiv0                 
00000ccb  __aeabi_ldiv0                 
00002461  __aeabi_memclr                
00002461  __aeabi_memclr4               
00002461  __aeabi_memclr8               
00002223  __aeabi_memcpy                
00002223  __aeabi_memcpy4               
00002223  __aeabi_memcpy8               
00002463  __aeabi_memset                
00002463  __aeabi_memset4               
00002463  __aeabi_memset8               
000022bf  __aeabi_uldivmod              
ffffffff  __binit__                     
ffffffff  __c_args__                    
UNDEFED   __mpu_init                    
20000270  __stack                       
00002869  _c_int00_noargs               
00002a4c  _ctypes_                      
20000ed8  _prevButton                   
20000a70  _sys_memory                   
UNDEFED   _system_post_cinit            
00002a45  _system_pre_init              
00002a49  abort                         
00002711  atoi                          
ffffffff  binit                         
00001f9d  button_checkButtons           
00001fa7  button_getButton              
00002009  button_getButtonBlocking      
0000201d  button_getButtonChange        
00002047  button_getButtonChangeBlocking
00001f71  button_init                   
00002995  copysign                      
00002995  copysignl                     
20000edc  errno                         
000025b1  frexp                         
000025b1  frexpl                        
20000000  g_pfnRAMVectors               
00000000  g_pfnVectors                  
20000ec4  in                            
20000ee0  index                         
00002a05  lcd_clear                     
00000e65  lcd_gotoLine                  
00000ccd  lcd_init                      
00000ecb  lcd_printf                    
00000d8d  lcd_putc                      
00000dc5  lcd_puts                      
00000de3  lcd_sendCommand               
00000e21  lcd_sendNibble                
00000e8d  lcd_setCursorPos              
00001e61  ldexp                         
00001e61  ldexpl                        
0000266b  ltoa                          
00001805  main                          
00002933  memccpy                       
00002223  memcpy                        
00002469  memset                        
00001e61  scalbn                        
00001e61  scalbnl                       
0000297f  strchr                        
00002967  strcmp                        
000029a9  strcpy                        
000029bd  strlen                        
00001a85  timer_getClock                
00001a39  timer_startClock              
000019d3  timer_startTimer              
00001a8b  timer_stopClock               
00001a23  timer_stopTimer               
000019a9  timer_waitMicros              
00001975  timer_waitMillis              
00001229  uart_init                     
000013a3  uart_receive                  
000012ef  uart_sendChar                 
000013cd  uart_sendStr                  
000027e9  vsnprintf                     
000029e3  wcslen                        


GLOBAL SYMBOLS: SORTED BY Symbol Address 

address   name                          
-------   ----                          
00000000  __TI_static_base__            
00000000  g_pfnVectors                  
0000026d  __TI_printfi                  
00000400  __SYSMEM_SIZE                 
00000800  __STACK_SIZE                  
00000ccb  __aeabi_idiv0                 
00000ccb  __aeabi_ldiv0                 
00000ccd  lcd_init                      
00000d8d  lcd_putc                      
00000dc5  lcd_puts                      
00000de3  lcd_sendCommand               
00000e21  lcd_sendNibble                
00000e65  lcd_gotoLine                  
00000e8d  lcd_setCursorPos              
00000ecb  lcd_printf                    
00001229  uart_init                     
000012ef  uart_sendChar                 
000013a3  uart_receive                  
000013cd  uart_sendStr                  
000013f3  UART1_Handler                 
0000164d  __aeabi_dsub                  
00001657  __aeabi_dadd                  
00001805  main                          
00001975  timer_waitMillis              
000019a9  timer_waitMicros              
000019d3  timer_startTimer              
00001a23  timer_stopTimer               
00001a39  timer_startClock              
00001a85  timer_getClock                
00001a8b  timer_stopClock               
00001c09  __aeabi_ddiv                  
00001e61  ldexp                         
00001e61  ldexpl                        
00001e61  scalbn                        
00001e61  scalbnl                       
00001f71  button_init                   
00001f9d  button_checkButtons           
00001fa7  button_getButton              
00002009  button_getButtonBlocking      
0000201d  button_getButtonChange        
00002047  button_getButtonChangeBlocking
00002075  __aeabi_dmul                  
00002223  __aeabi_memcpy                
00002223  __aeabi_memcpy4               
00002223  __aeabi_memcpy8               
00002223  memcpy                        
000022bf  __aeabi_uldivmod              
00002355  __aeabi_cdcmpeq               
00002355  __aeabi_cdcmple               
000023db  __aeabi_cdrcmple              
00002461  __aeabi_memclr                
00002461  __aeabi_memclr4               
00002461  __aeabi_memclr8               
00002463  __aeabi_memset                
00002463  __aeabi_memset4               
00002463  __aeabi_memset8               
00002469  memset                        
00002549  __TI_decompress_lzss          
000025b1  frexp                         
000025b1  frexpl                        
0000266b  ltoa                          
00002711  atoi                          
0000275d  __aeabi_d2iz                  
000027a5  __TI_auto_init_nobinit_nopinit
000027e9  vsnprintf                     
00002869  _c_int00_noargs               
000028a1  IntRegister                   
00002905  __aeabi_i2d                   
00002933  memccpy                       
00002967  strcmp                        
0000297f  strchr                        
00002995  copysign                      
00002995  copysignl                     
000029a9  strcpy                        
000029bd  strlen                        
000029d1  __TI_zero_init_nomemset       
000029e3  wcslen                        
000029f5  IntMasterEnable               
00002a05  lcd_clear                     
00002a15  __TI_decompress_none          
00002a23  CPUcpsie                      
00002a2f  ResetISR                      
00002a3d  __aeabi_errno_addr            
00002a45  _system_pre_init              
00002a49  C$$EXIT                       
00002a49  abort                         
00002a4c  _ctypes_                      
00002b58  __TI_Handler_Table_Base       
00002b64  __TI_Handler_Table_Limit      
00002b80  __TI_CINIT_Base               
00002b98  __TI_CINIT_Limit              
20000000  g_pfnRAMVectors               
20000270  __stack                       
20000470  __STACK_TOP                   
20000a70  __STACK_END                   
20000a70  _sys_memory                   
20000ec4  in                            
20000ed8  _prevButton                   
20000edc  errno                         
20000ee0  index                         
ffffffff  __TI_pprof_out_hndl           
ffffffff  __TI_prof_data_size           
ffffffff  __TI_prof_data_start          
ffffffff  __binit__                     
ffffffff  __c_args__                    
ffffffff  binit                         
UNDEFED   __mpu_init                    
UNDEFED   _system_post_cinit            

[108 symbols]
