******************************************************************************
                  TI ARM Linker PC v18.1.2                     
******************************************************************************
>> Linked Tue Nov 27 11:17:26 2018

OUTPUT FILE NAME:   <final.out>
ENTRY POINT SYMBOL: "_c_int00_noargs"  address: 000060c1


MEMORY CONFIGURATION

         name            origin    length      used     unused   attr    fill
----------------------  --------  ---------  --------  --------  ----  --------
  FLASH                 00000000   00040000  000066bb  00039945  R  X
  SRAM                  20000000   00008000  00000f3e  000070c2  RW X


SEGMENT ALLOCATION MAP

run origin  load origin   length   init length attrs members
----------  ----------- ---------- ----------- ----- -------
00000000    00000000    000066c0   000066c0    r-x
  00000000    00000000    0000026c   0000026c    r-- .intvecs
  0000026c    0000026c    00006154   00006154    r-x .text
  000063c0    000063c0    000002a3   000002a3    r-- .const
  00006668    00006668    00000058   00000058    r-- .cinit
20000000    20000000    00000f45   00000000    rw-
  20000000    20000000    0000026c   00000000    rw- .vtable
  20000270    20000270    00000800   00000000    rw- .stack
  20000a70    20000a70    00000400   00000000    rw- .sysmem
  20000e70    20000e70    00000081   00000000    rw- .bss
  20000ef4    20000ef4    00000051   00000000    rw- .data


SECTION ALLOCATION MAP

 output                                  attributes/
section   page    origin      length       input sections
--------  ----  ----------  ----------   ----------------
.intvecs   0    00000000    0000026c     
                  00000000    0000026c     tm4c1236h6pm_startup_ccs.obj (.intvecs)

.text      0    0000026c    00006154     
                  0000026c    00000a88     open_interface.obj (.text)
                  00000cf4    00000a5e     rtsv7M4_T_le_v4SPD16_eabi.lib : _printfi.c.obj (.text:__TI_printfi)
                  00001752    00000002                                   : _lock.c.obj (.text:_nop)
                  00001754    000009c0                                   : e_pow.c.obj (.text:pow)
                  00002114    00000738                                   : k_rem_pio2.c.obj (.text:__kernel_rem_pio2)
                  0000284c    00000608     main.obj (.text)
                  00002e54    000005dc     rtsv7M4_T_le_v4SPD16_eabi.lib : s_cos.c.obj (.text:cos)
                  00003430    000004c8     uart.obj (.text)
                  000038f8    000004a0     servo.obj (.text)
                  00003d98    000002ec     lcd.obj (.text)
                  00004084    00000270     rtsv7M4_T_le_v4SPD16_eabi.lib : _printfi.c.obj (.text:_pconv_a)
                  000042f4    00000224     ultrasonic.obj (.text)
                  00004518    000001d0     rtsv7M4_T_le_v4SPD16_eabi.lib : _printfi.c.obj (.text:_pconv_g)
                  000046e8    000001b6                                   : fd_add_t2.asm.obj (.text)
                  0000489e    00000002                                   : div0.asm.obj (.text)
                  000048a0    0000017c     movement.obj (.text)
                  00004a1c    00000174     rtsv7M4_T_le_v4SPD16_eabi.lib : k_sin.c.obj (.text:__kernel_sin)
                  00004b90    0000016c                                   : k_cos.c.obj (.text:__kernel_cos)
                  00004cfc    00000158     Timer.obj (.text)
                  00004e54    00000158     rtsv7M4_T_le_v4SPD16_eabi.lib : e_sqrt.c.obj (.text:sqrt)
                  00004fac    0000013c                                   : _printfi.c.obj (.text:_pconv_e)
                  000050e8    00000136                                   : fd_div_t2.asm.obj (.text)
                  0000521e    00000002     --HOLE-- [fill = 0]
                  00005220    00000120                                   : _printfi.c.obj (.text:fcvt)
                  00005340    00000110                                   : s_scalbn.c.obj (.text:scalbn)
                  00005450    00000104     button.obj (.text)
                  00005554    000000fc     rtsv7M4_T_le_v4SPD16_eabi.lib : fd_mul_t2.asm.obj (.text)
                  00005650    000000f8                                   : s_floor.c.obj (.text:floor)
                  00005748    000000d8                                   : memory.c.obj (.text:free)
                  00005820    000000b1                                   : _printfi.c.obj (.text:_ltostr)
                  000058d1    00000001     --HOLE-- [fill = 0]
                  000058d2    0000009c                                   : memcpy_t2.asm.obj (.text)
                  0000596e    00000096                                   : ull_div_t2.asm.obj (.text)
                  00005a04    00000086                                   : fd_cmp_t2.asm.obj (.text:__aeabi_cdcmple)
                  00005a8a    00000086                                   : fd_cmp_t2.asm.obj (.text:__aeabi_cdrcmple)
                  00005b10    0000007a                                   : memset_t2.asm.obj (.text)
                  00005b8a    00000002     --HOLE-- [fill = 0]
                  00005b8c    00000078                                   : memory.c.obj (.text:malloc)
                  00005c04    0000006e                                   : _printfi.c.obj (.text:_mcpy)
                  00005c72    0000006e                                   : fd_tos_t2.asm.obj (.text)
                  00005ce0    00000068                                   : copy_decompress_lzss.c.obj (.text:decompress:lzss:__TI_decompress_lzss)
                  00005d48    00000064                                   : s_frexp.c.obj (.text:frexp)
                  00005dac    00000056                                   : _printfi.c.obj (.text:_pconv_f)
                  00005e02    00000054                                   : ltoa.c.obj (.text:ltoa)
                  00005e56    00000052                                   : _printfi.c.obj (.text:_ecpy)
                  00005ea8    0000004c                                   : atoi.c.obj (.text:atoi)
                  00005ef4    00000048                                   : fd_toi_t2.asm.obj (.text)
                  00005f3c    00000044                                   : autoinit.c.obj (.text:__TI_auto_init_nobinit_nopinit:__TI_auto_init_nobinit_nopinit)
                  00005f80    00000044                                   : fd_tou_t2.asm.obj (.text)
                  00005fc4    00000040                                   : sprintf.c.obj (.text:sprintf)
                  00006004    00000040                                   : vsnprintf.c.obj (.text:vsnprintf)
                  00006044    0000003e                                   : _printfi.c.obj (.text:_fcpy)
                  00006082    00000002     --HOLE-- [fill = 0]
                  00006084    0000003c                                   : memory.c.obj (.text:minsert)
                  000060c0    00000038                                   : boot_cortex_m.c.obj (.text:_c_int00_noargs:_c_int00_noargs)
                  000060f8    00000038                                   : memory.c.obj (.text:minit)
                  00006130    00000038                                   : fs_tod_t2.asm.obj (.text)
                  00006168    00000034     driverlib.lib : interrupt.obj (.text:IntRegister)
                  0000619c    00000030     rtsv7M4_T_le_v4SPD16_eabi.lib : vsnprintf.c.obj (.text:_outs)
                  000061cc    0000002e                                   : i_tofd_t2.asm.obj (.text)
                  000061fa    0000002a                                   : memory.c.obj (.text:calloc)
                  00006224    00000028                                   : memory.c.obj (.text:mremove)
                  0000624c    00000020                                   : u_tofd_t2.asm.obj (.text)
                  0000626c    0000001c                                   : memccpy.c.obj (.text:memccpy)
                  00006288    00000018                                   : vsnprintf.c.obj (.text:_outc)
                  000062a0    00000018                                   : sprintf.c.obj (.text:_outs)
                  000062b8    00000018     open_interface.obj (.text:oi_parseInt)
                  000062d0    00000018     rtsv7M4_T_le_v4SPD16_eabi.lib : strcmp.c.obj (.text:strcmp)
                  000062e8    00000016                                   : strchr.c.obj (.text:strchr)
                  000062fe    00000014                                   : s_copysign.c.obj (.text:copysign)
                  00006312    00000014                                   : strcpy.c.obj (.text:strcpy)
                  00006326    00000014                                   : strlen.c.obj (.text:strlen)
                  0000633a    00000012                                   : copy_zero_init.c.obj (.text:decompress:ZI:__TI_zero_init_nomemset:__TI_zero_init_nomemset)
                  0000634c    00000012                                   : wcslen.c.obj (.text:wcslen)
                  0000635e    00000010     driverlib.lib : interrupt.obj (.text:IntMasterEnable)
                  0000636e    00000010     lcd.obj (.text:lcd_clear)
                  0000637e    0000000e     rtsv7M4_T_le_v4SPD16_eabi.lib : copy_decompress_none.c.obj (.text:decompress:none:__TI_decompress_none)
                  0000638c    0000000c     driverlib.lib : cpu.obj (.text:CPUcpsie)
                  00006398    0000000c     tm4c1236h6pm_startup_ccs.obj (.text)
                  000063a4    0000000a     rtsv7M4_T_le_v4SPD16_eabi.lib : sprintf.c.obj (.text:_outc)
                  000063ae    00000002     --HOLE-- [fill = 0]
                  000063b0    00000008                                   : errno.c.obj (.text:__aeabi_errno_addr)
                  000063b8    00000004                                   : pre_init.c.obj (.text:_system_pre_init)
                  000063bc    00000004                                   : exit.c.obj (.text:abort:abort)

.const     0    000063c0    000002a3     
                  000063c0    00000158     rtsv7M4_T_le_v4SPD16_eabi.lib : k_rem_pio2.c.obj (.const:$O1$$)
                  00006518    00000101                                   : ctype.c.obj (.const:.string:_ctypes_)
                  00006619    00000004     lcd.obj (.const:.string:lineAddress$1)
                  0000661d    00000003     --HOLE-- [fill = 0]
                  00006620    00000030     rtsv7M4_T_le_v4SPD16_eabi.lib : e_pow.c.obj (.const:$O1$$)
                  00006650    0000000f     open_interface.obj (.const:.string:$P$T0$3)
                  0000665f    00000004     lcd.obj (.const:.string:lineAddresses$2)

.cinit     0    00006668    00000058     
                  00006668    00000021     (.cinit..data.load) [load image, compression = lzss]
                  00006689    00000003     --HOLE-- [fill = 0]
                  0000668c    0000000c     (__TI_handler_table)
                  00006698    00000008     (.cinit..bss.load) [load image, compression = zero_init]
                  000066a0    00000008     (.cinit..vtable.load) [load image, compression = zero_init]
                  000066a8    00000018     (__TI_cinit_table)

.init_array 
*          0    00000000    00000000     UNINITIALIZED

.vtable    0    20000000    0000026c     UNINITIALIZED
                  20000000    0000026c     driverlib.lib : interrupt.obj (.vtable)

.stack     0    20000270    00000800     UNINITIALIZED
                  20000270    00000004     rtsv7M4_T_le_v4SPD16_eabi.lib : boot_cortex_m.c.obj (.stack)
                  20000274    000007fc     --HOLE--

.sysmem    0    20000a70    00000400     UNINITIALIZED
                  20000a70    00000008     rtsv7M4_T_le_v4SPD16_eabi.lib : memory.c.obj (.sysmem)
                  20000a78    000003f8     --HOLE--

.bss       0    20000e70    00000081     UNINITIALIZED
                  20000e70    00000054     lcd.obj (.bss:lastbuffer$3)
                  20000ec4    00000018     open_interface.obj (.bss:firmware$2)
                  20000edc    00000014     (.common:in)
                  20000ef0    00000001     (.common:_prevButton)

.data      0    20000ef4    00000051     UNINITIALIZED
                  20000ef4    00000014     ultrasonic.obj (.data)
                  20000f08    00000010     open_interface.obj (.data)
                  20000f18    0000000c     rtsv7M4_T_le_v4SPD16_eabi.lib : memory.c.obj (.data:$O1$$)
                  20000f24    00000008                                   : _lock.c.obj (.data:$O1$$)
                  20000f2c    00000008     servo.obj (.data)
                  20000f34    00000008     uart.obj (.data)
                  20000f3c    00000004     main.obj (.data)
                  20000f40    00000004     rtsv7M4_T_le_v4SPD16_eabi.lib : errno.c.obj (.data)
                  20000f44    00000001     button.obj (.data)

MODULE SUMMARY

       Module                         code    ro data   rw data
       ------                         ----    -------   -------
    .\
       open_interface.obj             2720    15        40     
       main.obj                       1544    0         4      
       uart.obj                       1224    0         28     
       servo.obj                      1184    0         8      
       lcd.obj                        764     8         84     
       tm4c1236h6pm_startup_ccs.obj   12      620       0      
       ultrasonic.obj                 548     0         20     
       movement.obj                   380     0         0      
       Timer.obj                      344     0         0      
       button.obj                     260     0         2      
    +--+------------------------------+-------+---------+---------+
       Total:                         8980    643       186    
                                                               
    C:/ti/TivaWare_C_Series-2.1.4.178/driverlib/ccs/Debug/driverlib.lib
       interrupt.obj                  68      0         620    
       cpu.obj                        12      0         0      
    +--+------------------------------+-------+---------+---------+
       Total:                         80      0         620    
                                                               
    C:\ti\ccsv8\tools\compiler\ti-cgt-arm_18.1.2.LTS\lib\rtsv7M4_T_le_v4SPD16_eabi.lib
       _printfi.c.obj                 4863    0         0      
       e_pow.c.obj                    2496    48        0      
       k_rem_pio2.c.obj               1848    344       0      
       s_cos.c.obj                    1500    0         0      
       memory.c.obj                   534     0         12     
       fd_add_t2.asm.obj              438     0         0      
       k_sin.c.obj                    372     0         0      
       k_cos.c.obj                    364     0         0      
       e_sqrt.c.obj                   344     0         0      
       fd_div_t2.asm.obj              310     0         0      
       s_scalbn.c.obj                 272     0         0      
       fd_cmp_t2.asm.obj              268     0         0      
       ctype.c.obj                    0       257       0      
       fd_mul_t2.asm.obj              252     0         0      
       s_floor.c.obj                  248     0         0      
       memcpy_t2.asm.obj              156     0         0      
       ull_div_t2.asm.obj             150     0         0      
       vsnprintf.c.obj                136     0         0      
       memset_t2.asm.obj              122     0         0      
       fd_tos_t2.asm.obj              110     0         0      
       copy_decompress_lzss.c.obj     104     0         0      
       s_frexp.c.obj                  100     0         0      
       sprintf.c.obj                  98      0         0      
       ltoa.c.obj                     84      0         0      
       atoi.c.obj                     76      0         0      
       fd_toi_t2.asm.obj              72      0         0      
       autoinit.c.obj                 68      0         0      
       fd_tou_t2.asm.obj              68      0         0      
       boot_cortex_m.c.obj            56      0         0      
       fs_tod_t2.asm.obj              56      0         0      
       i_tofd_t2.asm.obj              46      0         0      
       u_tofd_t2.asm.obj              32      0         0      
       memccpy.c.obj                  28      0         0      
       strcmp.c.obj                   24      0         0      
       strchr.c.obj                   22      0         0      
       s_copysign.c.obj               20      0         0      
       strcpy.c.obj                   20      0         0      
       strlen.c.obj                   20      0         0      
       copy_zero_init.c.obj           18      0         0      
       wcslen.c.obj                   18      0         0      
       copy_decompress_none.c.obj     14      0         0      
       errno.c.obj                    8       0         4      
       _lock.c.obj                    2       0         8      
       exit.c.obj                     4       0         0      
       pre_init.c.obj                 4       0         0      
       div0.asm.obj                   2       0         0      
    +--+------------------------------+-------+---------+---------+
       Total:                         15847   649       24     
                                                               
       Heap:                          0       0         1024   
       Stack:                         0       0         2048   
       Linker Generated:              0       85        0      
    +--+------------------------------+-------+---------+---------+
       Grand Total:                   24907   1377      3902   


LINKER GENERATED COPY TABLES

__TI_cinit_table @ 000066a8 records: 3, size/record: 8, table size: 24
	.data: load addr=00006668, load size=00000021 bytes, run addr=20000ef4, run size=00000051 bytes, compression=lzss
	.bss: load addr=00006698, load size=00000008 bytes, run addr=20000e70, run size=00000081 bytes, compression=zero_init
	.vtable: load addr=000066a0, load size=00000008 bytes, run addr=20000000, run size=0000026c bytes, compression=zero_init


LINKER GENERATED HANDLER TABLE

__TI_handler_table @ 0000668c records: 3, size/record: 4, table size: 12
	index: 0, handler: __TI_zero_init
	index: 1, handler: __TI_decompress_lzss
	index: 2, handler: __TI_decompress_none


GLOBAL SYMBOLS: SORTED ALPHABETICALLY BY Name 

address   name                          
-------   ----                          
00003845  ADC0SS0_Handler               
000063bd  C$$EXIT                       
0000638d  CPUcpsie                      
00000b65  GPIOF_Handler                 
0000635f  IntMasterEnable               
00006169  IntRegister                   
00006399  ResetISR                      
0000446d  TIMER3B_Handler               
00003885  UART1_Handler                 
20000a70  __STACK_END                   
00000800  __STACK_SIZE                  
20000470  __STACK_TOP                   
00000400  __SYSMEM_SIZE                 
000066a8  __TI_CINIT_Base               
000066c0  __TI_CINIT_Limit              
0000668c  __TI_Handler_Table_Base       
00006698  __TI_Handler_Table_Limit      
00005f3d  __TI_auto_init_nobinit_nopinit
00005ce1  __TI_decompress_lzss          
0000637f  __TI_decompress_none          
ffffffff  __TI_pprof_out_hndl           
00000cf5  __TI_printfi                  
ffffffff  __TI_prof_data_size           
ffffffff  __TI_prof_data_start          
00000000  __TI_static_base__            
0000633b  __TI_zero_init_nomemset       
00005a05  __aeabi_cdcmpeq               
00005a05  __aeabi_cdcmple               
00005a8b  __aeabi_cdrcmple              
00005c73  __aeabi_d2f                   
00005ef5  __aeabi_d2iz                  
00005f81  __aeabi_d2uiz                 
000046f3  __aeabi_dadd                  
000050e9  __aeabi_ddiv                  
00005555  __aeabi_dmul                  
000046e9  __aeabi_dsub                  
000063b1  __aeabi_errno_addr            
00006131  __aeabi_f2d                   
000061cd  __aeabi_i2d                   
0000489f  __aeabi_idiv0                 
0000489f  __aeabi_ldiv0                 
00005b11  __aeabi_memclr                
00005b11  __aeabi_memclr4               
00005b11  __aeabi_memclr8               
000058d3  __aeabi_memcpy                
000058d3  __aeabi_memcpy4               
000058d3  __aeabi_memcpy8               
00005b13  __aeabi_memset                
00005b13  __aeabi_memset4               
00005b13  __aeabi_memset8               
0000624d  __aeabi_ui2d                  
0000596f  __aeabi_uldivmod              
ffffffff  __binit__                     
ffffffff  __c_args__                    
00004b91  __kernel_cos                  
00002115  __kernel_rem_pio2             
00004a1d  __kernel_sin                  
UNDEFED   __mpu_init                    
20000270  __stack                       
000060c1  _c_int00_noargs               
00006518  _ctypes_                      
20000f24  _lock                         
00001753  _nop                          
20000ef0  _prevButton                   
20000a70  _sys_memory                   
UNDEFED   _system_post_cinit            
000063b9  _system_pre_init              
20000f28  _unlock                       
000063bd  abort                         
00005ea9  atoi                          
ffffffff  binit                         
0000547d  button_checkButtons           
00005487  button_getButton              
000054e9  button_getButtonBlocking      
000054fd  button_getButtonChange        
00005527  button_getButtonChangeBlocking
00005451  button_init                   
00003987  calibrate                     
000061fb  calloc                        
000062ff  copysign                      
000062ff  copysignl                     
00002e55  cos                           
00002e55  cosl                          
20000f38  data                          
20000f40  errno                         
20000ef8  falling_time                  
20000f00  flag2                         
00005651  floor                         
00005651  floorl                        
00005749  free                          
00005d49  frexp                         
00005d49  frexpl                        
20000000  g_pfnRAMVectors               
00000000  g_pfnVectors                  
00000b7f  getDegrees                    
000036c9  get_dist                      
00000921  go_charge                     
20000edc  in                            
20000f34  index                         
20000f3c  last_dist                     
0000636f  lcd_clear                     
00003f31  lcd_gotoLine                  
00003d99  lcd_init                      
00003f97  lcd_printf                    
00003e59  lcd_putc                      
00003e91  lcd_puts                      
00003eaf  lcd_sendCommand               
00003eed  lcd_sendNibble                
00003f59  lcd_setCursorPos              
00005341  ldexp                         
00005341  ldexpl                        
00005e03  ltoa                          
0000284d  main                          
00005b8d  malloc                        
000048a1  manuel_control                
20000f2c  max                           
0000626d  memccpy                       
000058d3  memcpy                        
00005b19  memset                        
20000f30  min                           
000060f9  minit                         
00003c11  move_dumb_servo               
00003ab9  move_manual                   
00003c39  move_servo                    
0000026d  oi_alloc                      
00000a4b  oi_checkFirmware              
000002c3  oi_close                      
00000279  oi_free                       
000002ad  oi_init                       
00000289  oi_init_noupdate              
000008b7  oi_loadSong                   
000062b9  oi_parseInt                   
00000327  oi_parsePacket                
0000090d  oi_play_song                  
00000831  oi_setLeds                    
00000875  oi_setWheels                  
00000af3  oi_shutoff_init               
0000092f  oi_uartInit                   
000009d3  oi_uartReceive                
00000a19  oi_uartSendBuff               
000009b7  oi_uartSendChar               
000009fb  oi_uartSendStr                
000002d5  oi_update                     
20000f04  overflow                      
000043cb  ping_read                     
00001755  pow                           
00001755  powl                          
20000ef4  rising_time                   
00005341  scalbn                        
00005341  scalbnl                       
0000289f  scan                          
00004385  send_pulse                    
000038f9  servo_init                    
00005fc5  sprintf                       
00004e55  sqrt                          
00004e55  sqrtl                         
000062e9  strchr                        
000062d1  strcmp                        
00006313  strcpy                        
00006327  strlen                        
00004449  time2dist                     
00004e0d  timer_getClock                
00004dc1  timer_startClock              
00004d5b  timer_startTimer              
00004e13  timer_stopClock               
00004dab  timer_stopTimer               
00004d31  timer_waitMicros              
00004cfd  timer_waitMillis              
00004943  turn                          
0000495d  turn_angle                    
0000491b  turn_clockwise                
0000492f  turn_counterclockwise         
00003431  uart_init                     
00003637  uart_receive                  
0000358d  uart_sendChar                 
00003661  uart_sendStr                  
000042f5  ultrasonic_init               
20000efc  update_flag                   
00006005  vsnprintf                     
0000634d  wcslen                        


GLOBAL SYMBOLS: SORTED BY Symbol Address 

address   name                          
-------   ----                          
00000000  __TI_static_base__            
00000000  g_pfnVectors                  
0000026d  oi_alloc                      
00000279  oi_free                       
00000289  oi_init_noupdate              
000002ad  oi_init                       
000002c3  oi_close                      
000002d5  oi_update                     
00000327  oi_parsePacket                
00000400  __SYSMEM_SIZE                 
00000800  __STACK_SIZE                  
00000831  oi_setLeds                    
00000875  oi_setWheels                  
000008b7  oi_loadSong                   
0000090d  oi_play_song                  
00000921  go_charge                     
0000092f  oi_uartInit                   
000009b7  oi_uartSendChar               
000009d3  oi_uartReceive                
000009fb  oi_uartSendStr                
00000a19  oi_uartSendBuff               
00000a4b  oi_checkFirmware              
00000af3  oi_shutoff_init               
00000b65  GPIOF_Handler                 
00000b7f  getDegrees                    
00000cf5  __TI_printfi                  
00001753  _nop                          
00001755  pow                           
00001755  powl                          
00002115  __kernel_rem_pio2             
0000284d  main                          
0000289f  scan                          
00002e55  cos                           
00002e55  cosl                          
00003431  uart_init                     
0000358d  uart_sendChar                 
00003637  uart_receive                  
00003661  uart_sendStr                  
000036c9  get_dist                      
00003845  ADC0SS0_Handler               
00003885  UART1_Handler                 
000038f9  servo_init                    
00003987  calibrate                     
00003ab9  move_manual                   
00003c11  move_dumb_servo               
00003c39  move_servo                    
00003d99  lcd_init                      
00003e59  lcd_putc                      
00003e91  lcd_puts                      
00003eaf  lcd_sendCommand               
00003eed  lcd_sendNibble                
00003f31  lcd_gotoLine                  
00003f59  lcd_setCursorPos              
00003f97  lcd_printf                    
000042f5  ultrasonic_init               
00004385  send_pulse                    
000043cb  ping_read                     
00004449  time2dist                     
0000446d  TIMER3B_Handler               
000046e9  __aeabi_dsub                  
000046f3  __aeabi_dadd                  
0000489f  __aeabi_idiv0                 
0000489f  __aeabi_ldiv0                 
000048a1  manuel_control                
0000491b  turn_clockwise                
0000492f  turn_counterclockwise         
00004943  turn                          
0000495d  turn_angle                    
00004a1d  __kernel_sin                  
00004b91  __kernel_cos                  
00004cfd  timer_waitMillis              
00004d31  timer_waitMicros              
00004d5b  timer_startTimer              
00004dab  timer_stopTimer               
00004dc1  timer_startClock              
00004e0d  timer_getClock                
00004e13  timer_stopClock               
00004e55  sqrt                          
00004e55  sqrtl                         
000050e9  __aeabi_ddiv                  
00005341  ldexp                         
00005341  ldexpl                        
00005341  scalbn                        
00005341  scalbnl                       
00005451  button_init                   
0000547d  button_checkButtons           
00005487  button_getButton              
000054e9  button_getButtonBlocking      
000054fd  button_getButtonChange        
00005527  button_getButtonChangeBlocking
00005555  __aeabi_dmul                  
00005651  floor                         
00005651  floorl                        
00005749  free                          
000058d3  __aeabi_memcpy                
000058d3  __aeabi_memcpy4               
000058d3  __aeabi_memcpy8               
000058d3  memcpy                        
0000596f  __aeabi_uldivmod              
00005a05  __aeabi_cdcmpeq               
00005a05  __aeabi_cdcmple               
00005a8b  __aeabi_cdrcmple              
00005b11  __aeabi_memclr                
00005b11  __aeabi_memclr4               
00005b11  __aeabi_memclr8               
00005b13  __aeabi_memset                
00005b13  __aeabi_memset4               
00005b13  __aeabi_memset8               
00005b19  memset                        
00005b8d  malloc                        
00005c73  __aeabi_d2f                   
00005ce1  __TI_decompress_lzss          
00005d49  frexp                         
00005d49  frexpl                        
00005e03  ltoa                          
00005ea9  atoi                          
00005ef5  __aeabi_d2iz                  
00005f3d  __TI_auto_init_nobinit_nopinit
00005f81  __aeabi_d2uiz                 
00005fc5  sprintf                       
00006005  vsnprintf                     
000060c1  _c_int00_noargs               
000060f9  minit                         
00006131  __aeabi_f2d                   
00006169  IntRegister                   
000061cd  __aeabi_i2d                   
000061fb  calloc                        
0000624d  __aeabi_ui2d                  
0000626d  memccpy                       
000062b9  oi_parseInt                   
000062d1  strcmp                        
000062e9  strchr                        
000062ff  copysign                      
000062ff  copysignl                     
00006313  strcpy                        
00006327  strlen                        
0000633b  __TI_zero_init_nomemset       
0000634d  wcslen                        
0000635f  IntMasterEnable               
0000636f  lcd_clear                     
0000637f  __TI_decompress_none          
0000638d  CPUcpsie                      
00006399  ResetISR                      
000063b1  __aeabi_errno_addr            
000063b9  _system_pre_init              
000063bd  C$$EXIT                       
000063bd  abort                         
00006518  _ctypes_                      
0000668c  __TI_Handler_Table_Base       
00006698  __TI_Handler_Table_Limit      
000066a8  __TI_CINIT_Base               
000066c0  __TI_CINIT_Limit              
20000000  g_pfnRAMVectors               
20000270  __stack                       
20000470  __STACK_TOP                   
20000a70  __STACK_END                   
20000a70  _sys_memory                   
20000edc  in                            
20000ef0  _prevButton                   
20000ef4  rising_time                   
20000ef8  falling_time                  
20000efc  update_flag                   
20000f00  flag2                         
20000f04  overflow                      
20000f24  _lock                         
20000f28  _unlock                       
20000f2c  max                           
20000f30  min                           
20000f34  index                         
20000f38  data                          
20000f3c  last_dist                     
20000f40  errno                         
ffffffff  __TI_pprof_out_hndl           
ffffffff  __TI_prof_data_size           
ffffffff  __TI_prof_data_start          
ffffffff  __binit__                     
ffffffff  __c_args__                    
ffffffff  binit                         
UNDEFED   __mpu_init                    
UNDEFED   _system_post_cinit            

[180 symbols]
