<?xml version="1.0" encoding="ISO-8859-1" ?>
<link_info>
   <banner>TI ARM Linker PC v18.1.2.LTS</banner>
   <copyright>Copyright (c) 1996-2017 Texas Instruments Incorporated</copyright>
   <link_time>0x5bfd7c26</link_time>
   <link_errors>0x0</link_errors>
   <output_file>final.out</output_file>
   <entry_point>
      <name>_c_int00_noargs</name>
      <address>0x60c1</address>
   </entry_point>
   <input_file_list>
      <input_file id="fl-2">
         <path>.\</path>
         <kind>object</kind>
         <file>Timer.obj</file>
         <name>Timer.obj</name>
      </input_file>
      <input_file id="fl-3">
         <path>.\</path>
         <kind>object</kind>
         <file>button.obj</file>
         <name>button.obj</name>
      </input_file>
      <input_file id="fl-4">
         <path>.\</path>
         <kind>object</kind>
         <file>lab3_template.obj</file>
         <name>lab3_template.obj</name>
      </input_file>
      <input_file id="fl-5">
         <path>.\</path>
         <kind>object</kind>
         <file>lcd.obj</file>
         <name>lcd.obj</name>
      </input_file>
      <input_file id="fl-6">
         <path>.\</path>
         <kind>object</kind>
         <file>main.obj</file>
         <name>main.obj</name>
      </input_file>
      <input_file id="fl-7">
         <path>.\</path>
         <kind>object</kind>
         <file>movement.obj</file>
         <name>movement.obj</name>
      </input_file>
      <input_file id="fl-8">
         <path>.\</path>
         <kind>object</kind>
         <file>open_interface.obj</file>
         <name>open_interface.obj</name>
      </input_file>
      <input_file id="fl-9">
         <path>.\</path>
         <kind>object</kind>
         <file>servo.obj</file>
         <name>servo.obj</name>
      </input_file>
      <input_file id="fl-a">
         <path>.\</path>
         <kind>object</kind>
         <file>tm4c1236h6pm_startup_ccs.obj</file>
         <name>tm4c1236h6pm_startup_ccs.obj</name>
      </input_file>
      <input_file id="fl-b">
         <path>.\</path>
         <kind>object</kind>
         <file>uart.obj</file>
         <name>uart.obj</name>
      </input_file>
      <input_file id="fl-c">
         <path>.\</path>
         <kind>object</kind>
         <file>ultrasonic.obj</file>
         <name>ultrasonic.obj</name>
      </input_file>
      <input_file id="fl-12">
         <kind>object</kind>
         <file>&lt;internal&gt;</file>
         <name>&lt;internal&gt;</name>
      </input_file>
      <input_file id="fl-c8">
         <path>C:\ti\ccsv8\tools\compiler\ti-cgt-arm_18.1.2.LTS\lib\</path>
         <kind>archive</kind>
         <file>rtsv7M4_T_le_v4SPD16_eabi.lib</file>
         <name>e_pow.c.obj</name>
      </input_file>
      <input_file id="fl-c9">
         <path>C:\ti\ccsv8\tools\compiler\ti-cgt-arm_18.1.2.LTS\lib\</path>
         <kind>archive</kind>
         <file>rtsv7M4_T_le_v4SPD16_eabi.lib</file>
         <name>e_sqrt.c.obj</name>
      </input_file>
      <input_file id="fl-ca">
         <path>C:\ti\ccsv8\tools\compiler\ti-cgt-arm_18.1.2.LTS\lib\</path>
         <kind>archive</kind>
         <file>rtsv7M4_T_le_v4SPD16_eabi.lib</file>
         <name>s_cos.c.obj</name>
      </input_file>
      <input_file id="fl-cb">
         <path>C:\ti\ccsv8\tools\compiler\ti-cgt-arm_18.1.2.LTS\lib\</path>
         <kind>archive</kind>
         <file>rtsv7M4_T_le_v4SPD16_eabi.lib</file>
         <name>s_scalbn.c.obj</name>
      </input_file>
      <input_file id="fl-cc">
         <path>C:\ti\ccsv8\tools\compiler\ti-cgt-arm_18.1.2.LTS\lib\</path>
         <kind>archive</kind>
         <file>rtsv7M4_T_le_v4SPD16_eabi.lib</file>
         <name>s_copysign.c.obj</name>
      </input_file>
      <input_file id="fl-cd">
         <path>C:\ti\ccsv8\tools\compiler\ti-cgt-arm_18.1.2.LTS\lib\</path>
         <kind>archive</kind>
         <file>rtsv7M4_T_le_v4SPD16_eabi.lib</file>
         <name>fd_add_t2.asm.obj</name>
      </input_file>
      <input_file id="fl-ce">
         <path>C:\ti\ccsv8\tools\compiler\ti-cgt-arm_18.1.2.LTS\lib\</path>
         <kind>archive</kind>
         <file>rtsv7M4_T_le_v4SPD16_eabi.lib</file>
         <name>fd_cmp_t2.asm.obj</name>
      </input_file>
      <input_file id="fl-cf">
         <path>C:\ti\ccsv8\tools\compiler\ti-cgt-arm_18.1.2.LTS\lib\</path>
         <kind>archive</kind>
         <file>rtsv7M4_T_le_v4SPD16_eabi.lib</file>
         <name>fd_div_t2.asm.obj</name>
      </input_file>
      <input_file id="fl-d0">
         <path>C:\ti\ccsv8\tools\compiler\ti-cgt-arm_18.1.2.LTS\lib\</path>
         <kind>archive</kind>
         <file>rtsv7M4_T_le_v4SPD16_eabi.lib</file>
         <name>fd_mul_t2.asm.obj</name>
      </input_file>
      <input_file id="fl-d1">
         <path>C:\ti\ccsv8\tools\compiler\ti-cgt-arm_18.1.2.LTS\lib\</path>
         <kind>archive</kind>
         <file>rtsv7M4_T_le_v4SPD16_eabi.lib</file>
         <name>fd_toi_t2.asm.obj</name>
      </input_file>
      <input_file id="fl-d2">
         <path>C:\ti\ccsv8\tools\compiler\ti-cgt-arm_18.1.2.LTS\lib\</path>
         <kind>archive</kind>
         <file>rtsv7M4_T_le_v4SPD16_eabi.lib</file>
         <name>fd_tos_t2.asm.obj</name>
      </input_file>
      <input_file id="fl-d3">
         <path>C:\ti\ccsv8\tools\compiler\ti-cgt-arm_18.1.2.LTS\lib\</path>
         <kind>archive</kind>
         <file>rtsv7M4_T_le_v4SPD16_eabi.lib</file>
         <name>fd_tou_t2.asm.obj</name>
      </input_file>
      <input_file id="fl-d4">
         <path>C:\ti\ccsv8\tools\compiler\ti-cgt-arm_18.1.2.LTS\lib\</path>
         <kind>archive</kind>
         <file>rtsv7M4_T_le_v4SPD16_eabi.lib</file>
         <name>fs_tod_t2.asm.obj</name>
      </input_file>
      <input_file id="fl-d5">
         <path>C:\ti\ccsv8\tools\compiler\ti-cgt-arm_18.1.2.LTS\lib\</path>
         <kind>archive</kind>
         <file>rtsv7M4_T_le_v4SPD16_eabi.lib</file>
         <name>i_tofd_t2.asm.obj</name>
      </input_file>
      <input_file id="fl-d6">
         <path>C:\ti\ccsv8\tools\compiler\ti-cgt-arm_18.1.2.LTS\lib\</path>
         <kind>archive</kind>
         <file>rtsv7M4_T_le_v4SPD16_eabi.lib</file>
         <name>memcpy_t2.asm.obj</name>
      </input_file>
      <input_file id="fl-d7">
         <path>C:\ti\ccsv8\tools\compiler\ti-cgt-arm_18.1.2.LTS\lib\</path>
         <kind>archive</kind>
         <file>rtsv7M4_T_le_v4SPD16_eabi.lib</file>
         <name>u_tofd_t2.asm.obj</name>
      </input_file>
      <input_file id="fl-d8">
         <path>C:\ti\ccsv8\tools\compiler\ti-cgt-arm_18.1.2.LTS\lib\</path>
         <kind>archive</kind>
         <file>rtsv7M4_T_le_v4SPD16_eabi.lib</file>
         <name>copy_zero_init.c.obj</name>
      </input_file>
      <input_file id="fl-d9">
         <path>C:\ti\ccsv8\tools\compiler\ti-cgt-arm_18.1.2.LTS\lib\</path>
         <kind>archive</kind>
         <file>rtsv7M4_T_le_v4SPD16_eabi.lib</file>
         <name>copy_decompress_none.c.obj</name>
      </input_file>
      <input_file id="fl-da">
         <path>C:\ti\ccsv8\tools\compiler\ti-cgt-arm_18.1.2.LTS\lib\</path>
         <kind>archive</kind>
         <file>rtsv7M4_T_le_v4SPD16_eabi.lib</file>
         <name>copy_decompress_lzss.c.obj</name>
      </input_file>
      <input_file id="fl-db">
         <path>C:\ti\ccsv8\tools\compiler\ti-cgt-arm_18.1.2.LTS\lib\</path>
         <kind>archive</kind>
         <file>rtsv7M4_T_le_v4SPD16_eabi.lib</file>
         <name>boot_cortex_m.c.obj</name>
      </input_file>
      <input_file id="fl-dc">
         <path>C:\ti\ccsv8\tools\compiler\ti-cgt-arm_18.1.2.LTS\lib\</path>
         <kind>archive</kind>
         <file>rtsv7M4_T_le_v4SPD16_eabi.lib</file>
         <name>errno.c.obj</name>
      </input_file>
      <input_file id="fl-dd">
         <path>C:\ti\ccsv8\tools\compiler\ti-cgt-arm_18.1.2.LTS\lib\</path>
         <kind>archive</kind>
         <file>rtsv7M4_T_le_v4SPD16_eabi.lib</file>
         <name>exit.c.obj</name>
      </input_file>
      <input_file id="fl-de">
         <path>C:\ti\ccsv8\tools\compiler\ti-cgt-arm_18.1.2.LTS\lib\</path>
         <kind>archive</kind>
         <file>rtsv7M4_T_le_v4SPD16_eabi.lib</file>
         <name>memory.c.obj</name>
      </input_file>
      <input_file id="fl-df">
         <path>C:\ti\ccsv8\tools\compiler\ti-cgt-arm_18.1.2.LTS\lib\</path>
         <kind>archive</kind>
         <file>rtsv7M4_T_le_v4SPD16_eabi.lib</file>
         <name>_lock.c.obj</name>
      </input_file>
      <input_file id="fl-e0">
         <path>C:\ti\ccsv8\tools\compiler\ti-cgt-arm_18.1.2.LTS\lib\</path>
         <kind>archive</kind>
         <file>rtsv7M4_T_le_v4SPD16_eabi.lib</file>
         <name>args_main.c.obj</name>
      </input_file>
      <input_file id="fl-e1">
         <path>C:\ti\ccsv8\tools\compiler\ti-cgt-arm_18.1.2.LTS\lib\</path>
         <kind>archive</kind>
         <file>rtsv7M4_T_le_v4SPD16_eabi.lib</file>
         <name>sprintf.c.obj</name>
      </input_file>
      <input_file id="fl-e2">
         <path>C:\ti\ccsv8\tools\compiler\ti-cgt-arm_18.1.2.LTS\lib\</path>
         <kind>archive</kind>
         <file>rtsv7M4_T_le_v4SPD16_eabi.lib</file>
         <name>strcmp.c.obj</name>
      </input_file>
      <input_file id="fl-e3">
         <path>C:\ti\ccsv8\tools\compiler\ti-cgt-arm_18.1.2.LTS\lib\</path>
         <kind>archive</kind>
         <file>rtsv7M4_T_le_v4SPD16_eabi.lib</file>
         <name>strcpy.c.obj</name>
      </input_file>
      <input_file id="fl-e4">
         <path>C:\ti\ccsv8\tools\compiler\ti-cgt-arm_18.1.2.LTS\lib\</path>
         <kind>archive</kind>
         <file>rtsv7M4_T_le_v4SPD16_eabi.lib</file>
         <name>vsnprintf.c.obj</name>
      </input_file>
      <input_file id="fl-e5">
         <path>C:\ti\ccsv8\tools\compiler\ti-cgt-arm_18.1.2.LTS\lib\</path>
         <kind>archive</kind>
         <file>rtsv7M4_T_le_v4SPD16_eabi.lib</file>
         <name>k_rem_pio2.c.obj</name>
      </input_file>
      <input_file id="fl-e6">
         <path>C:\ti\ccsv8\tools\compiler\ti-cgt-arm_18.1.2.LTS\lib\</path>
         <kind>archive</kind>
         <file>rtsv7M4_T_le_v4SPD16_eabi.lib</file>
         <name>k_cos.c.obj</name>
      </input_file>
      <input_file id="fl-e7">
         <path>C:\ti\ccsv8\tools\compiler\ti-cgt-arm_18.1.2.LTS\lib\</path>
         <kind>archive</kind>
         <file>rtsv7M4_T_le_v4SPD16_eabi.lib</file>
         <name>k_sin.c.obj</name>
      </input_file>
      <input_file id="fl-e8">
         <path>C:\ti\ccsv8\tools\compiler\ti-cgt-arm_18.1.2.LTS\lib\</path>
         <kind>archive</kind>
         <file>rtsv7M4_T_le_v4SPD16_eabi.lib</file>
         <name>s_floor.c.obj</name>
      </input_file>
      <input_file id="fl-e9">
         <path>C:\ti\ccsv8\tools\compiler\ti-cgt-arm_18.1.2.LTS\lib\</path>
         <kind>archive</kind>
         <file>rtsv7M4_T_le_v4SPD16_eabi.lib</file>
         <name>memset_t2.asm.obj</name>
      </input_file>
      <input_file id="fl-ea">
         <path>C:\ti\ccsv8\tools\compiler\ti-cgt-arm_18.1.2.LTS\lib\</path>
         <kind>archive</kind>
         <file>rtsv7M4_T_le_v4SPD16_eabi.lib</file>
         <name>autoinit.c.obj</name>
      </input_file>
      <input_file id="fl-eb">
         <path>C:\ti\ccsv8\tools\compiler\ti-cgt-arm_18.1.2.LTS\lib\</path>
         <kind>archive</kind>
         <file>rtsv7M4_T_le_v4SPD16_eabi.lib</file>
         <name>pre_init.c.obj</name>
      </input_file>
      <input_file id="fl-ec">
         <path>C:\ti\ccsv8\tools\compiler\ti-cgt-arm_18.1.2.LTS\lib\</path>
         <kind>archive</kind>
         <file>rtsv7M4_T_le_v4SPD16_eabi.lib</file>
         <name>cpy_tbl.c.obj</name>
      </input_file>
      <input_file id="fl-ed">
         <path>C:\ti\ccsv8\tools\compiler\ti-cgt-arm_18.1.2.LTS\lib\</path>
         <kind>archive</kind>
         <file>rtsv7M4_T_le_v4SPD16_eabi.lib</file>
         <name>_printfi.c.obj</name>
      </input_file>
      <input_file id="fl-ee">
         <path>C:\ti\ccsv8\tools\compiler\ti-cgt-arm_18.1.2.LTS\lib\</path>
         <kind>archive</kind>
         <file>rtsv7M4_T_le_v4SPD16_eabi.lib</file>
         <name>atoi.c.obj</name>
      </input_file>
      <input_file id="fl-ef">
         <path>C:\ti\ccsv8\tools\compiler\ti-cgt-arm_18.1.2.LTS\lib\</path>
         <kind>archive</kind>
         <file>rtsv7M4_T_le_v4SPD16_eabi.lib</file>
         <name>ctype.c.obj</name>
      </input_file>
      <input_file id="fl-f0">
         <path>C:\ti\ccsv8\tools\compiler\ti-cgt-arm_18.1.2.LTS\lib\</path>
         <kind>archive</kind>
         <file>rtsv7M4_T_le_v4SPD16_eabi.lib</file>
         <name>ltoa.c.obj</name>
      </input_file>
      <input_file id="fl-f1">
         <path>C:\ti\ccsv8\tools\compiler\ti-cgt-arm_18.1.2.LTS\lib\</path>
         <kind>archive</kind>
         <file>rtsv7M4_T_le_v4SPD16_eabi.lib</file>
         <name>memccpy.c.obj</name>
      </input_file>
      <input_file id="fl-f2">
         <path>C:\ti\ccsv8\tools\compiler\ti-cgt-arm_18.1.2.LTS\lib\</path>
         <kind>archive</kind>
         <file>rtsv7M4_T_le_v4SPD16_eabi.lib</file>
         <name>strchr.c.obj</name>
      </input_file>
      <input_file id="fl-f3">
         <path>C:\ti\ccsv8\tools\compiler\ti-cgt-arm_18.1.2.LTS\lib\</path>
         <kind>archive</kind>
         <file>rtsv7M4_T_le_v4SPD16_eabi.lib</file>
         <name>strlen.c.obj</name>
      </input_file>
      <input_file id="fl-f4">
         <path>C:\ti\ccsv8\tools\compiler\ti-cgt-arm_18.1.2.LTS\lib\</path>
         <kind>archive</kind>
         <file>rtsv7M4_T_le_v4SPD16_eabi.lib</file>
         <name>s_frexp.c.obj</name>
      </input_file>
      <input_file id="fl-f5">
         <path>C:\ti\ccsv8\tools\compiler\ti-cgt-arm_18.1.2.LTS\lib\</path>
         <kind>archive</kind>
         <file>rtsv7M4_T_le_v4SPD16_eabi.lib</file>
         <name>wcslen.c.obj</name>
      </input_file>
      <input_file id="fl-f6">
         <path>C:\ti\ccsv8\tools\compiler\ti-cgt-arm_18.1.2.LTS\lib\</path>
         <kind>archive</kind>
         <file>rtsv7M4_T_le_v4SPD16_eabi.lib</file>
         <name>ull_div_t2.asm.obj</name>
      </input_file>
      <input_file id="fl-f7">
         <path>C:\ti\ccsv8\tools\compiler\ti-cgt-arm_18.1.2.LTS\lib\</path>
         <kind>archive</kind>
         <file>rtsv7M4_T_le_v4SPD16_eabi.lib</file>
         <name>div0.asm.obj</name>
      </input_file>
      <input_file id="fl-f8">
         <path>C:\ti\TivaWare_C_Series-2.1.4.178\driverlib\ccs\Debug\</path>
         <kind>archive</kind>
         <file>driverlib.lib</file>
         <name>interrupt.obj</name>
      </input_file>
      <input_file id="fl-f9">
         <path>C:\ti\TivaWare_C_Series-2.1.4.178\driverlib\ccs\Debug\</path>
         <kind>archive</kind>
         <file>driverlib.lib</file>
         <name>cpu.obj</name>
      </input_file>
   </input_file_list>
   <object_component_list>
      <object_component id="oc-f">
         <name>.intvecs</name>
         <load_address>0x0</load_address>
         <run_address>0x0</run_address>
         <size>0x26c</size>
         <input_file_ref idref="fl-a"/>
      </object_component>
      <object_component id="oc-d4">
         <name>.text</name>
         <load_address>0x26c</load_address>
         <run_address>0x26c</run_address>
         <size>0xa88</size>
         <input_file_ref idref="fl-8"/>
      </object_component>
      <object_component id="oc-1f8">
         <name>.text:__TI_printfi</name>
         <load_address>0xcf4</load_address>
         <run_address>0xcf4</run_address>
         <size>0xa5e</size>
         <input_file_ref idref="fl-ed"/>
      </object_component>
      <object_component id="oc-353">
         <name>.text:_nop</name>
         <load_address>0x1752</load_address>
         <run_address>0x1752</run_address>
         <size>0x2</size>
         <input_file_ref idref="fl-df"/>
      </object_component>
      <object_component id="oc-109">
         <name>.text:pow</name>
         <load_address>0x1754</load_address>
         <run_address>0x1754</run_address>
         <size>0x9c0</size>
         <input_file_ref idref="fl-c8"/>
      </object_component>
      <object_component id="oc-230">
         <name>.text:__kernel_rem_pio2</name>
         <load_address>0x2114</load_address>
         <run_address>0x2114</run_address>
         <size>0x738</size>
         <input_file_ref idref="fl-e5"/>
      </object_component>
      <object_component id="oc-9f">
         <name>.text</name>
         <load_address>0x284c</load_address>
         <run_address>0x284c</run_address>
         <size>0x608</size>
         <input_file_ref idref="fl-6"/>
      </object_component>
      <object_component id="oc-12d">
         <name>.text:cos</name>
         <load_address>0x2e54</load_address>
         <run_address>0x2e54</run_address>
         <size>0x5dc</size>
         <input_file_ref idref="fl-ca"/>
      </object_component>
      <object_component id="oc-e6">
         <name>.text</name>
         <load_address>0x3430</load_address>
         <run_address>0x3430</run_address>
         <size>0x4c8</size>
         <input_file_ref idref="fl-b"/>
      </object_component>
      <object_component id="oc-da">
         <name>.text</name>
         <load_address>0x38f8</load_address>
         <run_address>0x38f8</run_address>
         <size>0x4a0</size>
         <input_file_ref idref="fl-9"/>
      </object_component>
      <object_component id="oc-ec">
         <name>.text</name>
         <load_address>0x3d98</load_address>
         <run_address>0x3d98</run_address>
         <size>0x2ec</size>
         <input_file_ref idref="fl-5"/>
      </object_component>
      <object_component id="oc-300">
         <name>.text:_pconv_a</name>
         <load_address>0x4084</load_address>
         <run_address>0x4084</run_address>
         <size>0x270</size>
         <input_file_ref idref="fl-ed"/>
      </object_component>
      <object_component id="oc-e0">
         <name>.text</name>
         <load_address>0x42f4</load_address>
         <run_address>0x42f4</run_address>
         <size>0x224</size>
         <input_file_ref idref="fl-c"/>
      </object_component>
      <object_component id="oc-2ee">
         <name>.text:_pconv_g</name>
         <load_address>0x4518</load_address>
         <run_address>0x4518</run_address>
         <size>0x1d0</size>
         <input_file_ref idref="fl-ed"/>
      </object_component>
      <object_component id="oc-10f">
         <name>.text</name>
         <load_address>0x46e8</load_address>
         <run_address>0x46e8</run_address>
         <size>0x1b6</size>
         <input_file_ref idref="fl-cd"/>
      </object_component>
      <object_component id="oc-405">
         <name>.text</name>
         <load_address>0x489e</load_address>
         <run_address>0x489e</run_address>
         <size>0x2</size>
         <input_file_ref idref="fl-f7"/>
      </object_component>
      <object_component id="oc-f2">
         <name>.text</name>
         <load_address>0x48a0</load_address>
         <run_address>0x48a0</run_address>
         <size>0x17c</size>
         <input_file_ref idref="fl-7"/>
      </object_component>
      <object_component id="oc-236">
         <name>.text:__kernel_sin</name>
         <load_address>0x4a1c</load_address>
         <run_address>0x4a1c</run_address>
         <size>0x174</size>
         <input_file_ref idref="fl-e7"/>
      </object_component>
      <object_component id="oc-22a">
         <name>.text:__kernel_cos</name>
         <load_address>0x4b90</load_address>
         <run_address>0x4b90</run_address>
         <size>0x16c</size>
         <input_file_ref idref="fl-e6"/>
      </object_component>
      <object_component id="oc-f8">
         <name>.text</name>
         <load_address>0x4cfc</load_address>
         <run_address>0x4cfc</run_address>
         <size>0x158</size>
         <input_file_ref idref="fl-2"/>
      </object_component>
      <object_component id="oc-133">
         <name>.text:sqrt</name>
         <load_address>0x4e54</load_address>
         <run_address>0x4e54</run_address>
         <size>0x158</size>
         <input_file_ref idref="fl-c9"/>
      </object_component>
      <object_component id="oc-2fa">
         <name>.text:_pconv_e</name>
         <load_address>0x4fac</load_address>
         <run_address>0x4fac</run_address>
         <size>0x13c</size>
         <input_file_ref idref="fl-ed"/>
      </object_component>
      <object_component id="oc-123">
         <name>.text</name>
         <load_address>0x50e8</load_address>
         <run_address>0x50e8</run_address>
         <size>0x136</size>
         <input_file_ref idref="fl-cf"/>
      </object_component>
      <object_component id="oc-3a9">
         <name>.text:fcvt</name>
         <load_address>0x5220</load_address>
         <run_address>0x5220</run_address>
         <size>0x120</size>
         <input_file_ref idref="fl-ed"/>
      </object_component>
      <object_component id="oc-216">
         <name>.text:scalbn</name>
         <load_address>0x5340</load_address>
         <run_address>0x5340</run_address>
         <size>0x110</size>
         <input_file_ref idref="fl-cb"/>
      </object_component>
      <object_component id="oc-1af">
         <name>.text</name>
         <load_address>0x5450</load_address>
         <run_address>0x5450</run_address>
         <size>0x104</size>
         <input_file_ref idref="fl-3"/>
      </object_component>
      <object_component id="oc-11e">
         <name>.text</name>
         <load_address>0x5554</load_address>
         <run_address>0x5554</run_address>
         <size>0xfc</size>
         <input_file_ref idref="fl-d0"/>
      </object_component>
      <object_component id="oc-33f">
         <name>.text:floor</name>
         <load_address>0x5650</load_address>
         <run_address>0x5650</run_address>
         <size>0xf8</size>
         <input_file_ref idref="fl-e8"/>
      </object_component>
      <object_component id="oc-184">
         <name>.text:free</name>
         <load_address>0x5748</load_address>
         <run_address>0x5748</run_address>
         <size>0xd8</size>
         <input_file_ref idref="fl-de"/>
      </object_component>
      <object_component id="oc-2e8">
         <name>.text:_ltostr</name>
         <load_address>0x5820</load_address>
         <run_address>0x5820</run_address>
         <size>0xb1</size>
         <input_file_ref idref="fl-ed"/>
      </object_component>
      <object_component id="oc-3b">
         <name>.text</name>
         <load_address>0x58d2</load_address>
         <run_address>0x58d2</run_address>
         <size>0x9c</size>
         <input_file_ref idref="fl-d6"/>
      </object_component>
      <object_component id="oc-390">
         <name>.text</name>
         <load_address>0x596e</load_address>
         <run_address>0x596e</run_address>
         <size>0x96</size>
         <input_file_ref idref="fl-f6"/>
      </object_component>
      <object_component id="oc-1b9">
         <name>.text:__aeabi_cdcmple</name>
         <load_address>0x5a04</load_address>
         <run_address>0x5a04</run_address>
         <size>0x86</size>
         <input_file_ref idref="fl-ce"/>
      </object_component>
      <object_component id="oc-1be">
         <name>.text:__aeabi_cdrcmple</name>
         <load_address>0x5a8a</load_address>
         <run_address>0x5a8a</run_address>
         <size>0x86</size>
         <input_file_ref idref="fl-ce"/>
      </object_component>
      <object_component id="oc-93">
         <name>.text</name>
         <load_address>0x5b10</load_address>
         <run_address>0x5b10</run_address>
         <size>0x7a</size>
         <input_file_ref idref="fl-e9"/>
      </object_component>
      <object_component id="oc-26e">
         <name>.text:malloc</name>
         <load_address>0x5b8c</load_address>
         <run_address>0x5b8c</run_address>
         <size>0x78</size>
         <input_file_ref idref="fl-de"/>
      </object_component>
      <object_component id="oc-3a2">
         <name>.text:_mcpy</name>
         <load_address>0x5c04</load_address>
         <run_address>0x5c04</run_address>
         <size>0x6e</size>
         <input_file_ref idref="fl-ed"/>
      </object_component>
      <object_component id="oc-114">
         <name>.text</name>
         <load_address>0x5c72</load_address>
         <run_address>0x5c72</run_address>
         <size>0x6e</size>
         <input_file_ref idref="fl-d2"/>
      </object_component>
      <object_component id="oc-12">
         <name>.text:decompress:lzss:__TI_decompress_lzss</name>
         <load_address>0x5ce0</load_address>
         <run_address>0x5ce0</run_address>
         <size>0x68</size>
         <input_file_ref idref="fl-da"/>
      </object_component>
      <object_component id="oc-3b7">
         <name>.text:frexp</name>
         <load_address>0x5d48</load_address>
         <run_address>0x5d48</run_address>
         <size>0x64</size>
         <input_file_ref idref="fl-f4"/>
      </object_component>
      <object_component id="oc-2f4">
         <name>.text:_pconv_f</name>
         <load_address>0x5dac</load_address>
         <run_address>0x5dac</run_address>
         <size>0x56</size>
         <input_file_ref idref="fl-ed"/>
      </object_component>
      <object_component id="oc-396">
         <name>.text:ltoa</name>
         <load_address>0x5e02</load_address>
         <run_address>0x5e02</run_address>
         <size>0x54</size>
         <input_file_ref idref="fl-f0"/>
      </object_component>
      <object_component id="oc-39c">
         <name>.text:_ecpy</name>
         <load_address>0x5e56</load_address>
         <run_address>0x5e56</run_address>
         <size>0x52</size>
         <input_file_ref idref="fl-ed"/>
      </object_component>
      <object_component id="oc-2e2">
         <name>.text:atoi</name>
         <load_address>0x5ea8</load_address>
         <run_address>0x5ea8</run_address>
         <size>0x4c</size>
         <input_file_ref idref="fl-ee"/>
      </object_component>
      <object_component id="oc-1a3">
         <name>.text</name>
         <load_address>0x5ef4</load_address>
         <run_address>0x5ef4</run_address>
         <size>0x48</size>
         <input_file_ref idref="fl-d1"/>
      </object_component>
      <object_component id="oc-14a">
         <name>.text:__TI_auto_init_nobinit_nopinit:__TI_auto_init_nobinit_nopinit</name>
         <load_address>0x5f3c</load_address>
         <run_address>0x5f3c</run_address>
         <size>0x44</size>
         <input_file_ref idref="fl-ea"/>
      </object_component>
      <object_component id="oc-1c3">
         <name>.text</name>
         <load_address>0x5f80</load_address>
         <run_address>0x5f80</run_address>
         <size>0x44</size>
         <input_file_ref idref="fl-d3"/>
      </object_component>
      <object_component id="oc-fe">
         <name>.text:sprintf</name>
         <load_address>0x5fc4</load_address>
         <run_address>0x5fc4</run_address>
         <size>0x40</size>
         <input_file_ref idref="fl-e1"/>
      </object_component>
      <object_component id="oc-1da">
         <name>.text:vsnprintf</name>
         <load_address>0x6004</load_address>
         <run_address>0x6004</run_address>
         <size>0x40</size>
         <input_file_ref idref="fl-e4"/>
      </object_component>
      <object_component id="oc-3af">
         <name>.text:_fcpy</name>
         <load_address>0x6044</load_address>
         <run_address>0x6044</run_address>
         <size>0x3e</size>
         <input_file_ref idref="fl-ed"/>
      </object_component>
      <object_component id="oc-281">
         <name>.text:minsert</name>
         <load_address>0x6084</load_address>
         <run_address>0x6084</run_address>
         <size>0x3c</size>
         <input_file_ref idref="fl-de"/>
      </object_component>
      <object_component id="oc-59">
         <name>.text:_c_int00_noargs:_c_int00_noargs</name>
         <load_address>0x60c0</load_address>
         <run_address>0x60c0</run_address>
         <size>0x38</size>
         <input_file_ref idref="fl-db"/>
      </object_component>
      <object_component id="oc-275">
         <name>.text:minit</name>
         <load_address>0x60f8</load_address>
         <run_address>0x60f8</run_address>
         <size>0x38</size>
         <input_file_ref idref="fl-de"/>
      </object_component>
      <object_component id="oc-128">
         <name>.text</name>
         <load_address>0x6130</load_address>
         <run_address>0x6130</run_address>
         <size>0x38</size>
         <input_file_ref idref="fl-d4"/>
      </object_component>
      <object_component id="oc-197">
         <name>.text:IntRegister</name>
         <load_address>0x6168</load_address>
         <run_address>0x6168</run_address>
         <size>0x34</size>
         <input_file_ref idref="fl-f8"/>
      </object_component>
      <object_component id="oc-2be">
         <name>.text:_outs</name>
         <load_address>0x619c</load_address>
         <run_address>0x619c</run_address>
         <size>0x30</size>
         <input_file_ref idref="fl-e4"/>
      </object_component>
      <object_component id="oc-119">
         <name>.text</name>
         <load_address>0x61cc</load_address>
         <run_address>0x61cc</run_address>
         <size>0x2e</size>
         <input_file_ref idref="fl-d5"/>
      </object_component>
      <object_component id="oc-17e">
         <name>.text:calloc</name>
         <load_address>0x61fa</load_address>
         <run_address>0x61fa</run_address>
         <size>0x2a</size>
         <input_file_ref idref="fl-de"/>
      </object_component>
      <object_component id="oc-27b">
         <name>.text:mremove</name>
         <load_address>0x6224</load_address>
         <run_address>0x6224</run_address>
         <size>0x28</size>
         <input_file_ref idref="fl-de"/>
      </object_component>
      <object_component id="oc-104">
         <name>.text</name>
         <load_address>0x624c</load_address>
         <run_address>0x624c</run_address>
         <size>0x20</size>
         <input_file_ref idref="fl-d7"/>
      </object_component>
      <object_component id="oc-306">
         <name>.text:memccpy</name>
         <load_address>0x626c</load_address>
         <run_address>0x626c</run_address>
         <size>0x1c</size>
         <input_file_ref idref="fl-f1"/>
      </object_component>
      <object_component id="oc-2c4">
         <name>.text:_outc</name>
         <load_address>0x6288</load_address>
         <run_address>0x6288</run_address>
         <size>0x18</size>
         <input_file_ref idref="fl-e4"/>
      </object_component>
      <object_component id="oc-1fe">
         <name>.text:_outs</name>
         <load_address>0x62a0</load_address>
         <run_address>0x62a0</run_address>
         <size>0x18</size>
         <input_file_ref idref="fl-e1"/>
      </object_component>
      <object_component id="oc-18a">
         <name>.text:oi_parseInt</name>
         <load_address>0x62b8</load_address>
         <run_address>0x62b8</run_address>
         <size>0x18</size>
         <input_file_ref idref="fl-8"/>
      </object_component>
      <object_component id="oc-191">
         <name>.text:strcmp</name>
         <load_address>0x62d0</load_address>
         <run_address>0x62d0</run_address>
         <size>0x18</size>
         <input_file_ref idref="fl-e2"/>
      </object_component>
      <object_component id="oc-3bd">
         <name>.text:strchr</name>
         <load_address>0x62e8</load_address>
         <run_address>0x62e8</run_address>
         <size>0x16</size>
         <input_file_ref idref="fl-f2"/>
      </object_component>
      <object_component id="oc-329">
         <name>.text:copysign</name>
         <load_address>0x62fe</load_address>
         <run_address>0x62fe</run_address>
         <size>0x14</size>
         <input_file_ref idref="fl-cc"/>
      </object_component>
      <object_component id="oc-1e0">
         <name>.text:strcpy</name>
         <load_address>0x6312</load_address>
         <run_address>0x6312</run_address>
         <size>0x14</size>
         <input_file_ref idref="fl-e3"/>
      </object_component>
      <object_component id="oc-2dc">
         <name>.text:strlen</name>
         <load_address>0x6326</load_address>
         <run_address>0x6326</run_address>
         <size>0x14</size>
         <input_file_ref idref="fl-f3"/>
      </object_component>
      <object_component id="oc-47">
         <name>.text:decompress:ZI:__TI_zero_init_nomemset:__TI_zero_init_nomemset</name>
         <load_address>0x633a</load_address>
         <run_address>0x633a</run_address>
         <size>0x12</size>
         <input_file_ref idref="fl-d8"/>
      </object_component>
      <object_component id="oc-30c">
         <name>.text:wcslen</name>
         <load_address>0x634c</load_address>
         <run_address>0x634c</run_address>
         <size>0x12</size>
         <input_file_ref idref="fl-f5"/>
      </object_component>
      <object_component id="oc-19d">
         <name>.text:IntMasterEnable</name>
         <load_address>0x635e</load_address>
         <run_address>0x635e</run_address>
         <size>0x10</size>
         <input_file_ref idref="fl-f8"/>
      </object_component>
      <object_component id="oc-1d3">
         <name>.text:lcd_clear</name>
         <load_address>0x636e</load_address>
         <run_address>0x636e</run_address>
         <size>0x10</size>
         <input_file_ref idref="fl-5"/>
      </object_component>
      <object_component id="oc-18">
         <name>.text:decompress:none:__TI_decompress_none</name>
         <load_address>0x637e</load_address>
         <run_address>0x637e</run_address>
         <size>0xe</size>
         <input_file_ref idref="fl-d9"/>
      </object_component>
      <object_component id="oc-297">
         <name>.text:CPUcpsie</name>
         <load_address>0x638c</load_address>
         <run_address>0x638c</run_address>
         <size>0xc</size>
         <input_file_ref idref="fl-f9"/>
      </object_component>
      <object_component id="oc-27">
         <name>.text</name>
         <load_address>0x6398</load_address>
         <run_address>0x6398</run_address>
         <size>0xc</size>
         <input_file_ref idref="fl-a"/>
      </object_component>
      <object_component id="oc-204">
         <name>.text:_outc</name>
         <load_address>0x63a4</load_address>
         <run_address>0x63a4</run_address>
         <size>0xa</size>
         <input_file_ref idref="fl-e1"/>
      </object_component>
      <object_component id="oc-20d">
         <name>.text:__aeabi_errno_addr</name>
         <load_address>0x63b0</load_address>
         <run_address>0x63b0</run_address>
         <size>0x8</size>
         <input_file_ref idref="fl-dc"/>
      </object_component>
      <object_component id="oc-99">
         <name>.text:_system_pre_init</name>
         <load_address>0x63b8</load_address>
         <run_address>0x63b8</run_address>
         <size>0x4</size>
         <input_file_ref idref="fl-eb"/>
      </object_component>
      <object_component id="oc-13e">
         <name>.text:abort:abort</name>
         <load_address>0x63bc</load_address>
         <run_address>0x63bc</run_address>
         <size>0x4</size>
         <input_file_ref idref="fl-dd"/>
      </object_component>
      <object_component id="oc-345">
         <name>.const:$O1$$</name>
         <load_address>0x63c0</load_address>
         <run_address>0x63c0</run_address>
         <size>0x158</size>
         <input_file_ref idref="fl-e5"/>
      </object_component>
      <object_component id="oc-38b">
         <name>.const:.string:_ctypes_</name>
         <load_address>0x6518</load_address>
         <run_address>0x6518</run_address>
         <size>0x101</size>
         <input_file_ref idref="fl-ef"/>
      </object_component>
      <object_component id="oc-1e6">
         <name>.const:.string:lineAddress$1</name>
         <load_address>0x6619</load_address>
         <run_address>0x6619</run_address>
         <size>0x4</size>
         <input_file_ref idref="fl-5"/>
      </object_component>
      <object_component id="oc-213">
         <name>.const:$O1$$</name>
         <load_address>0x6620</load_address>
         <run_address>0x6620</run_address>
         <size>0x30</size>
         <input_file_ref idref="fl-c8"/>
      </object_component>
      <object_component id="oc-1a9">
         <name>.const:.string:$P$T0$3</name>
         <load_address>0x6650</load_address>
         <run_address>0x6650</run_address>
         <size>0xf</size>
         <input_file_ref idref="fl-8"/>
      </object_component>
      <object_component id="oc-1e7">
         <name>.const:.string:lineAddresses$2</name>
         <load_address>0x665f</load_address>
         <run_address>0x665f</run_address>
         <size>0x4</size>
         <input_file_ref idref="fl-5"/>
      </object_component>
      <object_component id="oc-458">
         <name>.cinit..data.load</name>
         <load_address>0x6668</load_address>
         <run_address>0x6668</run_address>
         <size>0x21</size>
      </object_component>
      <object_component id="oc-455">
         <name>__TI_handler_table</name>
         <load_address>0x668c</load_address>
         <run_address>0x668c</run_address>
         <size>0xc</size>
      </object_component>
      <object_component id="oc-459">
         <name>.cinit..bss.load</name>
         <load_address>0x6698</load_address>
         <run_address>0x6698</run_address>
         <size>0x8</size>
      </object_component>
      <object_component id="oc-457">
         <name>.cinit..vtable.load</name>
         <load_address>0x66a0</load_address>
         <run_address>0x66a0</run_address>
         <size>0x8</size>
      </object_component>
      <object_component id="oc-456">
         <name>__TI_cinit_table</name>
         <load_address>0x66a8</load_address>
         <run_address>0x66a8</run_address>
         <size>0x18</size>
      </object_component>
      <object_component id="oc-28d">
         <name>.vtable</name>
         <uninitialized>true</uninitialized>
         <run_address>0x20000000</run_address>
         <size>0x26c</size>
         <input_file_ref idref="fl-f8"/>
      </object_component>
      <object_component id="oc-2ad">
         <name>.data</name>
         <load_address>0x20000f44</load_address>
         <run_address>0x20000f44</run_address>
         <size>0x1</size>
         <input_file_ref idref="fl-3"/>
      </object_component>
      <object_component id="oc-139">
         <name>.data</name>
         <load_address>0x20000f3c</load_address>
         <run_address>0x20000f3c</run_address>
         <size>0x4</size>
         <input_file_ref idref="fl-6"/>
      </object_component>
      <object_component id="oc-1a8">
         <name>.data</name>
         <load_address>0x20000f08</load_address>
         <run_address>0x20000f08</run_address>
         <size>0x10</size>
         <input_file_ref idref="fl-8"/>
      </object_component>
      <object_component id="oc-1b5">
         <name>.data</name>
         <load_address>0x20000f2c</load_address>
         <run_address>0x20000f2c</run_address>
         <size>0x8</size>
         <input_file_ref idref="fl-9"/>
      </object_component>
      <object_component id="oc-1cc">
         <name>.data</name>
         <load_address>0x20000f34</load_address>
         <run_address>0x20000f34</run_address>
         <size>0x8</size>
         <input_file_ref idref="fl-b"/>
      </object_component>
      <object_component id="oc-1c8">
         <name>.data</name>
         <load_address>0x20000ef4</load_address>
         <run_address>0x20000ef4</run_address>
         <size>0x14</size>
         <input_file_ref idref="fl-c"/>
      </object_component>
      <object_component id="oc-322">
         <name>.data</name>
         <load_address>0x20000f40</load_address>
         <run_address>0x20000f40</run_address>
         <size>0x4</size>
         <input_file_ref idref="fl-dc"/>
      </object_component>
      <object_component id="oc-287">
         <name>.data:$O1$$</name>
         <load_address>0x20000f18</load_address>
         <run_address>0x20000f18</run_address>
         <size>0xc</size>
         <input_file_ref idref="fl-de"/>
      </object_component>
      <object_component id="oc-252">
         <name>.data:$O1$$</name>
         <load_address>0x20000f24</load_address>
         <run_address>0x20000f24</run_address>
         <size>0x8</size>
         <input_file_ref idref="fl-df"/>
      </object_component>
      <object_component id="oc-1e8">
         <name>.bss:lastbuffer$3</name>
         <uninitialized>true</uninitialized>
         <run_address>0x20000e70</run_address>
         <size>0x54</size>
         <input_file_ref idref="fl-5"/>
      </object_component>
      <object_component id="oc-1ac">
         <name>.bss:firmware$2</name>
         <uninitialized>true</uninitialized>
         <run_address>0x20000ec4</run_address>
         <size>0x18</size>
         <input_file_ref idref="fl-8"/>
      </object_component>
      <object_component id="oc-2ae">
         <name>.common:_prevButton</name>
         <uninitialized>true</uninitialized>
         <run_address>0x20000ef0</run_address>
         <size>0x1</size>
      </object_component>
      <object_component id="oc-1cf">
         <name>.common:in</name>
         <uninitialized>true</uninitialized>
         <run_address>0x20000edc</run_address>
         <size>0x14</size>
      </object_component>
      <object_component id="oc-24">
         <name>.sysmem</name>
         <uninitialized>true</uninitialized>
         <run_address>0x20000a70</run_address>
         <size>0x8</size>
         <input_file_ref idref="fl-de"/>
      </object_component>
      <object_component id="oc-45b">
         <name>.sysmem</name>
         <uninitialized>true</uninitialized>
         <run_address>0x20000a70</run_address>
         <size>0x0</size>
      </object_component>
      <object_component id="oc-21">
         <name>.stack</name>
         <uninitialized>true</uninitialized>
         <run_address>0x20000270</run_address>
         <size>0x4</size>
         <input_file_ref idref="fl-db"/>
      </object_component>
      <object_component id="oc-45a">
         <name>.stack</name>
         <uninitialized>true</uninitialized>
         <run_address>0x20000270</run_address>
         <size>0x0</size>
      </object_component>
      <object_component id="oc-c2">
         <name>.debug_info</name>
         <load_address>0x0</load_address>
         <run_address>0x0</run_address>
         <size>0x27e</size>
         <input_file_ref idref="fl-2"/>
      </object_component>
      <object_component id="oc-f9">
         <name>.debug_info</name>
         <load_address>0x27e</load_address>
         <run_address>0x27e</run_address>
         <size>0x3ea</size>
         <input_file_ref idref="fl-2"/>
      </object_component>
      <object_component id="oc-74">
         <name>.debug_info</name>
         <load_address>0x668</load_address>
         <run_address>0x668</run_address>
         <size>0x26b</size>
         <input_file_ref idref="fl-2"/>
      </object_component>
      <object_component id="oc-36">
         <name>.debug_info</name>
         <load_address>0x8d3</load_address>
         <run_address>0x8d3</run_address>
         <size>0x84</size>
         <input_file_ref idref="fl-2"/>
      </object_component>
      <object_component id="oc-bd">
         <name>.debug_info</name>
         <load_address>0x957</load_address>
         <run_address>0x957</run_address>
         <size>0x297</size>
         <input_file_ref idref="fl-2"/>
      </object_component>
      <object_component id="oc-79">
         <name>.debug_info</name>
         <load_address>0xbee</load_address>
         <run_address>0xbee</run_address>
         <size>0xbb</size>
         <input_file_ref idref="fl-2"/>
      </object_component>
      <object_component id="oc-1f3">
         <name>.debug_info</name>
         <load_address>0xca9</load_address>
         <run_address>0xca9</run_address>
         <size>0x2c</size>
         <input_file_ref idref="fl-2"/>
      </object_component>
      <object_component id="oc-2af">
         <name>.debug_info</name>
         <load_address>0xcd5</load_address>
         <run_address>0xcd5</run_address>
         <size>0x27e</size>
         <input_file_ref idref="fl-3"/>
      </object_component>
      <object_component id="oc-1b0">
         <name>.debug_info</name>
         <load_address>0xf53</load_address>
         <run_address>0xf53</run_address>
         <size>0x3e5</size>
         <input_file_ref idref="fl-3"/>
      </object_component>
      <object_component id="oc-2a8">
         <name>.debug_info</name>
         <load_address>0x1338</load_address>
         <run_address>0x1338</run_address>
         <size>0xcc</size>
         <input_file_ref idref="fl-3"/>
      </object_component>
      <object_component id="oc-1eb">
         <name>.debug_info</name>
         <load_address>0x1404</load_address>
         <run_address>0x1404</run_address>
         <size>0x2c</size>
         <input_file_ref idref="fl-3"/>
      </object_component>
      <object_component id="oc-1ea">
         <name>.debug_info</name>
         <load_address>0x1430</load_address>
         <run_address>0x1430</run_address>
         <size>0x37f</size>
         <input_file_ref idref="fl-5"/>
      </object_component>
      <object_component id="oc-1d4">
         <name>.debug_info</name>
         <load_address>0x17af</load_address>
         <run_address>0x17af</run_address>
         <size>0x11a</size>
         <input_file_ref idref="fl-5"/>
      </object_component>
      <object_component id="oc-ed">
         <name>.debug_info</name>
         <load_address>0x18c9</load_address>
         <run_address>0x18c9</run_address>
         <size>0x838</size>
         <input_file_ref idref="fl-5"/>
      </object_component>
      <object_component id="oc-13d">
         <name>.debug_info</name>
         <load_address>0x2101</load_address>
         <run_address>0x2101</run_address>
         <size>0x5ab</size>
         <input_file_ref idref="fl-6"/>
      </object_component>
      <object_component id="oc-13a">
         <name>.debug_info</name>
         <load_address>0x26ac</load_address>
         <run_address>0x26ac</run_address>
         <size>0xc6</size>
         <input_file_ref idref="fl-6"/>
      </object_component>
      <object_component id="oc-a0">
         <name>.debug_info</name>
         <load_address>0x2772</load_address>
         <run_address>0x2772</run_address>
         <size>0x5e5</size>
         <input_file_ref idref="fl-6"/>
      </object_component>
      <object_component id="oc-244">
         <name>.debug_info</name>
         <load_address>0x2d57</load_address>
         <run_address>0x2d57</run_address>
         <size>0x5aa</size>
         <input_file_ref idref="fl-6"/>
      </object_component>
      <object_component id="oc-249">
         <name>.debug_info</name>
         <load_address>0x3301</load_address>
         <run_address>0x3301</run_address>
         <size>0xb2</size>
         <input_file_ref idref="fl-6"/>
      </object_component>
      <object_component id="oc-1f1">
         <name>.debug_info</name>
         <load_address>0x33b3</load_address>
         <run_address>0x33b3</run_address>
         <size>0x3d4</size>
         <input_file_ref idref="fl-7"/>
      </object_component>
      <object_component id="oc-f4">
         <name>.debug_info</name>
         <load_address>0x3787</load_address>
         <run_address>0x3787</run_address>
         <size>0x557</size>
         <input_file_ref idref="fl-7"/>
      </object_component>
      <object_component id="oc-1ae">
         <name>.debug_info</name>
         <load_address>0x3cde</load_address>
         <run_address>0x3cde</run_address>
         <size>0x3d7</size>
         <input_file_ref idref="fl-8"/>
      </object_component>
      <object_component id="oc-1aa">
         <name>.debug_info</name>
         <load_address>0x40b5</load_address>
         <run_address>0x40b5</run_address>
         <size>0xcc</size>
         <input_file_ref idref="fl-8"/>
      </object_component>
      <object_component id="oc-18b">
         <name>.debug_info</name>
         <load_address>0x4181</load_address>
         <run_address>0x4181</run_address>
         <size>0x144</size>
         <input_file_ref idref="fl-8"/>
      </object_component>
      <object_component id="oc-d5">
         <name>.debug_info</name>
         <load_address>0x42c5</load_address>
         <run_address>0x42c5</run_address>
         <size>0x14de</size>
         <input_file_ref idref="fl-8"/>
      </object_component>
      <object_component id="oc-1b6">
         <name>.debug_info</name>
         <load_address>0x57a3</load_address>
         <run_address>0x57a3</run_address>
         <size>0xd2</size>
         <input_file_ref idref="fl-9"/>
      </object_component>
      <object_component id="oc-dc">
         <name>.debug_info</name>
         <load_address>0x5875</load_address>
         <run_address>0x5875</run_address>
         <size>0x658</size>
         <input_file_ref idref="fl-9"/>
      </object_component>
      <object_component id="oc-2f">
         <name>.debug_info</name>
         <load_address>0x5ecd</load_address>
         <run_address>0x5ecd</run_address>
         <size>0x2a1</size>
         <input_file_ref idref="fl-a"/>
      </object_component>
      <object_component id="oc-10">
         <name>.debug_info</name>
         <load_address>0x616e</load_address>
         <run_address>0x616e</run_address>
         <size>0xe0</size>
         <input_file_ref idref="fl-a"/>
      </object_component>
      <object_component id="oc-29">
         <name>.debug_info</name>
         <load_address>0x624e</load_address>
         <run_address>0x624e</run_address>
         <size>0x25c</size>
         <input_file_ref idref="fl-a"/>
      </object_component>
      <object_component id="oc-1d0">
         <name>.debug_info</name>
         <load_address>0x64aa</load_address>
         <run_address>0x64aa</run_address>
         <size>0x302</size>
         <input_file_ref idref="fl-b"/>
      </object_component>
      <object_component id="oc-1cd">
         <name>.debug_info</name>
         <load_address>0x67ac</load_address>
         <run_address>0x67ac</run_address>
         <size>0xd7</size>
         <input_file_ref idref="fl-b"/>
      </object_component>
      <object_component id="oc-e7">
         <name>.debug_info</name>
         <load_address>0x6883</load_address>
         <run_address>0x6883</run_address>
         <size>0x480</size>
         <input_file_ref idref="fl-b"/>
      </object_component>
      <object_component id="oc-2b9">
         <name>.debug_info</name>
         <load_address>0x6d03</load_address>
         <run_address>0x6d03</run_address>
         <size>0x2dd</size>
         <input_file_ref idref="fl-c"/>
      </object_component>
      <object_component id="oc-1c9">
         <name>.debug_info</name>
         <load_address>0x6fe0</load_address>
         <run_address>0x6fe0</run_address>
         <size>0x15c</size>
         <input_file_ref idref="fl-c"/>
      </object_component>
      <object_component id="oc-e1">
         <name>.debug_info</name>
         <load_address>0x713c</load_address>
         <run_address>0x713c</run_address>
         <size>0x3a1</size>
         <input_file_ref idref="fl-c"/>
      </object_component>
      <object_component id="oc-222">
         <name>.debug_info</name>
         <load_address>0x74dd</load_address>
         <run_address>0x74dd</run_address>
         <size>0x358</size>
         <input_file_ref idref="fl-c8"/>
      </object_component>
      <object_component id="oc-214">
         <name>.debug_info</name>
         <load_address>0x7835</load_address>
         <run_address>0x7835</run_address>
         <size>0x11d</size>
         <input_file_ref idref="fl-c8"/>
      </object_component>
      <object_component id="oc-10d">
         <name>.debug_info</name>
         <load_address>0x7952</load_address>
         <run_address>0x7952</run_address>
         <size>0xbd9</size>
         <input_file_ref idref="fl-c8"/>
      </object_component>
      <object_component id="oc-336">
         <name>.debug_info</name>
         <load_address>0x852b</load_address>
         <run_address>0x852b</run_address>
         <size>0x46</size>
         <input_file_ref idref="fl-c8"/>
      </object_component>
      <object_component id="oc-21d">
         <name>.debug_info</name>
         <load_address>0x8571</load_address>
         <run_address>0x8571</run_address>
         <size>0x39</size>
         <input_file_ref idref="fl-c8"/>
      </object_component>
      <object_component id="oc-23f">
         <name>.debug_info</name>
         <load_address>0x85aa</load_address>
         <run_address>0x85aa</run_address>
         <size>0x2bf</size>
         <input_file_ref idref="fl-c9"/>
      </object_component>
      <object_component id="oc-134">
         <name>.debug_info</name>
         <load_address>0x8869</load_address>
         <run_address>0x8869</run_address>
         <size>0x242</size>
         <input_file_ref idref="fl-c9"/>
      </object_component>
      <object_component id="oc-23d">
         <name>.debug_info</name>
         <load_address>0x8aab</load_address>
         <run_address>0x8aab</run_address>
         <size>0x390</size>
         <input_file_ref idref="fl-ca"/>
      </object_component>
      <object_component id="oc-12e">
         <name>.debug_info</name>
         <load_address>0x8e3b</load_address>
         <run_address>0x8e3b</run_address>
         <size>0x790</size>
         <input_file_ref idref="fl-ca"/>
      </object_component>
      <object_component id="oc-330">
         <name>.debug_info</name>
         <load_address>0x95cb</load_address>
         <run_address>0x95cb</run_address>
         <size>0x2f2</size>
         <input_file_ref idref="fl-cb"/>
      </object_component>
      <object_component id="oc-218">
         <name>.debug_info</name>
         <load_address>0x98bd</load_address>
         <run_address>0x98bd</run_address>
         <size>0x21a</size>
         <input_file_ref idref="fl-cb"/>
      </object_component>
      <object_component id="oc-3e0">
         <name>.debug_info</name>
         <load_address>0x9ad7</load_address>
         <run_address>0x9ad7</run_address>
         <size>0x39</size>
         <input_file_ref idref="fl-cb"/>
      </object_component>
      <object_component id="oc-331">
         <name>.debug_info</name>
         <load_address>0x9b10</load_address>
         <run_address>0x9b10</run_address>
         <size>0x2c</size>
         <input_file_ref idref="fl-cb"/>
      </object_component>
      <object_component id="oc-32a">
         <name>.debug_info</name>
         <load_address>0x9b3c</load_address>
         <run_address>0x9b3c</run_address>
         <size>0x156</size>
         <input_file_ref idref="fl-cc"/>
      </object_component>
      <object_component id="oc-111">
         <name>.debug_info</name>
         <load_address>0x9c92</load_address>
         <run_address>0x9c92</run_address>
         <size>0x144</size>
         <input_file_ref idref="fl-cd"/>
      </object_component>
      <object_component id="oc-1bb">
         <name>.debug_info</name>
         <load_address>0x9dd6</load_address>
         <run_address>0x9dd6</run_address>
         <size>0x120</size>
         <input_file_ref idref="fl-ce"/>
      </object_component>
      <object_component id="oc-1bf">
         <name>.debug_info</name>
         <load_address>0x9ef6</load_address>
         <run_address>0x9ef6</run_address>
         <size>0x122</size>
         <input_file_ref idref="fl-ce"/>
      </object_component>
      <object_component id="oc-126">
         <name>.debug_info</name>
         <load_address>0xa018</load_address>
         <run_address>0xa018</run_address>
         <size>0x132</size>
         <input_file_ref idref="fl-cf"/>
      </object_component>
      <object_component id="oc-121">
         <name>.debug_info</name>
         <load_address>0xa14a</load_address>
         <run_address>0xa14a</run_address>
         <size>0x132</size>
         <input_file_ref idref="fl-d0"/>
      </object_component>
      <object_component id="oc-1a5">
         <name>.debug_info</name>
         <load_address>0xa27c</load_address>
         <run_address>0xa27c</run_address>
         <size>0x126</size>
         <input_file_ref idref="fl-d1"/>
      </object_component>
      <object_component id="oc-116">
         <name>.debug_info</name>
         <load_address>0xa3a2</load_address>
         <run_address>0xa3a2</run_address>
         <size>0x136</size>
         <input_file_ref idref="fl-d2"/>
      </object_component>
      <object_component id="oc-1c5">
         <name>.debug_info</name>
         <load_address>0xa4d8</load_address>
         <run_address>0xa4d8</run_address>
         <size>0x131</size>
         <input_file_ref idref="fl-d3"/>
      </object_component>
      <object_component id="oc-12b">
         <name>.debug_info</name>
         <load_address>0xa609</load_address>
         <run_address>0xa609</run_address>
         <size>0x124</size>
         <input_file_ref idref="fl-d4"/>
      </object_component>
      <object_component id="oc-11a">
         <name>.debug_info</name>
         <load_address>0xa72d</load_address>
         <run_address>0xa72d</run_address>
         <size>0x124</size>
         <input_file_ref idref="fl-d5"/>
      </object_component>
      <object_component id="oc-3c">
         <name>.debug_info</name>
         <load_address>0xa851</load_address>
         <run_address>0xa851</run_address>
         <size>0x111</size>
         <input_file_ref idref="fl-d6"/>
      </object_component>
      <object_component id="oc-105">
         <name>.debug_info</name>
         <load_address>0xa962</load_address>
         <run_address>0xa962</run_address>
         <size>0x126</size>
         <input_file_ref idref="fl-d7"/>
      </object_component>
      <object_component id="oc-92">
         <name>.debug_info</name>
         <load_address>0xaa88</load_address>
         <run_address>0xaa88</run_address>
         <size>0x313</size>
         <input_file_ref idref="fl-d8"/>
      </object_component>
      <object_component id="oc-48">
         <name>.debug_info</name>
         <load_address>0xad9b</load_address>
         <run_address>0xad9b</run_address>
         <size>0x1b4</size>
         <input_file_ref idref="fl-d8"/>
      </object_component>
      <object_component id="oc-8d">
         <name>.debug_info</name>
         <load_address>0xaf4f</load_address>
         <run_address>0xaf4f</run_address>
         <size>0x46</size>
         <input_file_ref idref="fl-d8"/>
      </object_component>
      <object_component id="oc-cb">
         <name>.debug_info</name>
         <load_address>0xaf95</load_address>
         <run_address>0xaf95</run_address>
         <size>0x2c</size>
         <input_file_ref idref="fl-d8"/>
      </object_component>
      <object_component id="oc-46">
         <name>.debug_info</name>
         <load_address>0xafc1</load_address>
         <run_address>0xafc1</run_address>
         <size>0x29d</size>
         <input_file_ref idref="fl-d9"/>
      </object_component>
      <object_component id="oc-19">
         <name>.debug_info</name>
         <load_address>0xb25e</load_address>
         <run_address>0xb25e</run_address>
         <size>0x1df</size>
         <input_file_ref idref="fl-d9"/>
      </object_component>
      <object_component id="oc-41">
         <name>.debug_info</name>
         <load_address>0xb43d</load_address>
         <run_address>0xb43d</run_address>
         <size>0x46</size>
         <input_file_ref idref="fl-d9"/>
      </object_component>
      <object_component id="oc-85">
         <name>.debug_info</name>
         <load_address>0xb483</load_address>
         <run_address>0xb483</run_address>
         <size>0x2c</size>
         <input_file_ref idref="fl-d9"/>
      </object_component>
      <object_component id="oc-83">
         <name>.debug_info</name>
         <load_address>0xb4af</load_address>
         <run_address>0xb4af</run_address>
         <size>0x293</size>
         <input_file_ref idref="fl-da"/>
      </object_component>
      <object_component id="oc-13">
         <name>.debug_info</name>
         <load_address>0xb742</load_address>
         <run_address>0xb742</run_address>
         <size>0x245</size>
         <input_file_ref idref="fl-da"/>
      </object_component>
      <object_component id="oc-31">
         <name>.debug_info</name>
         <load_address>0xb987</load_address>
         <run_address>0xb987</run_address>
         <size>0x60</size>
         <input_file_ref idref="fl-da"/>
      </object_component>
      <object_component id="oc-c4">
         <name>.debug_info</name>
         <load_address>0xb9e7</load_address>
         <run_address>0xb9e7</run_address>
         <size>0x46</size>
         <input_file_ref idref="fl-da"/>
      </object_component>
      <object_component id="oc-7e">
         <name>.debug_info</name>
         <load_address>0xba2d</load_address>
         <run_address>0xba2d</run_address>
         <size>0x39</size>
         <input_file_ref idref="fl-da"/>
      </object_component>
      <object_component id="oc-22">
         <name>.debug_info</name>
         <load_address>0xba66</load_address>
         <run_address>0xba66</run_address>
         <size>0x100</size>
         <input_file_ref idref="fl-db"/>
      </object_component>
      <object_component id="oc-5c">
         <name>.debug_info</name>
         <load_address>0xbb66</load_address>
         <run_address>0xbb66</run_address>
         <size>0x1a4</size>
         <input_file_ref idref="fl-db"/>
      </object_component>
      <object_component id="oc-326">
         <name>.debug_info</name>
         <load_address>0xbd0a</load_address>
         <run_address>0xbd0a</run_address>
         <size>0x27e</size>
         <input_file_ref idref="fl-dc"/>
      </object_component>
      <object_component id="oc-323">
         <name>.debug_info</name>
         <load_address>0xbf88</load_address>
         <run_address>0xbf88</run_address>
         <size>0x103</size>
         <input_file_ref idref="fl-dc"/>
      </object_component>
      <object_component id="oc-20e">
         <name>.debug_info</name>
         <load_address>0xc08b</load_address>
         <run_address>0xc08b</run_address>
         <size>0x143</size>
         <input_file_ref idref="fl-dc"/>
      </object_component>
      <object_component id="oc-141">
         <name>.debug_info</name>
         <load_address>0xc1ce</load_address>
         <run_address>0xc1ce</run_address>
         <size>0x117</size>
         <input_file_ref idref="fl-dd"/>
      </object_component>
      <object_component id="oc-6f">
         <name>.debug_info</name>
         <load_address>0xc2e5</load_address>
         <run_address>0xc2e5</run_address>
         <size>0x3bb</size>
         <input_file_ref idref="fl-de"/>
      </object_component>
      <object_component id="oc-25">
         <name>.debug_info</name>
         <load_address>0xc6a0</load_address>
         <run_address>0xc6a0</run_address>
         <size>0x101</size>
         <input_file_ref idref="fl-de"/>
      </object_component>
      <object_component id="oc-288">
         <name>.debug_info</name>
         <load_address>0xc7a1</load_address>
         <run_address>0xc7a1</run_address>
         <size>0x14c</size>
         <input_file_ref idref="fl-de"/>
      </object_component>
      <object_component id="oc-276">
         <name>.debug_info</name>
         <load_address>0xc8ed</load_address>
         <run_address>0xc8ed</run_address>
         <size>0x139</size>
         <input_file_ref idref="fl-de"/>
      </object_component>
      <object_component id="oc-27d">
         <name>.debug_info</name>
         <load_address>0xca26</load_address>
         <run_address>0xca26</run_address>
         <size>0x174</size>
         <input_file_ref idref="fl-de"/>
      </object_component>
      <object_component id="oc-282">
         <name>.debug_info</name>
         <load_address>0xcb9a</load_address>
         <run_address>0xcb9a</run_address>
         <size>0x172</size>
         <input_file_ref idref="fl-de"/>
      </object_component>
      <object_component id="oc-26f">
         <name>.debug_info</name>
         <load_address>0xcd0c</load_address>
         <run_address>0xcd0c</run_address>
         <size>0x1db</size>
         <input_file_ref idref="fl-de"/>
      </object_component>
      <object_component id="oc-185">
         <name>.debug_info</name>
         <load_address>0xcee7</load_address>
         <run_address>0xcee7</run_address>
         <size>0x1e6</size>
         <input_file_ref idref="fl-de"/>
      </object_component>
      <object_component id="oc-17f">
         <name>.debug_info</name>
         <load_address>0xd0cd</load_address>
         <run_address>0xd0cd</run_address>
         <size>0x1b1</size>
         <input_file_ref idref="fl-de"/>
      </object_component>
      <object_component id="oc-b3">
         <name>.debug_info</name>
         <load_address>0xd27e</load_address>
         <run_address>0xd27e</run_address>
         <size>0x2c</size>
         <input_file_ref idref="fl-de"/>
      </object_component>
      <object_component id="oc-b8">
         <name>.debug_info</name>
         <load_address>0xd2aa</load_address>
         <run_address>0xd2aa</run_address>
         <size>0x62</size>
         <input_file_ref idref="fl-de"/>
      </object_component>
      <object_component id="oc-35b">
         <name>.debug_info</name>
         <load_address>0xd30c</load_address>
         <run_address>0xd30c</run_address>
         <size>0x2be</size>
         <input_file_ref idref="fl-df"/>
      </object_component>
      <object_component id="oc-253">
         <name>.debug_info</name>
         <load_address>0xd5ca</load_address>
         <run_address>0xd5ca</run_address>
         <size>0x113</size>
         <input_file_ref idref="fl-df"/>
      </object_component>
      <object_component id="oc-356">
         <name>.debug_info</name>
         <load_address>0xd6dd</load_address>
         <run_address>0xd6dd</run_address>
         <size>0x123</size>
         <input_file_ref idref="fl-df"/>
      </object_component>
      <object_component id="oc-20b">
         <name>.debug_info</name>
         <load_address>0xd800</load_address>
         <run_address>0xd800</run_address>
         <size>0x328</size>
         <input_file_ref idref="fl-e1"/>
      </object_component>
      <object_component id="oc-ff">
         <name>.debug_info</name>
         <load_address>0xdb28</load_address>
         <run_address>0xdb28</run_address>
         <size>0x1c6</size>
         <input_file_ref idref="fl-e1"/>
      </object_component>
      <object_component id="oc-1ff">
         <name>.debug_info</name>
         <load_address>0xdcee</load_address>
         <run_address>0xdcee</run_address>
         <size>0x182</size>
         <input_file_ref idref="fl-e1"/>
      </object_component>
      <object_component id="oc-205">
         <name>.debug_info</name>
         <load_address>0xde70</load_address>
         <run_address>0xde70</run_address>
         <size>0x162</size>
         <input_file_ref idref="fl-e1"/>
      </object_component>
      <object_component id="oc-2cc">
         <name>.debug_info</name>
         <load_address>0xdfd2</load_address>
         <run_address>0xdfd2</run_address>
         <size>0x2c</size>
         <input_file_ref idref="fl-e1"/>
      </object_component>
      <object_component id="oc-28c">
         <name>.debug_info</name>
         <load_address>0xdffe</load_address>
         <run_address>0xdffe</run_address>
         <size>0x27f</size>
         <input_file_ref idref="fl-e2"/>
      </object_component>
      <object_component id="oc-193">
         <name>.debug_info</name>
         <load_address>0xe27d</load_address>
         <run_address>0xe27d</run_address>
         <size>0x258</size>
         <input_file_ref idref="fl-e2"/>
      </object_component>
      <object_component id="oc-2d7">
         <name>.debug_info</name>
         <load_address>0xe4d5</load_address>
         <run_address>0xe4d5</run_address>
         <size>0x299</size>
         <input_file_ref idref="fl-e3"/>
      </object_component>
      <object_component id="oc-1e1">
         <name>.debug_info</name>
         <load_address>0xe76e</load_address>
         <run_address>0xe76e</run_address>
         <size>0x231</size>
         <input_file_ref idref="fl-e3"/>
      </object_component>
      <object_component id="oc-2cb">
         <name>.debug_info</name>
         <load_address>0xe99f</load_address>
         <run_address>0xe99f</run_address>
         <size>0x335</size>
         <input_file_ref idref="fl-e4"/>
      </object_component>
      <object_component id="oc-1dc">
         <name>.debug_info</name>
         <load_address>0xecd4</load_address>
         <run_address>0xecd4</run_address>
         <size>0x1fd</size>
         <input_file_ref idref="fl-e4"/>
      </object_component>
      <object_component id="oc-2c0">
         <name>.debug_info</name>
         <load_address>0xeed1</load_address>
         <run_address>0xeed1</run_address>
         <size>0x1bb</size>
         <input_file_ref idref="fl-e4"/>
      </object_component>
      <object_component id="oc-2c5">
         <name>.debug_info</name>
         <load_address>0xf08c</load_address>
         <run_address>0xf08c</run_address>
         <size>0x16e</size>
         <input_file_ref idref="fl-e4"/>
      </object_component>
      <object_component id="oc-2d1">
         <name>.debug_info</name>
         <load_address>0xf1fa</load_address>
         <run_address>0xf1fa</run_address>
         <size>0x69</size>
         <input_file_ref idref="fl-e4"/>
      </object_component>
      <object_component id="oc-349">
         <name>.debug_info</name>
         <load_address>0xf263</load_address>
         <run_address>0xf263</run_address>
         <size>0x39f</size>
         <input_file_ref idref="fl-e5"/>
      </object_component>
      <object_component id="oc-346">
         <name>.debug_info</name>
         <load_address>0xf602</load_address>
         <run_address>0xf602</run_address>
         <size>0x12f</size>
         <input_file_ref idref="fl-e5"/>
      </object_component>
      <object_component id="oc-232">
         <name>.debug_info</name>
         <load_address>0xf731</load_address>
         <run_address>0xf731</run_address>
         <size>0x724</size>
         <input_file_ref idref="fl-e5"/>
      </object_component>
      <object_component id="oc-33e">
         <name>.debug_info</name>
         <load_address>0xfe55</load_address>
         <run_address>0xfe55</run_address>
         <size>0x282</size>
         <input_file_ref idref="fl-e6"/>
      </object_component>
      <object_component id="oc-22d">
         <name>.debug_info</name>
         <load_address>0x100d7</load_address>
         <run_address>0x100d7</run_address>
         <size>0x31c</size>
         <input_file_ref idref="fl-e6"/>
      </object_component>
      <object_component id="oc-34c">
         <name>.debug_info</name>
         <load_address>0x103f3</load_address>
         <run_address>0x103f3</run_address>
         <size>0x287</size>
         <input_file_ref idref="fl-e7"/>
      </object_component>
      <object_component id="oc-238">
         <name>.debug_info</name>
         <load_address>0x1067a</load_address>
         <run_address>0x1067a</run_address>
         <size>0x375</size>
         <input_file_ref idref="fl-e7"/>
      </object_component>
      <object_component id="oc-3e8">
         <name>.debug_info</name>
         <load_address>0x109ef</load_address>
         <run_address>0x109ef</run_address>
         <size>0x284</size>
         <input_file_ref idref="fl-e8"/>
      </object_component>
      <object_component id="oc-341">
         <name>.debug_info</name>
         <load_address>0x10c73</load_address>
         <run_address>0x10c73</run_address>
         <size>0x21f</size>
         <input_file_ref idref="fl-e8"/>
      </object_component>
      <object_component id="oc-94">
         <name>.debug_info</name>
         <load_address>0x10e92</load_address>
         <run_address>0x10e92</run_address>
         <size>0x13f</size>
         <input_file_ref idref="fl-e9"/>
      </object_component>
      <object_component id="oc-259">
         <name>.debug_info</name>
         <load_address>0x10fd1</load_address>
         <run_address>0x10fd1</run_address>
         <size>0x547</size>
         <input_file_ref idref="fl-ea"/>
      </object_component>
      <object_component id="oc-14d">
         <name>.debug_info</name>
         <load_address>0x11518</load_address>
         <run_address>0x11518</run_address>
         <size>0x19b</size>
         <input_file_ref idref="fl-ea"/>
      </object_component>
      <object_component id="oc-361">
         <name>.debug_info</name>
         <load_address>0x116b3</load_address>
         <run_address>0x116b3</run_address>
         <size>0x39</size>
         <input_file_ref idref="fl-ea"/>
      </object_component>
      <object_component id="oc-3f2">
         <name>.debug_info</name>
         <load_address>0x116ec</load_address>
         <run_address>0x116ec</run_address>
         <size>0x39</size>
         <input_file_ref idref="fl-ea"/>
      </object_component>
      <object_component id="oc-366">
         <name>.debug_info</name>
         <load_address>0x11725</load_address>
         <run_address>0x11725</run_address>
         <size>0x39</size>
         <input_file_ref idref="fl-ea"/>
      </object_component>
      <object_component id="oc-36b">
         <name>.debug_info</name>
         <load_address>0x1175e</load_address>
         <run_address>0x1175e</run_address>
         <size>0xcd</size>
         <input_file_ref idref="fl-ea"/>
      </object_component>
      <object_component id="oc-9b">
         <name>.debug_info</name>
         <load_address>0x1182b</load_address>
         <run_address>0x1182b</run_address>
         <size>0x148</size>
         <input_file_ref idref="fl-eb"/>
      </object_component>
      <object_component id="oc-313">
         <name>.debug_info</name>
         <load_address>0x11973</load_address>
         <run_address>0x11973</run_address>
         <size>0x8a6</size>
         <input_file_ref idref="fl-ed"/>
      </object_component>
      <object_component id="oc-2ea">
         <name>.debug_info</name>
         <load_address>0x12219</load_address>
         <run_address>0x12219</run_address>
         <size>0x213</size>
         <input_file_ref idref="fl-ed"/>
      </object_component>
      <object_component id="oc-39e">
         <name>.debug_info</name>
         <load_address>0x1242c</load_address>
         <run_address>0x1242c</run_address>
         <size>0x1a8</size>
         <input_file_ref idref="fl-ed"/>
      </object_component>
      <object_component id="oc-3a4">
         <name>.debug_info</name>
         <load_address>0x125d4</load_address>
         <run_address>0x125d4</run_address>
         <size>0x210</size>
         <input_file_ref idref="fl-ed"/>
      </object_component>
      <object_component id="oc-2f0">
         <name>.debug_info</name>
         <load_address>0x127e4</load_address>
         <run_address>0x127e4</run_address>
         <size>0x3b0</size>
         <input_file_ref idref="fl-ed"/>
      </object_component>
      <object_component id="oc-3ab">
         <name>.debug_info</name>
         <load_address>0x12b94</load_address>
         <run_address>0x12b94</run_address>
         <size>0x2fa</size>
         <input_file_ref idref="fl-ed"/>
      </object_component>
      <object_component id="oc-3b1">
         <name>.debug_info</name>
         <load_address>0x12e8e</load_address>
         <run_address>0x12e8e</run_address>
         <size>0x20a</size>
         <input_file_ref idref="fl-ed"/>
      </object_component>
      <object_component id="oc-2f6">
         <name>.debug_info</name>
         <load_address>0x13098</load_address>
         <run_address>0x13098</run_address>
         <size>0x20a</size>
         <input_file_ref idref="fl-ed"/>
      </object_component>
      <object_component id="oc-2fc">
         <name>.debug_info</name>
         <load_address>0x132a2</load_address>
         <run_address>0x132a2</run_address>
         <size>0x2f9</size>
         <input_file_ref idref="fl-ed"/>
      </object_component>
      <object_component id="oc-302">
         <name>.debug_info</name>
         <load_address>0x1359b</load_address>
         <run_address>0x1359b</run_address>
         <size>0x4a5</size>
         <input_file_ref idref="fl-ed"/>
      </object_component>
      <object_component id="oc-1f9">
         <name>.debug_info</name>
         <load_address>0x13a40</load_address>
         <run_address>0x13a40</run_address>
         <size>0x5cd</size>
         <input_file_ref idref="fl-ed"/>
      </object_component>
      <object_component id="oc-314">
         <name>.debug_info</name>
         <load_address>0x1400d</load_address>
         <run_address>0x1400d</run_address>
         <size>0x86</size>
         <input_file_ref idref="fl-ed"/>
      </object_component>
      <object_component id="oc-3cf">
         <name>.debug_info</name>
         <load_address>0x14093</load_address>
         <run_address>0x14093</run_address>
         <size>0x39</size>
         <input_file_ref idref="fl-ed"/>
      </object_component>
      <object_component id="oc-41e">
         <name>.debug_info</name>
         <load_address>0x140cc</load_address>
         <run_address>0x140cc</run_address>
         <size>0xb6</size>
         <input_file_ref idref="fl-ed"/>
      </object_component>
      <object_component id="oc-3d4">
         <name>.debug_info</name>
         <load_address>0x14182</load_address>
         <run_address>0x14182</run_address>
         <size>0x46</size>
         <input_file_ref idref="fl-ed"/>
      </object_component>
      <object_component id="oc-319">
         <name>.debug_info</name>
         <load_address>0x141c8</load_address>
         <run_address>0x141c8</run_address>
         <size>0x46</size>
         <input_file_ref idref="fl-ed"/>
      </object_component>
      <object_component id="oc-38f">
         <name>.debug_info</name>
         <load_address>0x1420e</load_address>
         <run_address>0x1420e</run_address>
         <size>0x2ae</size>
         <input_file_ref idref="fl-ee"/>
      </object_component>
      <object_component id="oc-2e3">
         <name>.debug_info</name>
         <load_address>0x144bc</load_address>
         <run_address>0x144bc</run_address>
         <size>0x171</size>
         <input_file_ref idref="fl-ee"/>
      </object_component>
      <object_component id="oc-402">
         <name>.debug_info</name>
         <load_address>0x1462d</load_address>
         <run_address>0x1462d</run_address>
         <size>0xee</size>
         <input_file_ref idref="fl-ef"/>
      </object_component>
      <object_component id="oc-38c">
         <name>.debug_info</name>
         <load_address>0x1471b</load_address>
         <run_address>0x1471b</run_address>
         <size>0xfa</size>
         <input_file_ref idref="fl-ef"/>
      </object_component>
      <object_component id="oc-40c">
         <name>.debug_info</name>
         <load_address>0x14815</load_address>
         <run_address>0x14815</run_address>
         <size>0x290</size>
         <input_file_ref idref="fl-f0"/>
      </object_component>
      <object_component id="oc-399">
         <name>.debug_info</name>
         <load_address>0x14aa5</load_address>
         <run_address>0x14aa5</run_address>
         <size>0x1c2</size>
         <input_file_ref idref="fl-f0"/>
      </object_component>
      <object_component id="oc-3c5">
         <name>.debug_info</name>
         <load_address>0x14c67</load_address>
         <run_address>0x14c67</run_address>
[...]
         <value>0x875</value>
         <object_component_ref idref="oc-d4"/>
      </symbol>
      <symbol id="sm-1ff">
         <name>oi_shutoff_init</name>
         <value>0xaf3</value>
         <object_component_ref idref="oc-d4"/>
      </symbol>
      <symbol id="sm-200">
         <name>oi_parseInt</name>
         <value>0x62b9</value>
         <object_component_ref idref="oc-18a"/>
      </symbol>
      <symbol id="sm-201">
         <name>oi_uartSendStr</name>
         <value>0x9fb</value>
         <object_component_ref idref="oc-d4"/>
      </symbol>
      <symbol id="sm-202">
         <name>oi_close</name>
         <value>0x2c3</value>
         <object_component_ref idref="oc-d4"/>
      </symbol>
      <symbol id="sm-203">
         <name>oi_uartSendBuff</name>
         <value>0xa19</value>
         <object_component_ref idref="oc-d4"/>
      </symbol>
      <symbol id="sm-204">
         <name>oi_checkFirmware</name>
         <value>0xa4b</value>
         <object_component_ref idref="oc-d4"/>
      </symbol>
      <symbol id="sm-205">
         <name>oi_init_noupdate</name>
         <value>0x289</value>
         <object_component_ref idref="oc-d4"/>
      </symbol>
      <symbol id="sm-206">
         <name>oi_uartSendChar</name>
         <value>0x9b7</value>
         <object_component_ref idref="oc-d4"/>
      </symbol>
      <symbol id="sm-207">
         <name>oi_alloc</name>
         <value>0x26d</value>
         <object_component_ref idref="oc-d4"/>
      </symbol>
      <symbol id="sm-208">
         <name>oi_loadSong</name>
         <value>0x8b7</value>
         <object_component_ref idref="oc-d4"/>
      </symbol>
      <symbol id="sm-209">
         <name>oi_play_song</name>
         <value>0x90d</value>
         <object_component_ref idref="oc-d4"/>
      </symbol>
      <symbol id="sm-20a">
         <name>oi_parsePacket</name>
         <value>0x327</value>
         <object_component_ref idref="oc-d4"/>
      </symbol>
      <symbol id="sm-20b">
         <name>oi_setLeds</name>
         <value>0x831</value>
         <object_component_ref idref="oc-d4"/>
      </symbol>
      <symbol id="sm-20c">
         <name>oi_init</name>
         <value>0x2ad</value>
         <object_component_ref idref="oc-d4"/>
      </symbol>
      <symbol id="sm-20d">
         <name>oi_update</name>
         <value>0x2d5</value>
         <object_component_ref idref="oc-d4"/>
      </symbol>
      <symbol id="sm-20e">
         <name>oi_uartInit</name>
         <value>0x92f</value>
         <object_component_ref idref="oc-d4"/>
      </symbol>
      <symbol id="sm-261">
         <name>move_servo</name>
         <value>0x3c39</value>
         <object_component_ref idref="oc-da"/>
      </symbol>
      <symbol id="sm-262">
         <name>move_dumb_servo</name>
         <value>0x3c11</value>
         <object_component_ref idref="oc-da"/>
      </symbol>
      <symbol id="sm-263">
         <name>servo_init</name>
         <value>0x38f9</value>
         <object_component_ref idref="oc-da"/>
      </symbol>
      <symbol id="sm-264">
         <name>calibrate</name>
         <value>0x3987</value>
         <object_component_ref idref="oc-da"/>
      </symbol>
      <symbol id="sm-265">
         <name>min</name>
         <value>0x20000f30</value>
         <object_component_ref idref="oc-1b5"/>
      </symbol>
      <symbol id="sm-266">
         <name>move_manual</name>
         <value>0x3ab9</value>
         <object_component_ref idref="oc-da"/>
      </symbol>
      <symbol id="sm-267">
         <name>max</name>
         <value>0x20000f2c</value>
         <object_component_ref idref="oc-1b5"/>
      </symbol>
      <symbol id="sm-283">
         <name>ResetISR</name>
         <value>0x6399</value>
         <object_component_ref idref="oc-27"/>
      </symbol>
      <symbol id="sm-284">
         <name>g_pfnVectors</name>
         <value>0x0</value>
         <object_component_ref idref="oc-f"/>
      </symbol>
      <symbol id="sm-2e4">
         <name>in</name>
         <value>0x20000edc</value>
      </symbol>
      <symbol id="sm-2e5">
         <name>UART1_Handler</name>
         <value>0x3885</value>
         <object_component_ref idref="oc-e6"/>
      </symbol>
      <symbol id="sm-2e6">
         <name>get_dist</name>
         <value>0x36c9</value>
         <object_component_ref idref="oc-e6"/>
      </symbol>
      <symbol id="sm-2e7">
         <name>uart_sendChar</name>
         <value>0x358d</value>
         <object_component_ref idref="oc-e6"/>
      </symbol>
      <symbol id="sm-2e8">
         <name>index</name>
         <value>0x20000f34</value>
         <object_component_ref idref="oc-1cc"/>
      </symbol>
      <symbol id="sm-2e9">
         <name>uart_init</name>
         <value>0x3431</value>
         <object_component_ref idref="oc-e6"/>
      </symbol>
      <symbol id="sm-2ea">
         <name>ADC0SS0_Handler</name>
         <value>0x3845</value>
         <object_component_ref idref="oc-e6"/>
      </symbol>
      <symbol id="sm-2eb">
         <name>uart_receive</name>
         <value>0x3637</value>
         <object_component_ref idref="oc-e6"/>
      </symbol>
      <symbol id="sm-2ec">
         <name>data</name>
         <value>0x20000f38</value>
         <object_component_ref idref="oc-1cc"/>
      </symbol>
      <symbol id="sm-2ed">
         <name>uart_sendStr</name>
         <value>0x3661</value>
         <object_component_ref idref="oc-e6"/>
      </symbol>
      <symbol id="sm-328">
         <name>ping_read</name>
         <value>0x43cb</value>
         <object_component_ref idref="oc-e0"/>
      </symbol>
      <symbol id="sm-329">
         <name>send_pulse</name>
         <value>0x4385</value>
         <object_component_ref idref="oc-e0"/>
      </symbol>
      <symbol id="sm-32a">
         <name>flag2</name>
         <value>0x20000f00</value>
         <object_component_ref idref="oc-1c8"/>
      </symbol>
      <symbol id="sm-32b">
         <name>update_flag</name>
         <value>0x20000efc</value>
         <object_component_ref idref="oc-1c8"/>
      </symbol>
      <symbol id="sm-32c">
         <name>ultrasonic_init</name>
         <value>0x42f5</value>
         <object_component_ref idref="oc-e0"/>
      </symbol>
      <symbol id="sm-32d">
         <name>falling_time</name>
         <value>0x20000ef8</value>
         <object_component_ref idref="oc-1c8"/>
      </symbol>
      <symbol id="sm-32e">
         <name>time2dist</name>
         <value>0x4449</value>
         <object_component_ref idref="oc-e0"/>
      </symbol>
      <symbol id="sm-32f">
         <name>TIMER3B_Handler</name>
         <value>0x446d</value>
         <object_component_ref idref="oc-e0"/>
      </symbol>
      <symbol id="sm-330">
         <name>rising_time</name>
         <value>0x20000ef4</value>
         <object_component_ref idref="oc-1c8"/>
      </symbol>
      <symbol id="sm-331">
         <name>overflow</name>
         <value>0x20000f04</value>
         <object_component_ref idref="oc-1c8"/>
      </symbol>
      <symbol id="sm-3c6">
         <name>pow</name>
         <value>0x1755</value>
         <object_component_ref idref="oc-109"/>
      </symbol>
      <symbol id="sm-3c7">
         <name>powl</name>
         <value>0x1755</value>
         <object_component_ref idref="oc-109"/>
      </symbol>
      <symbol id="sm-3e9">
         <name>sqrtl</name>
         <value>0x4e55</value>
         <object_component_ref idref="oc-133"/>
      </symbol>
      <symbol id="sm-3ea">
         <name>sqrt</name>
         <value>0x4e55</value>
         <object_component_ref idref="oc-133"/>
      </symbol>
      <symbol id="sm-43b">
         <name>cosl</name>
         <value>0x2e55</value>
         <object_component_ref idref="oc-12d"/>
      </symbol>
      <symbol id="sm-43c">
         <name>cos</name>
         <value>0x2e55</value>
         <object_component_ref idref="oc-12d"/>
      </symbol>
      <symbol id="sm-463">
         <name>scalbn</name>
         <value>0x5341</value>
         <object_component_ref idref="oc-216"/>
      </symbol>
      <symbol id="sm-464">
         <name>scalbnl</name>
         <value>0x5341</value>
         <object_component_ref idref="oc-216"/>
      </symbol>
      <symbol id="sm-465">
         <name>ldexpl</name>
         <value>0x5341</value>
         <object_component_ref idref="oc-216"/>
      </symbol>
      <symbol id="sm-466">
         <name>ldexp</name>
         <value>0x5341</value>
         <object_component_ref idref="oc-216"/>
      </symbol>
      <symbol id="sm-470">
         <name>copysign</name>
         <value>0x62ff</value>
         <object_component_ref idref="oc-329"/>
      </symbol>
      <symbol id="sm-471">
         <name>copysignl</name>
         <value>0x62ff</value>
         <object_component_ref idref="oc-329"/>
      </symbol>
      <symbol id="sm-488">
         <name>__aeabi_dsub</name>
         <value>0x46e9</value>
         <object_component_ref idref="oc-10f"/>
      </symbol>
      <symbol id="sm-489">
         <name>__aeabi_dadd</name>
         <value>0x46f3</value>
         <object_component_ref idref="oc-10f"/>
      </symbol>
      <symbol id="sm-4ab">
         <name>__aeabi_cdcmpeq</name>
         <value>0x5a05</value>
         <object_component_ref idref="oc-1b9"/>
      </symbol>
      <symbol id="sm-4ac">
         <name>__aeabi_cdcmple</name>
         <value>0x5a05</value>
         <object_component_ref idref="oc-1b9"/>
      </symbol>
      <symbol id="sm-4ad">
         <name>__aeabi_cdrcmple</name>
         <value>0x5a8b</value>
         <object_component_ref idref="oc-1be"/>
      </symbol>
      <symbol id="sm-4c1">
         <name>__aeabi_ddiv</name>
         <value>0x50e9</value>
         <object_component_ref idref="oc-123"/>
      </symbol>
      <symbol id="sm-4cc">
         <name>__aeabi_dmul</name>
         <value>0x5555</value>
         <object_component_ref idref="oc-11e"/>
      </symbol>
      <symbol id="sm-4d6">
         <name>__aeabi_d2iz</name>
         <value>0x5ef5</value>
         <object_component_ref idref="oc-1a3"/>
      </symbol>
      <symbol id="sm-4e2">
         <name>__aeabi_d2f</name>
         <value>0x5c73</value>
         <object_component_ref idref="oc-114"/>
      </symbol>
      <symbol id="sm-4ec">
         <name>__aeabi_d2uiz</name>
         <value>0x5f81</value>
         <object_component_ref idref="oc-1c3"/>
      </symbol>
      <symbol id="sm-4f7">
         <name>__aeabi_f2d</name>
         <value>0x6131</value>
         <object_component_ref idref="oc-128"/>
      </symbol>
      <symbol id="sm-501">
         <name>__aeabi_i2d</name>
         <value>0x61cd</value>
         <object_component_ref idref="oc-119"/>
      </symbol>
      <symbol id="sm-51c">
         <name>memcpy</name>
         <value>0x58d3</value>
         <object_component_ref idref="oc-3b"/>
      </symbol>
      <symbol id="sm-51d">
         <name>__aeabi_memcpy</name>
         <value>0x58d3</value>
         <object_component_ref idref="oc-3b"/>
      </symbol>
      <symbol id="sm-51e">
         <name>__aeabi_memcpy8</name>
         <value>0x58d3</value>
         <object_component_ref idref="oc-3b"/>
      </symbol>
      <symbol id="sm-51f">
         <name>__aeabi_memcpy4</name>
         <value>0x58d3</value>
         <object_component_ref idref="oc-3b"/>
      </symbol>
      <symbol id="sm-529">
         <name>__aeabi_ui2d</name>
         <value>0x624d</value>
         <object_component_ref idref="oc-104"/>
      </symbol>
      <symbol id="sm-542">
         <name>__TI_zero_init_nomemset</name>
         <value>0x633b</value>
         <object_component_ref idref="oc-47"/>
      </symbol>
      <symbol id="sm-559">
         <name>__TI_decompress_none</name>
         <value>0x637f</value>
         <object_component_ref idref="oc-18"/>
      </symbol>
      <symbol id="sm-57c">
         <name>__TI_decompress_lzss</name>
         <value>0x5ce1</value>
         <object_component_ref idref="oc-12"/>
      </symbol>
      <symbol id="sm-58f">
         <name>__stack</name>
         <value>0x20000270</value>
         <object_component_ref idref="oc-21"/>
      </symbol>
      <symbol id="sm-590">
         <name>_c_int00_noargs</name>
         <value>0x60c1</value>
         <object_component_ref idref="oc-59"/>
      </symbol>
      <symbol id="sm-5a6">
         <name>__aeabi_errno_addr</name>
         <value>0x63b1</value>
         <object_component_ref idref="oc-20d"/>
      </symbol>
      <symbol id="sm-5a7">
         <name>errno</name>
         <value>0x20000f40</value>
         <object_component_ref idref="oc-322"/>
      </symbol>
      <symbol id="sm-5b2">
         <name>C$$EXIT</name>
         <value>0x63bd</value>
         <object_component_ref idref="oc-13e"/>
      </symbol>
      <symbol id="sm-5b3">
         <name>abort</name>
         <value>0x63bd</value>
         <object_component_ref idref="oc-13e"/>
      </symbol>
      <symbol id="sm-639">
         <name>_sys_memory</name>
         <value>0x20000a70</value>
         <object_component_ref idref="oc-24"/>
      </symbol>
      <symbol id="sm-63a">
         <name>free</name>
         <value>0x5749</value>
         <object_component_ref idref="oc-184"/>
      </symbol>
      <symbol id="sm-63b">
         <name>calloc</name>
         <value>0x61fb</value>
         <object_component_ref idref="oc-17e"/>
      </symbol>
      <symbol id="sm-63c">
         <name>malloc</name>
         <value>0x5b8d</value>
         <object_component_ref idref="oc-26e"/>
      </symbol>
      <symbol id="sm-63d">
         <name>minit</name>
         <value>0x60f9</value>
         <object_component_ref idref="oc-275"/>
      </symbol>
      <symbol id="sm-652">
         <name>_nop</name>
         <value>0x1753</value>
         <object_component_ref idref="oc-353"/>
      </symbol>
      <symbol id="sm-653">
         <name>_lock</name>
         <value>0x20000f24</value>
         <object_component_ref idref="oc-252"/>
      </symbol>
      <symbol id="sm-654">
         <name>_unlock</name>
         <value>0x20000f28</value>
         <object_component_ref idref="oc-252"/>
      </symbol>
      <symbol id="sm-67c">
         <name>sprintf</name>
         <value>0x5fc5</value>
         <object_component_ref idref="oc-fe"/>
      </symbol>
      <symbol id="sm-68b">
         <name>strcmp</name>
         <value>0x62d1</value>
         <object_component_ref idref="oc-191"/>
      </symbol>
      <symbol id="sm-699">
         <name>strcpy</name>
         <value>0x6313</value>
         <object_component_ref idref="oc-1e0"/>
      </symbol>
      <symbol id="sm-6c3">
         <name>vsnprintf</name>
         <value>0x6005</value>
         <object_component_ref idref="oc-1da"/>
      </symbol>
      <symbol id="sm-72a">
         <name>__kernel_rem_pio2</name>
         <value>0x2115</value>
         <object_component_ref idref="oc-230"/>
      </symbol>
      <symbol id="sm-740">
         <name>__kernel_cos</name>
         <value>0x4b91</value>
         <object_component_ref idref="oc-22a"/>
      </symbol>
      <symbol id="sm-757">
         <name>__kernel_sin</name>
         <value>0x4a1d</value>
         <object_component_ref idref="oc-236"/>
      </symbol>
      <symbol id="sm-774">
         <name>floorl</name>
         <value>0x5651</value>
         <object_component_ref idref="oc-33f"/>
      </symbol>
      <symbol id="sm-775">
         <name>floor</name>
         <value>0x5651</value>
         <object_component_ref idref="oc-33f"/>
      </symbol>
      <symbol id="sm-784">
         <name>__aeabi_memset</name>
         <value>0x5b13</value>
         <object_component_ref idref="oc-93"/>
      </symbol>
      <symbol id="sm-785">
         <name>memset</name>
         <value>0x5b19</value>
         <object_component_ref idref="oc-93"/>
      </symbol>
      <symbol id="sm-786">
         <name>__aeabi_memset8</name>
         <value>0x5b13</value>
         <object_component_ref idref="oc-93"/>
      </symbol>
      <symbol id="sm-787">
         <name>__aeabi_memset4</name>
         <value>0x5b13</value>
         <object_component_ref idref="oc-93"/>
      </symbol>
      <symbol id="sm-788">
         <name>__aeabi_memclr8</name>
         <value>0x5b11</value>
         <object_component_ref idref="oc-93"/>
      </symbol>
      <symbol id="sm-789">
         <name>__aeabi_memclr4</name>
         <value>0x5b11</value>
         <object_component_ref idref="oc-93"/>
      </symbol>
      <symbol id="sm-78a">
         <name>__aeabi_memclr</name>
         <value>0x5b11</value>
         <object_component_ref idref="oc-93"/>
      </symbol>
      <symbol id="sm-7b2">
         <name>__TI_auto_init_nobinit_nopinit</name>
         <value>0x5f3d</value>
         <object_component_ref idref="oc-14a"/>
      </symbol>
      <symbol id="sm-7bc">
         <name>_system_pre_init</name>
         <value>0x63b9</value>
         <object_component_ref idref="oc-99"/>
      </symbol>
      <symbol id="sm-922">
         <name>__TI_printfi</name>
         <value>0xcf5</value>
         <object_component_ref idref="oc-1f8"/>
      </symbol>
      <symbol id="sm-938">
         <name>atoi</name>
         <value>0x5ea9</value>
         <object_component_ref idref="oc-2e2"/>
      </symbol>
      <symbol id="sm-943">
         <name>_ctypes_</name>
         <value>0x6518</value>
         <object_component_ref idref="oc-38b"/>
      </symbol>
      <symbol id="sm-952">
         <name>ltoa</name>
         <value>0x5e03</value>
         <object_component_ref idref="oc-396"/>
      </symbol>
      <symbol id="sm-962">
         <name>memccpy</name>
         <value>0x626d</value>
         <object_component_ref idref="oc-306"/>
      </symbol>
      <symbol id="sm-972">
         <name>strchr</name>
         <value>0x62e9</value>
         <object_component_ref idref="oc-3bd"/>
      </symbol>
      <symbol id="sm-980">
         <name>strlen</name>
         <value>0x6327</value>
         <object_component_ref idref="oc-2dc"/>
      </symbol>
      <symbol id="sm-996">
         <name>frexpl</name>
         <value>0x5d49</value>
         <object_component_ref idref="oc-3b7"/>
      </symbol>
      <symbol id="sm-997">
         <name>frexp</name>
         <value>0x5d49</value>
         <object_component_ref idref="oc-3b7"/>
      </symbol>
      <symbol id="sm-9b0">
         <name>wcslen</name>
         <value>0x634d</value>
         <object_component_ref idref="oc-30c"/>
      </symbol>
      <symbol id="sm-9bd">
         <name>__aeabi_uldivmod</name>
         <value>0x596f</value>
         <object_component_ref idref="oc-390"/>
      </symbol>
      <symbol id="sm-9c7">
         <name>__aeabi_idiv0</name>
         <value>0x489f</value>
         <object_component_ref idref="oc-405"/>
      </symbol>
      <symbol id="sm-9c8">
         <name>__aeabi_ldiv0</name>
         <value>0x489f</value>
         <object_component_ref idref="oc-405"/>
      </symbol>
      <symbol id="sm-9f2">
         <name>IntRegister</name>
         <value>0x6169</value>
         <object_component_ref idref="oc-197"/>
      </symbol>
      <symbol id="sm-9f3">
         <name>g_pfnRAMVectors</name>
         <value>0x20000000</value>
         <object_component_ref idref="oc-28d"/>
      </symbol>
      <symbol id="sm-9f4">
         <name>IntMasterEnable</name>
         <value>0x635f</value>
         <object_component_ref idref="oc-19d"/>
      </symbol>
      <symbol id="sm-9fe">
         <name>CPUcpsie</name>
         <value>0x638d</value>
         <object_component_ref idref="oc-297"/>
      </symbol>
      <symbol id="sm-9ff">
         <name>__TI_static_base__</name>
         <value>0x0</value>
      </symbol>
      <symbol id="sm-a02">
         <name>__mpu_init</name>
         <value>0x0</value>
      </symbol>
      <symbol id="sm-a03">
         <name>_system_post_cinit</name>
         <value>0x0</value>
      </symbol>
   </symbol_table>
   <title>Link successful</title>
</link_info>
