******************************************************************************
                  TI ARM Linker PC v18.1.2                     
******************************************************************************
>> Linked Tue Oct 23 13:25:10 2018

OUTPUT FILE NAME:   <lab_8.out>
ENTRY POINT SYMBOL: "_c_int00_noargs"  address: 00002cbd


MEMORY CONFIGURATION

         name            origin    length      used     unused   attr    fill
----------------------  --------  ---------  --------  --------  ----  --------
  FLASH                 00000000   00040000  00003049  0003cfb7  R  X
  SRAM                  20000000   00008000  00000ee2  0000711e  RW X


SEGMENT ALLOCATION MAP

run origin  load origin   length   init length attrs members
----------  ----------- ---------- ----------- ----- -------
00000000    00000000    00003050   00003050    r-x
  00000000    00000000    0000026c   0000026c    r-- .intvecs
  0000026c    0000026c    00002c8c   00002c8c    r-x .text
  00002ef8    00002ef8    00000109   00000109    r-- .const
  00003008    00003008    00000048   00000048    r-- .cinit
20000000    20000000    00000ee9   00000000    rw-
  20000000    20000000    0000026c   00000000    rw- .vtable
  20000270    20000270    00000800   00000000    rw- .stack
  20000a70    20000a70    00000400   00000000    rw- .sysmem
  20000e70    20000e70    00000055   00000000    rw- .bss
  20000ec8    20000ec8    00000021   00000000    rw- .data


SECTION ALLOCATION MAP

 output                                  attributes/
section   page    origin      length       input sections
--------  ----  ----------  ----------   ----------------
.intvecs   0    00000000    0000026c     
                  00000000    0000026c     tm4c1236h6pm_startup_ccs.obj (.intvecs)

.text      0    0000026c    00002c8c     
                  0000026c    00000a5e     rtsv7M4_T_le_v4SPD16_eabi.lib : _printfi.c.obj (.text:__TI_printfi)
                  00000cca    00000002                                   : div0.asm.obj (.text)
                  00000ccc    00000470     servo.obj (.text)
                  0000113c    000002ec     lcd.obj (.text)
                  00001428    00000270     rtsv7M4_T_le_v4SPD16_eabi.lib : _printfi.c.obj (.text:_pconv_a)
                  00001698    00000224     ultrasonic.obj (.text)
                  000018bc    000001d0     rtsv7M4_T_le_v4SPD16_eabi.lib : _printfi.c.obj (.text:_pconv_g)
                  00001a8c    000001b6                                   : fd_add_t2.asm.obj (.text)
                  00001c42    00000002     --HOLE-- [fill = 0]
                  00001c44    00000158     Timer.obj (.text)
                  00001d9c    0000013c     rtsv7M4_T_le_v4SPD16_eabi.lib : _printfi.c.obj (.text:_pconv_e)
                  00001ed8    00000136                                   : fd_div_t2.asm.obj (.text)
                  0000200e    00000002     --HOLE-- [fill = 0]
                  00002010    00000120                                   : _printfi.c.obj (.text:fcvt)
                  00002130    00000110                                   : s_scalbn.c.obj (.text:scalbn)
                  00002240    00000104     button.obj (.text)
                  00002344    000000fc     rtsv7M4_T_le_v4SPD16_eabi.lib : fd_mul_t2.asm.obj (.text)
                  00002440    000000d0     main.obj (.text)
                  00002510    000000b1     rtsv7M4_T_le_v4SPD16_eabi.lib : _printfi.c.obj (.text:_ltostr)
                  000025c1    00000001     --HOLE-- [fill = 0]
                  000025c2    0000009c                                   : memcpy_t2.asm.obj (.text)
                  0000265e    00000096                                   : ull_div_t2.asm.obj (.text)
                  000026f4    00000086                                   : fd_cmp_t2.asm.obj (.text:__aeabi_cdcmple)
                  0000277a    00000086                                   : fd_cmp_t2.asm.obj (.text:__aeabi_cdrcmple)
                  00002800    0000007a                                   : memset_t2.asm.obj (.text)
                  0000287a    0000006e                                   : _printfi.c.obj (.text:_mcpy)
                  000028e8    0000006e                                   : fd_tos_t2.asm.obj (.text)
                  00002956    00000068                                   : copy_decompress_lzss.c.obj (.text:decompress:lzss:__TI_decompress_lzss)
                  000029be    00000002     --HOLE-- [fill = 0]
                  000029c0    00000064                                   : s_frexp.c.obj (.text:frexp)
                  00002a24    00000056                                   : _printfi.c.obj (.text:_pconv_f)
                  00002a7a    00000054                                   : ltoa.c.obj (.text:ltoa)
                  00002ace    00000052                                   : _printfi.c.obj (.text:_ecpy)
                  00002b20    0000004c                                   : atoi.c.obj (.text:atoi)
                  00002b6c    00000048                                   : fd_toi_t2.asm.obj (.text)
                  00002bb4    00000044                                   : autoinit.c.obj (.text:__TI_auto_init_nobinit_nopinit:__TI_auto_init_nobinit_nopinit)
                  00002bf8    00000044                                   : fd_tou_t2.asm.obj (.text)
                  00002c3c    00000040                                   : vsnprintf.c.obj (.text:vsnprintf)
                  00002c7c    0000003e                                   : _printfi.c.obj (.text:_fcpy)
                  00002cba    00000002     --HOLE-- [fill = 0]
                  00002cbc    00000038                                   : boot_cortex_m.c.obj (.text:_c_int00_noargs:_c_int00_noargs)
                  00002cf4    00000038                                   : fs_tod_t2.asm.obj (.text)
                  00002d2c    00000034     driverlib.lib : interrupt.obj (.text:IntRegister)
                  00002d60    00000030     rtsv7M4_T_le_v4SPD16_eabi.lib : vsnprintf.c.obj (.text:_outs)
                  00002d90    0000002e                                   : i_tofd_t2.asm.obj (.text)
                  00002dbe    00000020                                   : u_tofd_t2.asm.obj (.text)
                  00002dde    0000001c                                   : memccpy.c.obj (.text:memccpy)
                  00002dfa    00000018                                   : vsnprintf.c.obj (.text:_outc)
                  00002e12    00000018                                   : strcmp.c.obj (.text:strcmp)
                  00002e2a    00000016                                   : strchr.c.obj (.text:strchr)
                  00002e40    00000014                                   : s_copysign.c.obj (.text:copysign)
                  00002e54    00000014                                   : strcpy.c.obj (.text:strcpy)
                  00002e68    00000014                                   : strlen.c.obj (.text:strlen)
                  00002e7c    00000012                                   : copy_zero_init.c.obj (.text:decompress:ZI:__TI_zero_init_nomemset:__TI_zero_init_nomemset)
                  00002e8e    00000012                                   : wcslen.c.obj (.text:wcslen)
                  00002ea0    00000010     driverlib.lib : interrupt.obj (.text:IntMasterEnable)
                  00002eb0    00000010     lcd.obj (.text:lcd_clear)
                  00002ec0    0000000e     rtsv7M4_T_le_v4SPD16_eabi.lib : copy_decompress_none.c.obj (.text:decompress:none:__TI_decompress_none)
                  00002ece    0000000c     driverlib.lib : cpu.obj (.text:CPUcpsie)
                  00002eda    0000000c     tm4c1236h6pm_startup_ccs.obj (.text)
                  00002ee6    00000002     --HOLE-- [fill = 0]
                  00002ee8    00000008     rtsv7M4_T_le_v4SPD16_eabi.lib : errno.c.obj (.text:__aeabi_errno_addr)
                  00002ef0    00000004                                   : pre_init.c.obj (.text:_system_pre_init)
                  00002ef4    00000004                                   : exit.c.obj (.text:abort:abort)

.const     0    00002ef8    00000109     
                  00002ef8    00000101     rtsv7M4_T_le_v4SPD16_eabi.lib : ctype.c.obj (.const:.string:_ctypes_)
                  00002ff9    00000004     lcd.obj (.const:.string:lineAddress$1)
                  00002ffd    00000004     lcd.obj (.const:.string:lineAddresses$2)

.cinit     0    00003008    00000048     
                  00003008    00000011     (.cinit..data.load) [load image, compression = lzss]
                  00003019    00000003     --HOLE-- [fill = 0]
                  0000301c    0000000c     (__TI_handler_table)
                  00003028    00000008     (.cinit..bss.load) [load image, compression = zero_init]
                  00003030    00000008     (.cinit..vtable.load) [load image, compression = zero_init]
                  00003038    00000018     (__TI_cinit_table)

.init_array 
*          0    00000000    00000000     UNINITIALIZED

.vtable    0    20000000    0000026c     UNINITIALIZED
                  20000000    0000026c     driverlib.lib : interrupt.obj (.vtable)

.stack     0    20000270    00000800     UNINITIALIZED
                  20000270    00000004     rtsv7M4_T_le_v4SPD16_eabi.lib : boot_cortex_m.c.obj (.stack)
                  20000274    000007fc     --HOLE--

.sysmem    0    20000a70    00000400     UNINITIALIZED
                  20000a70    00000008     rtsv7M4_T_le_v4SPD16_eabi.lib : memory.c.obj (.sysmem)
                  20000a78    000003f8     --HOLE--

.bss       0    20000e70    00000055     UNINITIALIZED
                  20000e70    00000054     lcd.obj (.bss:lastbuffer$3)
                  20000ec4    00000001     (.common:_prevButton)

.data      0    20000ec8    00000021     UNINITIALIZED
                  20000ec8    00000014     ultrasonic.obj (.data)
                  20000edc    00000008     servo.obj (.data)
                  20000ee4    00000004     rtsv7M4_T_le_v4SPD16_eabi.lib : errno.c.obj (.data)
                  20000ee8    00000001     button.obj (.data)

MODULE SUMMARY

       Module                         code    ro data   rw data
       ------                         ----    -------   -------
    .\
       servo.obj                      1136    0         8      
       lcd.obj                        764     8         84     
       tm4c1236h6pm_startup_ccs.obj   12      620       0      
       ultrasonic.obj                 548     0         20     
       Timer.obj                      344     0         0      
       button.obj                     260     0         2      
       main.obj                       208     0         0      
    +--+------------------------------+-------+---------+---------+
       Total:                         3272    628       114    
                                                               
    C:/ti/TivaWare_C_Series-2.1.4.178/driverlib/ccs/Debug/driverlib.lib
       interrupt.obj                  68      0         620    
       cpu.obj                        12      0         0      
    +--+------------------------------+-------+---------+---------+
       Total:                         80      0         620    
                                                               
    C:\ti\ccsv8\tools\compiler\ti-cgt-arm_18.1.2.LTS\lib\rtsv7M4_T_le_v4SPD16_eabi.lib
       _printfi.c.obj                 4863    0         0      
       fd_add_t2.asm.obj              438     0         0      
       fd_div_t2.asm.obj              310     0         0      
       s_scalbn.c.obj                 272     0         0      
       fd_cmp_t2.asm.obj              268     0         0      
       ctype.c.obj                    0       257       0      
       fd_mul_t2.asm.obj              252     0         0      
       memcpy_t2.asm.obj              156     0         0      
       ull_div_t2.asm.obj             150     0         0      
       vsnprintf.c.obj                136     0         0      
       memset_t2.asm.obj              122     0         0      
       fd_tos_t2.asm.obj              110     0         0      
       copy_decompress_lzss.c.obj     104     0         0      
       s_frexp.c.obj                  100     0         0      
       ltoa.c.obj                     84      0         0      
       atoi.c.obj                     76      0         0      
       fd_toi_t2.asm.obj              72      0         0      
       autoinit.c.obj                 68      0         0      
       fd_tou_t2.asm.obj              68      0         0      
       boot_cortex_m.c.obj            56      0         0      
       fs_tod_t2.asm.obj              56      0         0      
       i_tofd_t2.asm.obj              46      0         0      
       u_tofd_t2.asm.obj              32      0         0      
       memccpy.c.obj                  28      0         0      
       strcmp.c.obj                   24      0         0      
       strchr.c.obj                   22      0         0      
       s_copysign.c.obj               20      0         0      
       strcpy.c.obj                   20      0         0      
       strlen.c.obj                   20      0         0      
       copy_zero_init.c.obj           18      0         0      
       wcslen.c.obj                   18      0         0      
       copy_decompress_none.c.obj     14      0         0      
       errno.c.obj                    8       0         4      
       exit.c.obj                     4       0         0      
       pre_init.c.obj                 4       0         0      
       div0.asm.obj                   2       0         0      
    +--+------------------------------+-------+---------+---------+
       Total:                         8041    257       4      
                                                               
       Heap:                          0       0         1024   
       Stack:                         0       0         2048   
       Linker Generated:              0       69        0      
    +--+------------------------------+-------+---------+---------+
       Grand Total:                   11393   954       3810   


LINKER GENERATED COPY TABLES

__TI_cinit_table @ 00003038 records: 3, size/record: 8, table size: 24
	.data: load addr=00003008, load size=00000011 bytes, run addr=20000ec8, run size=00000021 bytes, compression=lzss
	.bss: load addr=00003028, load size=00000008 bytes, run addr=20000e70, run size=00000055 bytes, compression=zero_init
	.vtable: load addr=00003030, load size=00000008 bytes, run addr=20000000, run size=0000026c bytes, compression=zero_init


LINKER GENERATED HANDLER TABLE

__TI_handler_table @ 0000301c records: 3, size/record: 4, table size: 12
	index: 0, handler: __TI_zero_init
	index: 1, handler: __TI_decompress_lzss
	index: 2, handler: __TI_decompress_none


GLOBAL SYMBOLS: SORTED ALPHABETICALLY BY Name 

address   name                          
-------   ----                          
00002ef5  C$$EXIT                       
00002ecf  CPUcpsie                      
00002ea1  IntMasterEnable               
00002d2d  IntRegister                   
00002edb  ResetISR                      
00001811  TIMER3B_Handler               
20000a70  __STACK_END                   
00000800  __STACK_SIZE                  
20000470  __STACK_TOP                   
00000400  __SYSMEM_SIZE                 
00003038  __TI_CINIT_Base               
00003050  __TI_CINIT_Limit              
0000301c  __TI_Handler_Table_Base       
00003028  __TI_Handler_Table_Limit      
00002bb5  __TI_auto_init_nobinit_nopinit
00002957  __TI_decompress_lzss          
00002ec1  __TI_decompress_none          
ffffffff  __TI_pprof_out_hndl           
0000026d  __TI_printfi                  
ffffffff  __TI_prof_data_size           
ffffffff  __TI_prof_data_start          
00000000  __TI_static_base__            
00002e7d  __TI_zero_init_nomemset       
000026f5  __aeabi_cdcmpeq               
000026f5  __aeabi_cdcmple               
0000277b  __aeabi_cdrcmple              
000028e9  __aeabi_d2f                   
00002b6d  __aeabi_d2iz                  
00002bf9  __aeabi_d2uiz                 
00001a97  __aeabi_dadd                  
00001ed9  __aeabi_ddiv                  
00002345  __aeabi_dmul                  
00001a8d  __aeabi_dsub                  
00002ee9  __aeabi_errno_addr            
00002cf5  __aeabi_f2d                   
00002d91  __aeabi_i2d                   
00000ccb  __aeabi_idiv0                 
00000ccb  __aeabi_ldiv0                 
00002801  __aeabi_memclr                
00002801  __aeabi_memclr4               
00002801  __aeabi_memclr8               
000025c3  __aeabi_memcpy                
000025c3  __aeabi_memcpy4               
000025c3  __aeabi_memcpy8               
00002803  __aeabi_memset                
00002803  __aeabi_memset4               
00002803  __aeabi_memset8               
00002dbf  __aeabi_ui2d                  
0000265f  __aeabi_uldivmod              
ffffffff  __binit__                     
ffffffff  __c_args__                    
UNDEFED   __mpu_init                    
20000270  __stack                       
00002cbd  _c_int00_noargs               
00002ef8  _ctypes_                      
20000ec4  _prevButton                   
20000a70  _sys_memory                   
UNDEFED   _system_post_cinit            
00002ef1  _system_pre_init              
00002ef5  abort                         
00002b21  atoi                          
ffffffff  binit                         
0000226d  button_checkButtons           
00002277  button_getButton              
000022d9  button_getButtonBlocking      
000022ed  button_getButtonChange        
00002317  button_getButtonChangeBlocking
00002241  button_init                   
00000d5b  calibrate                     
00002e41  copysign                      
00002e41  copysignl                     
20000ee4  errno                         
20000ecc  falling_time                  
20000ed4  flag2                         
000029c1  frexp                         
000029c1  frexpl                        
20000000  g_pfnRAMVectors               
00000000  g_pfnVectors                  
00002eb1  lcd_clear                     
000012d5  lcd_gotoLine                  
0000113d  lcd_init                      
0000133b  lcd_printf                    
000011fd  lcd_putc                      
00001235  lcd_puts                      
00001253  lcd_sendCommand               
00001291  lcd_sendNibble                
000012fd  lcd_setCursorPos              
00002131  ldexp                         
00002131  ldexpl                        
00002a7b  ltoa                          
00002441  main                          
20000edc  max                           
00002ddf  memccpy                       
000025c3  memcpy                        
00002809  memset                        
20000ee0  min                           
00000faf  move_dumb_servo               
00000e5d  move_manual                   
00000fdd  move_servo                    
20000ed8  overflow                      
0000176f  ping_read                     
20000ec8  rising_time                   
00002131  scalbn                        
00002131  scalbnl                       
00001729  send_pulse                    
00000ccd  servo_init                    
00002e2b  strchr                        
00002e13  strcmp                        
00002e55  strcpy                        
00002e69  strlen                        
000017ed  time2dist                     
00001d55  timer_getClock                
00001d09  timer_startClock              
00001ca3  timer_startTimer              
00001d5b  timer_stopClock               
00001cf3  timer_stopTimer               
00001c79  timer_waitMicros              
00001c45  timer_waitMillis              
00001699  ultrasonic_init               
20000ed0  update_flag                   
00002c3d  vsnprintf                     
00002e8f  wcslen                        


GLOBAL SYMBOLS: SORTED BY Symbol Address 

address   name                          
-------   ----                          
00000000  __TI_static_base__            
00000000  g_pfnVectors                  
0000026d  __TI_printfi                  
00000400  __SYSMEM_SIZE                 
00000800  __STACK_SIZE                  
00000ccb  __aeabi_idiv0                 
00000ccb  __aeabi_ldiv0                 
00000ccd  servo_init                    
00000d5b  calibrate                     
00000e5d  move_manual                   
00000faf  move_dumb_servo               
00000fdd  move_servo                    
0000113d  lcd_init                      
000011fd  lcd_putc                      
00001235  lcd_puts                      
00001253  lcd_sendCommand               
00001291  lcd_sendNibble                
000012d5  lcd_gotoLine                  
000012fd  lcd_setCursorPos              
0000133b  lcd_printf                    
00001699  ultrasonic_init               
00001729  send_pulse                    
0000176f  ping_read                     
000017ed  time2dist                     
00001811  TIMER3B_Handler               
00001a8d  __aeabi_dsub                  
00001a97  __aeabi_dadd                  
00001c45  timer_waitMillis              
00001c79  timer_waitMicros              
00001ca3  timer_startTimer              
00001cf3  timer_stopTimer               
00001d09  timer_startClock              
00001d55  timer_getClock                
00001d5b  timer_stopClock               
00001ed9  __aeabi_ddiv                  
00002131  ldexp                         
00002131  ldexpl                        
00002131  scalbn                        
00002131  scalbnl                       
00002241  button_init                   
0000226d  button_checkButtons           
00002277  button_getButton              
000022d9  button_getButtonBlocking      
000022ed  button_getButtonChange        
00002317  button_getButtonChangeBlocking
00002345  __aeabi_dmul                  
00002441  main                          
000025c3  __aeabi_memcpy                
000025c3  __aeabi_memcpy4               
000025c3  __aeabi_memcpy8               
000025c3  memcpy                        
0000265f  __aeabi_uldivmod              
000026f5  __aeabi_cdcmpeq               
000026f5  __aeabi_cdcmple               
0000277b  __aeabi_cdrcmple              
00002801  __aeabi_memclr                
00002801  __aeabi_memclr4               
00002801  __aeabi_memclr8               
00002803  __aeabi_memset                
00002803  __aeabi_memset4               
00002803  __aeabi_memset8               
00002809  memset                        
000028e9  __aeabi_d2f                   
00002957  __TI_decompress_lzss          
000029c1  frexp                         
000029c1  frexpl                        
00002a7b  ltoa                          
00002b21  atoi                          
00002b6d  __aeabi_d2iz                  
00002bb5  __TI_auto_init_nobinit_nopinit
00002bf9  __aeabi_d2uiz                 
00002c3d  vsnprintf                     
00002cbd  _c_int00_noargs               
00002cf5  __aeabi_f2d                   
00002d2d  IntRegister                   
00002d91  __aeabi_i2d                   
00002dbf  __aeabi_ui2d                  
00002ddf  memccpy                       
00002e13  strcmp                        
00002e2b  strchr                        
00002e41  copysign                      
00002e41  copysignl                     
00002e55  strcpy                        
00002e69  strlen                        
00002e7d  __TI_zero_init_nomemset       
00002e8f  wcslen                        
00002ea1  IntMasterEnable               
00002eb1  lcd_clear                     
00002ec1  __TI_decompress_none          
00002ecf  CPUcpsie                      
00002edb  ResetISR                      
00002ee9  __aeabi_errno_addr            
00002ef1  _system_pre_init              
00002ef5  C$$EXIT                       
00002ef5  abort                         
00002ef8  _ctypes_                      
0000301c  __TI_Handler_Table_Base       
00003028  __TI_Handler_Table_Limit      
00003038  __TI_CINIT_Base               
00003050  __TI_CINIT_Limit              
20000000  g_pfnRAMVectors               
20000270  __stack                       
20000470  __STACK_TOP                   
20000a70  __STACK_END                   
20000a70  _sys_memory                   
20000ec4  _prevButton                   
20000ec8  rising_time                   
20000ecc  falling_time                  
20000ed0  update_flag                   
20000ed4  flag2                         
20000ed8  overflow                      
20000edc  max                           
20000ee0  min                           
20000ee4  errno                         
ffffffff  __TI_pprof_out_hndl           
ffffffff  __TI_prof_data_size           
ffffffff  __TI_prof_data_start          
ffffffff  __binit__                     
ffffffff  __c_args__                    
ffffffff  binit                         
UNDEFED   __mpu_init                    
UNDEFED   _system_post_cinit            

[122 symbols]
