******************************************************************************
                  TI ARM Linker PC v18.1.2                     
******************************************************************************
>> Linked Wed Oct 17 17:22:18 2018

OUTPUT FILE NAME:   <lab_7.out>
ENTRY POINT SYMBOL: "_c_int00_noargs"  address: 00003579


MEMORY CONFIGURATION

         name            origin    length      used     unused   attr    fill
----------------------  --------  ---------  --------  --------  ----  --------
  FLASH                 00000000   00040000  00003928  0003c6d8  R  X
  SRAM                  20000000   00008000  00000efa  00007106  RW X


SEGMENT ALLOCATION MAP

run origin  load origin   length   init length attrs members
----------  ----------- ---------- ----------- ----- -------
00000000    00000000    00003930   00003930    r-x
  00000000    00000000    0000026c   0000026c    r-- .intvecs
  0000026c    0000026c    00003540   00003540    r-x .text
  000037b0    000037b0    0000013c   0000013c    r-- .const
  000038f0    000038f0    00000040   00000040    r-- .cinit
20000000    20000000    00000f01   00000000    rw-
  20000000    20000000    0000026c   00000000    rw- .vtable
  20000270    20000270    00000800   00000000    rw- .stack
  20000a70    20000a70    00000400   00000000    rw- .sysmem
  20000e70    20000e70    00000069   00000000    rw- .bss
  20000edc    20000edc    00000025   00000000    rw- .data


SECTION ALLOCATION MAP

 output                                  attributes/
section   page    origin      length       input sections
--------  ----  ----------  ----------   ----------------
.intvecs   0    00000000    0000026c     
                  00000000    0000026c     tm4c1236h6pm_startup_ccs.obj (.intvecs)

.text      0    0000026c    00003540     
                  0000026c    00000a5e     rtsv7M4_T_le_v4SPD16_eabi.lib : _printfi.c.obj (.text:__TI_printfi)
                  00000cca    00000002                                   : div0.asm.obj (.text)
                  00000ccc    000009c0                                   : e_pow.c.obj (.text:pow)
                  0000168c    00000330     uart.obj (.text)
                  000019bc    000002ec     lcd.obj (.text)
                  00001ca8    00000270     rtsv7M4_T_le_v4SPD16_eabi.lib : _printfi.c.obj (.text:_pconv_a)
                  00001f18    00000248     ultrasonic.obj (.text)
                  00002160    000001d0     rtsv7M4_T_le_v4SPD16_eabi.lib : _printfi.c.obj (.text:_pconv_g)
                  00002330    000001b6                                   : fd_add_t2.asm.obj (.text)
                  000024e6    00000002     --HOLE-- [fill = 0]
                  000024e8    00000158     Timer.obj (.text)
                  00002640    00000158     rtsv7M4_T_le_v4SPD16_eabi.lib : e_sqrt.c.obj (.text:sqrt)
                  00002798    0000013c                                   : _printfi.c.obj (.text:_pconv_e)
                  000028d4    00000136                                   : fd_div_t2.asm.obj (.text)
                  00002a0a    00000002     --HOLE-- [fill = 0]
                  00002a0c    00000120                                   : _printfi.c.obj (.text:fcvt)
                  00002b2c    00000110                                   : s_scalbn.c.obj (.text:scalbn)
                  00002c3c    00000104     button.obj (.text)
                  00002d40    000000fc     rtsv7M4_T_le_v4SPD16_eabi.lib : fd_mul_t2.asm.obj (.text)
                  00002e3c    000000b1                                   : _printfi.c.obj (.text:_ltostr)
                  00002eed    00000001     --HOLE-- [fill = 0]
                  00002eee    0000009c                                   : memcpy_t2.asm.obj (.text)
                  00002f8a    00000096                                   : ull_div_t2.asm.obj (.text)
                  00003020    00000086                                   : fd_cmp_t2.asm.obj (.text:__aeabi_cdcmple)
                  000030a6    00000086                                   : fd_cmp_t2.asm.obj (.text:__aeabi_cdrcmple)
                  0000312c    0000007a                                   : memset_t2.asm.obj (.text)
                  000031a6    0000006e                                   : _printfi.c.obj (.text:_mcpy)
                  00003214    00000068                                   : copy_decompress_lzss.c.obj (.text:decompress:lzss:__TI_decompress_lzss)
                  0000327c    00000064                                   : s_frexp.c.obj (.text:frexp)
                  000032e0    00000056                                   : _printfi.c.obj (.text:_pconv_f)
                  00003336    00000054                                   : ltoa.c.obj (.text:ltoa)
                  0000338a    00000052                                   : _printfi.c.obj (.text:_ecpy)
                  000033dc    0000004c                                   : atoi.c.obj (.text:atoi)
                  00003428    00000048                                   : fd_toi_t2.asm.obj (.text)
                  00003470    00000044                                   : autoinit.c.obj (.text:__TI_auto_init_nobinit_nopinit:__TI_auto_init_nobinit_nopinit)
                  000034b4    00000044                                   : fd_tou_t2.asm.obj (.text)
                  000034f8    00000040                                   : vsnprintf.c.obj (.text:vsnprintf)
                  00003538    0000003e                                   : _printfi.c.obj (.text:_fcpy)
                  00003576    00000002     --HOLE-- [fill = 0]
                  00003578    00000038                                   : boot_cortex_m.c.obj (.text:_c_int00_noargs:_c_int00_noargs)
                  000035b0    00000034     driverlib.lib : interrupt.obj (.text:IntRegister)
                  000035e4    00000030     rtsv7M4_T_le_v4SPD16_eabi.lib : vsnprintf.c.obj (.text:_outs)
                  00003614    00000030     main.obj (.text)
                  00003644    0000002e     rtsv7M4_T_le_v4SPD16_eabi.lib : i_tofd_t2.asm.obj (.text)
                  00003672    00000020                                   : u_tofd_t2.asm.obj (.text)
                  00003692    0000001c                                   : memccpy.c.obj (.text:memccpy)
                  000036ae    00000018                                   : vsnprintf.c.obj (.text:_outc)
                  000036c6    00000018                                   : strcmp.c.obj (.text:strcmp)
                  000036de    00000016                                   : strchr.c.obj (.text:strchr)
                  000036f4    00000014                                   : s_copysign.c.obj (.text:copysign)
                  00003708    00000014                                   : strcpy.c.obj (.text:strcpy)
                  0000371c    00000014                                   : strlen.c.obj (.text:strlen)
                  00003730    00000012                                   : copy_zero_init.c.obj (.text:decompress:ZI:__TI_zero_init_nomemset:__TI_zero_init_nomemset)
                  00003742    00000012                                   : wcslen.c.obj (.text:wcslen)
                  00003754    00000010     driverlib.lib : interrupt.obj (.text:IntMasterEnable)
                  00003764    00000010     lcd.obj (.text:lcd_clear)
                  00003774    0000000e     rtsv7M4_T_le_v4SPD16_eabi.lib : copy_decompress_none.c.obj (.text:decompress:none:__TI_decompress_none)
                  00003782    0000000c     driverlib.lib : cpu.obj (.text:CPUcpsie)
                  0000378e    0000000c     tm4c1236h6pm_startup_ccs.obj (.text)
                  0000379a    00000002     --HOLE-- [fill = 0]
                  0000379c    00000008     rtsv7M4_T_le_v4SPD16_eabi.lib : errno.c.obj (.text:__aeabi_errno_addr)
                  000037a4    00000004                                   : pre_init.c.obj (.text:_system_pre_init)
                  000037a8    00000004                                   : exit.c.obj (.text:abort:abort)

.const     0    000037b0    0000013c     
                  000037b0    00000101     rtsv7M4_T_le_v4SPD16_eabi.lib : ctype.c.obj (.const:.string:_ctypes_)
                  000038b1    00000004     lcd.obj (.const:.string:lineAddress$1)
                  000038b5    00000003     --HOLE-- [fill = 0]
                  000038b8    00000030     rtsv7M4_T_le_v4SPD16_eabi.lib : e_pow.c.obj (.const:$O1$$)
                  000038e8    00000004     lcd.obj (.const:.string:lineAddresses$2)

.cinit     0    000038f0    00000040     
                  000038f0    0000000c     (__TI_handler_table)
                  000038fc    00000004     --HOLE-- [fill = 0]
                  00003900    00000008     (.cinit..bss.load) [load image, compression = zero_init]
                  00003908    00000008     (.cinit..data.load) [load image, compression = lzss]
                  00003910    00000008     (.cinit..vtable.load) [load image, compression = zero_init]
                  00003918    00000018     (__TI_cinit_table)

.init_array 
*          0    00000000    00000000     UNINITIALIZED

.vtable    0    20000000    0000026c     UNINITIALIZED
                  20000000    0000026c     driverlib.lib : interrupt.obj (.vtable)

.stack     0    20000270    00000800     UNINITIALIZED
                  20000270    00000004     rtsv7M4_T_le_v4SPD16_eabi.lib : boot_cortex_m.c.obj (.stack)
                  20000274    000007fc     --HOLE--

.sysmem    0    20000a70    00000400     UNINITIALIZED
                  20000a70    00000008     rtsv7M4_T_le_v4SPD16_eabi.lib : memory.c.obj (.sysmem)
                  20000a78    000003f8     --HOLE--

.bss       0    20000e70    00000069     UNINITIALIZED
                  20000e70    00000054     lcd.obj (.bss:lastbuffer$3)
                  20000ec4    00000014     (.common:in)
                  20000ed8    00000001     (.common:_prevButton)

.data      0    20000edc    00000025     UNINITIALIZED
                  20000edc    00000018     ultrasonic.obj (.data)
                  20000ef4    00000008     uart.obj (.data)
                  20000efc    00000004     rtsv7M4_T_le_v4SPD16_eabi.lib : errno.c.obj (.data)
                  20000f00    00000001     button.obj (.data)

MODULE SUMMARY

       Module                         code    ro data   rw data
       ------                         ----    -------   -------
    .\
       lcd.obj                        764     8         84     
       uart.obj                       816     0         28     
       tm4c1236h6pm_startup_ccs.obj   12      620       0      
       ultrasonic.obj                 584     0         24     
       Timer.obj                      344     0         0      
       button.obj                     260     0         2      
       main.obj                       48      0         0      
    +--+------------------------------+-------+---------+---------+
       Total:                         2828    628       138    
                                                               
    C:/ti/TivaWare_C_Series-2.1.4.178/driverlib/ccs/Debug/driverlib.lib
       interrupt.obj                  68      0         620    
       cpu.obj                        12      0         0      
    +--+------------------------------+-------+---------+---------+
       Total:                         80      0         620    
                                                               
    C:\ti\ccsv8\tools\compiler\ti-cgt-arm_18.1.2.LTS\lib\rtsv7M4_T_le_v4SPD16_eabi.lib
       _printfi.c.obj                 4863    0         0      
       e_pow.c.obj                    2496    48        0      
       fd_add_t2.asm.obj              438     0         0      
       e_sqrt.c.obj                   344     0         0      
       fd_div_t2.asm.obj              310     0         0      
       s_scalbn.c.obj                 272     0         0      
       fd_cmp_t2.asm.obj              268     0         0      
       ctype.c.obj                    0       257       0      
       fd_mul_t2.asm.obj              252     0         0      
       memcpy_t2.asm.obj              156     0         0      
       ull_div_t2.asm.obj             150     0         0      
       vsnprintf.c.obj                136     0         0      
       memset_t2.asm.obj              122     0         0      
       copy_decompress_lzss.c.obj     104     0         0      
       s_frexp.c.obj                  100     0         0      
       ltoa.c.obj                     84      0         0      
       atoi.c.obj                     76      0         0      
       fd_toi_t2.asm.obj              72      0         0      
       autoinit.c.obj                 68      0         0      
       fd_tou_t2.asm.obj              68      0         0      
       boot_cortex_m.c.obj            56      0         0      
       i_tofd_t2.asm.obj              46      0         0      
       u_tofd_t2.asm.obj              32      0         0      
       memccpy.c.obj                  28      0         0      
       strcmp.c.obj                   24      0         0      
       strchr.c.obj                   22      0         0      
       s_copysign.c.obj               20      0         0      
       strcpy.c.obj                   20      0         0      
       strlen.c.obj                   20      0         0      
       copy_zero_init.c.obj           18      0         0      
       wcslen.c.obj                   18      0         0      
       copy_decompress_none.c.obj     14      0         0      
       errno.c.obj                    8       0         4      
       exit.c.obj                     4       0         0      
       pre_init.c.obj                 4       0         0      
       div0.asm.obj                   2       0         0      
    +--+------------------------------+-------+---------+---------+
       Total:                         10715   305       4      
                                                               
       Heap:                          0       0         1024   
       Stack:                         0       0         2048   
       Linker Generated:              0       60        0      
    +--+------------------------------+-------+---------+---------+
       Grand Total:                   13623   993       3834   


LINKER GENERATED COPY TABLES

__TI_cinit_table @ 00003918 records: 3, size/record: 8, table size: 24
	.bss: load addr=00003900, load size=00000008 bytes, run addr=20000e70, run size=00000069 bytes, compression=zero_init
	.data: load addr=00003908, load size=00000008 bytes, run addr=20000edc, run size=00000025 bytes, compression=lzss
	.vtable: load addr=00003910, load size=00000008 bytes, run addr=20000000, run size=0000026c bytes, compression=zero_init


LINKER GENERATED HANDLER TABLE

__TI_handler_table @ 000038f0 records: 3, size/record: 4, table size: 12
	index: 0, handler: __TI_zero_init
	index: 1, handler: __TI_decompress_lzss
	index: 2, handler: __TI_decompress_none


GLOBAL SYMBOLS: SORTED ALPHABETICALLY BY Name 

address   name                          
-------   ----                          
000018d3  ADC0SS0_Handler               
000037a9  C$$EXIT                       
00003783  CPUcpsie                      
00003755  IntMasterEnable               
000035b1  IntRegister                   
0000378f  ResetISR                      
000020a9  TIMER3B_Handler               
000018fb  UART1_Handler                 
20000a70  __STACK_END                   
00000800  __STACK_SIZE                  
20000470  __STACK_TOP                   
00000400  __SYSMEM_SIZE                 
00003918  __TI_CINIT_Base               
00003930  __TI_CINIT_Limit              
000038f0  __TI_Handler_Table_Base       
000038fc  __TI_Handler_Table_Limit      
00003471  __TI_auto_init_nobinit_nopinit
00003215  __TI_decompress_lzss          
00003775  __TI_decompress_none          
ffffffff  __TI_pprof_out_hndl           
0000026d  __TI_printfi                  
ffffffff  __TI_prof_data_size           
ffffffff  __TI_prof_data_start          
00000000  __TI_static_base__            
00003731  __TI_zero_init_nomemset       
00003021  __aeabi_cdcmpeq               
00003021  __aeabi_cdcmple               
000030a7  __aeabi_cdrcmple              
00003429  __aeabi_d2iz                  
000034b5  __aeabi_d2uiz                 
0000233b  __aeabi_dadd                  
000028d5  __aeabi_ddiv                  
00002d41  __aeabi_dmul                  
00002331  __aeabi_dsub                  
0000379d  __aeabi_errno_addr            
00003645  __aeabi_i2d                   
00000ccb  __aeabi_idiv0                 
00000ccb  __aeabi_ldiv0                 
0000312d  __aeabi_memclr                
0000312d  __aeabi_memclr4               
0000312d  __aeabi_memclr8               
00002eef  __aeabi_memcpy                
00002eef  __aeabi_memcpy4               
00002eef  __aeabi_memcpy8               
0000312f  __aeabi_memset                
0000312f  __aeabi_memset4               
0000312f  __aeabi_memset8               
00003673  __aeabi_ui2d                  
00002f8b  __aeabi_uldivmod              
ffffffff  __binit__                     
ffffffff  __c_args__                    
UNDEFED   __mpu_init                    
20000270  __stack                       
00003579  _c_int00_noargs               
000037b0  _ctypes_                      
20000ed8  _prevButton                   
20000a70  _sys_memory                   
UNDEFED   _system_post_cinit            
000037a5  _system_pre_init              
000037a9  abort                         
000033dd  atoi                          
ffffffff  binit                         
00002c69  button_checkButtons           
00002c73  button_getButton              
00002cd5  button_getButtonBlocking      
00002ce9  button_getButtonChange        
00002d13  button_getButtonChangeBlocking
00002c3d  button_init                   
000036f5  copysign                      
000036f5  copysignl                     
20000ee0  current_time                  
20000ef8  data                          
20000efc  errno                         
20000ee8  flag2                         
0000327d  frexp                         
0000327d  frexpl                        
20000000  g_pfnRAMVectors               
00000000  g_pfnVectors                  
000018af  get_dist                      
20000ec4  in                            
20000ef4  index                         
20000edc  last_time                     
00003765  lcd_clear                     
00001b55  lcd_gotoLine                  
000019bd  lcd_init                      
00001bbb  lcd_printf                    
00001a7d  lcd_putc                      
00001ab5  lcd_puts                      
00001ad3  lcd_sendCommand               
00001b11  lcd_sendNibble                
00001b7d  lcd_setCursorPos              
00002b2d  ldexp                         
00002b2d  ldexpl                        
00003337  ltoa                          
00003615  main                          
00003693  memccpy                       
00002eef  memcpy                        
00003135  memset                        
20000ef0  overflow                      
00002017  ping_read                     
00000ccd  pow                           
00000ccd  powl                          
00002b2d  scalbn                        
00002b2d  scalbnl                       
00001fcb  send_pulse                    
00002641  sqrt                          
00002641  sqrtl                         
000036df  strchr                        
000036c7  strcmp                        
00003709  strcpy                        
0000371d  strlen                        
00002085  time2dist                     
20000eec  time_diff                     
000025f9  timer_getClock                
000025ad  timer_startClock              
00002547  timer_startTimer              
000025ff  timer_stopClock               
00002597  timer_stopTimer               
0000251d  timer_waitMicros              
000024e9  timer_waitMillis              
0000168d  uart_init                     
0000185f  uart_receive                  
000017ab  uart_sendChar                 
00001889  uart_sendStr                  
00001f19  ultrasonic_init               
20000ee4  update_flag                   
000034f9  vsnprintf                     
00003743  wcslen                        


GLOBAL SYMBOLS: SORTED BY Symbol Address 

address   name                          
-------   ----                          
00000000  __TI_static_base__            
00000000  g_pfnVectors                  
0000026d  __TI_printfi                  
00000400  __SYSMEM_SIZE                 
00000800  __STACK_SIZE                  
00000ccb  __aeabi_idiv0                 
00000ccb  __aeabi_ldiv0                 
00000ccd  pow                           
00000ccd  powl                          
0000168d  uart_init                     
000017ab  uart_sendChar                 
0000185f  uart_receive                  
00001889  uart_sendStr                  
000018af  get_dist                      
000018d3  ADC0SS0_Handler               
000018fb  UART1_Handler                 
000019bd  lcd_init                      
00001a7d  lcd_putc                      
00001ab5  lcd_puts                      
00001ad3  lcd_sendCommand               
00001b11  lcd_sendNibble                
00001b55  lcd_gotoLine                  
00001b7d  lcd_setCursorPos              
00001bbb  lcd_printf                    
00001f19  ultrasonic_init               
00001fcb  send_pulse                    
00002017  ping_read                     
00002085  time2dist                     
000020a9  TIMER3B_Handler               
00002331  __aeabi_dsub                  
0000233b  __aeabi_dadd                  
000024e9  timer_waitMillis              
0000251d  timer_waitMicros              
00002547  timer_startTimer              
00002597  timer_stopTimer               
000025ad  timer_startClock              
000025f9  timer_getClock                
000025ff  timer_stopClock               
00002641  sqrt                          
00002641  sqrtl                         
000028d5  __aeabi_ddiv                  
00002b2d  ldexp                         
00002b2d  ldexpl                        
00002b2d  scalbn                        
00002b2d  scalbnl                       
00002c3d  button_init                   
00002c69  button_checkButtons           
00002c73  button_getButton              
00002cd5  button_getButtonBlocking      
00002ce9  button_getButtonChange        
00002d13  button_getButtonChangeBlocking
00002d41  __aeabi_dmul                  
00002eef  __aeabi_memcpy                
00002eef  __aeabi_memcpy4               
00002eef  __aeabi_memcpy8               
00002eef  memcpy                        
00002f8b  __aeabi_uldivmod              
00003021  __aeabi_cdcmpeq               
00003021  __aeabi_cdcmple               
000030a7  __aeabi_cdrcmple              
0000312d  __aeabi_memclr                
0000312d  __aeabi_memclr4               
0000312d  __aeabi_memclr8               
0000312f  __aeabi_memset                
0000312f  __aeabi_memset4               
0000312f  __aeabi_memset8               
00003135  memset                        
00003215  __TI_decompress_lzss          
0000327d  frexp                         
0000327d  frexpl                        
00003337  ltoa                          
000033dd  atoi                          
00003429  __aeabi_d2iz                  
00003471  __TI_auto_init_nobinit_nopinit
000034b5  __aeabi_d2uiz                 
000034f9  vsnprintf                     
00003579  _c_int00_noargs               
000035b1  IntRegister                   
00003615  main                          
00003645  __aeabi_i2d                   
00003673  __aeabi_ui2d                  
00003693  memccpy                       
000036c7  strcmp                        
000036df  strchr                        
000036f5  copysign                      
000036f5  copysignl                     
00003709  strcpy                        
0000371d  strlen                        
00003731  __TI_zero_init_nomemset       
00003743  wcslen                        
00003755  IntMasterEnable               
00003765  lcd_clear                     
00003775  __TI_decompress_none          
00003783  CPUcpsie                      
0000378f  ResetISR                      
0000379d  __aeabi_errno_addr            
000037a5  _system_pre_init              
000037a9  C$$EXIT                       
000037a9  abort                         
000037b0  _ctypes_                      
000038f0  __TI_Handler_Table_Base       
000038fc  __TI_Handler_Table_Limit      
00003918  __TI_CINIT_Base               
00003930  __TI_CINIT_Limit              
20000000  g_pfnRAMVectors               
20000270  __stack                       
20000470  __STACK_TOP                   
20000a70  __STACK_END                   
20000a70  _sys_memory                   
20000ec4  in                            
20000ed8  _prevButton                   
20000edc  last_time                     
20000ee0  current_time                  
20000ee4  update_flag                   
20000ee8  flag2                         
20000eec  time_diff                     
20000ef0  overflow                      
20000ef4  index                         
20000ef8  data                          
20000efc  errno                         
ffffffff  __TI_pprof_out_hndl           
ffffffff  __TI_prof_data_size           
ffffffff  __TI_prof_data_start          
ffffffff  __binit__                     
ffffffff  __c_args__                    
ffffffff  binit                         
UNDEFED   __mpu_init                    
UNDEFED   _system_post_cinit            

[128 symbols]
